#
# A fatal error has been detected by the Java Runtime Environment:
#
#  SIGSEGV (0xb) at pc=0x00007f7e873aeda4, pid=9777, tid=9779
#
# JRE version: OpenJDK Runtime Environment JBR-25.0.2+10-329.117-jcef (25.0.2+10) (build 25.0.2+10-b329.117)
# Java VM: OpenJDK 64-Bit Server VM JBR-25.0.2+10-329.117-jcef (25.0.2+10-b329.117, mixed mode, sharing, tiered, compressed oops, compressed class ptrs, g1 gc, linux-amd64)
# Problematic frame:
# C  [libLLVM.so.21.1+0xbaeda4]  llvm::BasicBlock::getDataLayout() const+0x4
#
# Core dump will be written. Default location: Core dumps may be processed with "/usr/lib/systemd/systemd-coredump %P %u %g %s %t %c %h %d %F" (or dumping to /home/sharonblancopiedra/Documents/VII SEMESTRE/COMPILADORES/SEMANA 12/AlphaCompilerLLVM/core.9777)
#
# If you would like to submit a bug report, please visit:
#   https://youtrack.jetbrains.com/issues/JBR
# The crash happened outside the Java Virtual Machine in native code.
# See problematic frame for where to report the bug.
#

---------------  S U M M A R Y ------------

Command Line: -javaagent:/app/lib/idea_rt.jar=36789 -Dfile.encoding=UTF-8 -Dsun.stdout.encoding=UTF-8 -Dsun.stderr.encoding=UTF-8 -Dawt.toolkit.name=XToolkit Main

Host: 12th Gen Intel(R) Core(TM) i7-12700H, 20 cores, 15G, Freedesktop SDK 25.08 (Flatpak runtime)
Time: Thu May 21 10:38:36 2026 CST elapsed time: 0.201460 seconds (0d 0h 0m 0s)

---------------  T H R E A D  ---------------

Current thread (0x00007f7f0802c680):  JavaThread "main"             [_thread_in_native, id=9779, stack(0x00007f7f0ee01000,0x00007f7f0ef01000) (1024K)]

Stack: [0x00007f7f0ee01000,0x00007f7f0ef01000],  sp=0x00007f7f0eefef98,  free space=1015k
Native frames: (J=compiled Java code, j=interpreted, Vv=VM code, C=native code)
C  [libLLVM.so.21.1+0xbaeda4]  llvm::BasicBlock::getDataLayout() const+0x4
Java frames: (J=compiled Java code, j=interpreted, Vv=VM code)
j  org.bytedeco.llvm.global.LLVM.LLVMBuildAlloca(Lorg/bytedeco/llvm/LLVM/LLVMBuilderRef;Lorg/bytedeco/llvm/LLVM/LLVMTypeRef;Ljava/lang/String;)Lorg/bytedeco/llvm/LLVM/LLVMValueRef;+0
j  encoder.AlphaCompilerEncoder.visitVarSingleDeclaration(Lsyntaxchecker/generated/AlphaCompilerParser$VarSingleDeclarationContext;)Ljava/lang/Object;+26
j  syntaxchecker.generated.AlphaCompilerParser$VarSingleDeclarationContext.accept(Lorg/antlr/v4/runtime/tree/ParseTreeVisitor;)Ljava/lang/Object;+12
j  org.antlr.v4.runtime.tree.AbstractParseTreeVisitor.visit(Lorg/antlr/v4/runtime/tree/ParseTree;)Ljava/lang/Object;+2
j  encoder.AlphaCompilerEncoder.visitVarSingleDeclaration2(Lsyntaxchecker/generated/AlphaCompilerParser$VarSingleDeclaration2Context;)Ljava/lang/Object;+5
j  syntaxchecker.generated.AlphaCompilerParser$VarSingleDeclaration2Context.accept(Lorg/antlr/v4/runtime/tree/ParseTreeVisitor;)Ljava/lang/Object;+12
j  org.antlr.v4.runtime.tree.AbstractParseTreeVisitor.visitChildren(Lorg/antlr/v4/runtime/tree/RuleNode;)Ljava/lang/Object;+46
j  syntaxchecker.generated.AlphaCompilerBaseVisitor.visitDeclaration(Lsyntaxchecker/generated/AlphaCompilerParser$DeclarationContext;)Ljava/lang/Object;+2
j  encoder.AlphaCompilerEncoder.visitDeclaration(Lsyntaxchecker/generated/AlphaCompilerParser$DeclarationContext;)Ljava/lang/Object;+2
j  syntaxchecker.generated.AlphaCompilerParser$DeclarationContext.accept(Lorg/antlr/v4/runtime/tree/ParseTreeVisitor;)Ljava/lang/Object;+12
j  org.antlr.v4.runtime.tree.AbstractParseTreeVisitor.visit(Lorg/antlr/v4/runtime/tree/ParseTree;)Ljava/lang/Object;+2
j  encoder.AlphaCompilerEncoder.visitLetSingleCommand(Lsyntaxchecker/generated/AlphaCompilerParser$LetSingleCommandContext;)Ljava/lang/Object;+5
j  syntaxchecker.generated.AlphaCompilerParser$LetSingleCommandContext.accept(Lorg/antlr/v4/runtime/tree/ParseTreeVisitor;)Ljava/lang/Object;+12
j  org.antlr.v4.runtime.tree.AbstractParseTreeVisitor.visitChildren(Lorg/antlr/v4/runtime/tree/RuleNode;)Ljava/lang/Object;+46
j  syntaxchecker.generated.AlphaCompilerBaseVisitor.visitProgram(Lsyntaxchecker/generated/AlphaCompilerParser$ProgramContext;)Ljava/lang/Object;+2
j  encoder.AlphaCompilerEncoder.visitProgram(Lsyntaxchecker/generated/AlphaCompilerParser$ProgramContext;)Ljava/lang/Object;+26
j  syntaxchecker.generated.AlphaCompilerParser$ProgramContext.accept(Lorg/antlr/v4/runtime/tree/ParseTreeVisitor;)Ljava/lang/Object;+12
j  org.antlr.v4.runtime.tree.AbstractParseTreeVisitor.visit(Lorg/antlr/v4/runtime/tree/ParseTree;)Ljava/lang/Object;+2
j  Main.main([Ljava/lang/String;)V+184
v  ~StubRoutines::call_stub 0x00007f7efbe5ffa6

siginfo: si_signo: 11 (SIGSEGV), si_code: 1 (SEGV_MAPERR), si_addr: 0x0000000000000048

Registers:
RAX=0x0000000000000000, RBX=0x00007f7ec0522d30, RCX=0x00007f7f0802c678, RDX=0x00007f7f084aa490
RSP=0x00007f7f0eefef98, RBP=0x00007f7f084a7ef0, RSI=0x0000000000000101, RDI=0x0000000000000000
R8 =0x000000071a602c00, R9 =0x0000000000000002, R10=0x0000000000000000, R11=0x00007f7e8740fc00
R12=0x0000000000000000, R13=0x00007f7f084a0bd0, R14=0x00007f7f084aa490, R15=0x00007f7f0802c680
RIP=0x00007f7e873aeda4, EFLAGS=0x0000000000010206, CSGSFS=0x002b000000000033, ERR=0x0000000000000004
  TRAPNO=0x000000000000000e

XMM[0]=0x00007f7f0802e060 0x00007f7f0802dc88
XMM[1]=0x00007f7f0802dc70 0x00007f7f0802dc30
XMM[2]=0x0000000000000000 0x00007f7f0802c680
XMM[3]=0x0000000000000000 0x00007f7f0eefedf9
XMM[4]=0x47b2c94b52022b20 0x00000007f7f084ad
XMM[5]=0x0000000000000000 0x0000000000000000
XMM[6]=0x0202020202020202 0x0202020202020202
XMM[7]=0x0101010101010101 0x0101010101010101
XMM[8]=0x0000000000000001 0x0000000000000001
XMM[9]=0x0000000000000003 0x0000000000000003
XMM[10]=0x0000000000000001 0x0000000000000001
XMM[11]=0x88d438e688d438e6 0x88d438e61a492229
XMM[12]=0x0000000000000000 0x000000009174e943
XMM[13]=0x0000000000000000 0x0000000000fe00fa
XMM[14]=0x0000000000000000 0x0000000000000000
XMM[15]=0x0000000000000000 0x0000000000000000
  MXCSR=0x00001fa2


Register to memory mapping:

RAX=0x0 is null
RBX={method} {0x00007f7ec0522d30} 'LLVMBuildAlloca' '(Lorg/bytedeco/llvm/LLVM/LLVMBuilderRef;Lorg/bytedeco/llvm/LLVM/LLVMTypeRef;Ljava/lang/String;)Lorg/bytedeco/llvm/LLVM/LLVMValueRef;' in 'org/bytedeco/llvm/global/LLVM'
RCX=0x00007f7f0802c678 points into unknown readable memory: 0x00000000000008b5 | b5 08 00 00 00 00 00 00
RDX=0x00007f7f084aa490 points into unknown readable memory: 0x00007f78ffba0078 | 78 00 ba ff 78 7f 00 00
RSP=0x00007f7f0eefef98 is pointing into the stack for thread: 0x00007f7f0802c680
RBP=0x00007f7f084a7ef0 points into unknown readable memory: 0x00007f7e8feb8020 | 20 80 eb 8f 7e 7f 00 00
RSI=0x0000000000000101 is an unknown value
RDI=0x0 is null
R8 =
[error occurred during error reporting (printing register info), id 0xb, SIGSEGV (0xb) at pc=0x00007f7f0f8aa9d0]
R9 =0x0000000000000002 is an unknown value
R10=0x0 is null
R11=0x00007f7e8740fc00: LLVMBuildAlloca+0x0000000000000000 in /home/sharonblancopiedra/.javacpp/cache/llvm-21.1.8-1.5.13-linux-x86_64.jar/org/bytedeco/llvm/linux-x86_64/libLLVM.so.21.1 at 0x00007f7e86800000
R12=0x0 is null
R13=0x00007f7f084a0bd0 points into unknown readable memory: 0x00007f7f084a0be0 | e0 0b 4a 08 7f 7f 00 00
R14=0x00007f7f084aa490 points into unknown readable memory: 0x00007f78ffba0078 | 78 00 ba ff 78 7f 00 00
R15=0x00007f7f0802c680 is a thread

Top of Stack: (sp=0x00007f7f0eefef98)
0x00007f7f0eefef98:   00007f7e8740fc49 00007f7f084aa490   I.@.~.....J.....
0x00007f7f0eefefa8:   0000000000000000 00007f7f0802c680   ................
0x00007f7f0eefefb8:   0000000000000000 0000000000000103   ................
0x00007f7f0eefefc8:   0000000000000000 0000000000000000   ................
0x00007f7f0eefefd8:   0000000000000001 00007f7f084aa490   ..........J.....
0x00007f7f0eefefe8:   00007f7f08143c40 00007f7f0eeff0f8   @<..............
0x00007f7f0eefeff8:   d797f1033d162200 00007f7f0802cb20   .".=.... .......
0x00007f7f0eeff008:   00007f7ec0522d30 00007f7f0802cb20   0-R.~... .......
0x00007f7f0eeff018:   0000000000000000 00007f7f084a7ef0   .........~J.....
0x00007f7f0eeff028:   00007f7f084aa490 00007f7f0802c680   ..J.............
0x00007f7f0eeff038:   00007f7ee0f89064 0000000000000000   d...~...........
0x00007f7f0eeff048:   00007f7f0eeff0d8 0000000000000000   ................
0x00007f7f0eeff058:   00007f7ec0522d30 00007f7f0eeff108   0-R.~...........
0x00007f7f0eeff068:   00007f7efbe6bf85 00007f7f0eeff0d8   ....~...........
0x00007f7f0eeff078:   00007f7efbe6bc83 0000000000000000   ....~...........
0x00007f7f0eeff088:   00007f7efbe6bc4b fffffffffffffff7   K...~...........
0x00007f7f0eeff098:   00007f7ec0522d30 0000000000000006   0-R.~...........
0x00007f7f0eeff0a8:   00007f7ec05611f0 0000000000000000   ..V.~...........
0x00007f7f0eeff0b8:   000000071aaf3410 00007f7ec0522d30   .4......0-R.~...
0x00007f7f0eeff0c8:   0000000000000000 00007f7f0eeff0f8   ................
0x00007f7f0eeff0d8:   00007f7f0eeff158 00007f7efbe675d2   X........u..~...
0x00007f7f0eeff0e8:   000000071aaf3410 00007f7efbe6943a   .4......:...~...
0x00007f7f0eeff0f8:   000000071a6029c0 000000071a602090   .)`...... `.....
0x00007f7f0eeff108:   000000071a6028a8 fffffffffffffff7   .(`.............
0x00007f7f0eeff118:   00007f7ec04e32e2 0000000000000005   .2N.~...........
0x00007f7f0eeff128:   00007f7ec04ead40 0000000000000000   @.N.~...........
0x00007f7f0eeff138:   000000071aa4d518 00007f7ec04e3328   ........(3N.~...
0x00007f7f0eeff148:   fffffffffffffff4 00007f7f0eeff178   ........x.......
0x00007f7f0eeff158:   00007f7f0eeff1d0 00007f7efbe67ad0   .........z..~...
0x00007f7f0eeff168:   0000000000000000 000000071a602090   ......... `.....
0x00007f7f0eeff178:   000000071ac86298 000000071aa63210   .b.......2......
0x00007f7f0eeff188:   fffffffffffffff7 00007f7ec049342c   ........,4I.~...

Instructions: (pc=0x00007f7e873aeda4)
  0x00007f7e873aeca4:   48 89 02 48 89 50 08 0f 11 43 18 5b c3 66 2e 0f
  0x00007f7e873aecb4:   1f 84 00 00 00 00 00 0f 1f 44 00 00 f3 0f 1e fa
  0x00007f7e873aecc4:   41 54 55 48 89 fd 48 89 ee 48 83 ec 08 48 8b 47
  0x00007f7e873aecd4:   48 4c 8b 67 20 48 8d 78 48 e8 6e 3e 10 00 48 8b
  0x00007f7e873aece4:   45 18 48 8b 55 20 48 89 ef 66 0f ef c0 48 89 02
  0x00007f7e873aecf4:   48 89 50 08 0f 11 45 18 e8 1f fc ff ff 48 89 ef
  0x00007f7e873aed04:   be 50 00 00 00 e8 12 e9 c5 ff 48 83 c4 08 4c 89
  0x00007f7e873aed14:   e0 5d 41 5c c3 0f 1f 80 00 00 00 00 f3 0f 1e fa
  0x00007f7e873aed24:   48 8d 4f 18 4c 8b 4f 48 4c 8b 47 20 48 39 f1 74
  0x00007f7e873aed34:   13 49 39 f0 74 0e 4c 89 ca 4c 89 cf e9 3b 5d 10
  0x00007f7e873aed44:   00 0f 1f 00 c3 0f 1f 80 00 00 00 00 f3 0f 1e fa
  0x00007f7e873aed54:   4c 8b 4e 48 48 8b 76 20 48 8d 4f 18 48 8b 57 48
  0x00007f7e873aed64:   4c 8b 47 20 48 39 f1 74 13 4c 39 c6 74 0e 4c 89
  0x00007f7e873aed74:   cf e9 06 5d 10 00 66 0f 1f 44 00 00 c3 66 2e 0f
  0x00007f7e873aed84:   1f 84 00 00 00 00 00 0f 1f 44 00 00 f3 0f 1e fa
  0x00007f7e873aed94:   48 8b 47 48 48 8b 40 28 c3 0f 1f 00 f3 0f 1e fa
=>0x00007f7e873aeda4:   48 8b 47 48 48 8b 40 28 48 05 38 01 00 00 c3 66
  0x00007f7e873aedb4:   2e 0f 1f 84 00 00 00 00 00 0f 1f 00 f3 0f 1e fa
  0x00007f7e873aedc4:   48 8b 47 30 48 8d 57 30 48 39 d0 0f 84 9b 00 00
  0x00007f7e873aedd4:   00 48 85 c0 0f 84 5e 05 c6 ff 80 78 e8 1e 0f 85
  0x00007f7e873aede4:   88 00 00 00 48 8b 57 38 48 8d 48 e8 48 85 d2 74
  0x00007f7e873aedf4:   09 48 83 ea 18 48 39 d1 74 72 48 8b 50 10 48 39
  0x00007f7e873aee04:   42 38 74 68 48 8b 08 48 85 c9 74 60 8b 50 ec 4c
  0x00007f7e873aee14:   8d 41 e8 81 e2 ff ff ff 07 74 3d 89 d2 48 f7 da
  0x00007f7e873aee24:   48 c1 e2 05 48 8b 44 10 e8 48 85 c0 74 2a 4c 39
  0x00007f7e873aee34:   c0 75 39 80 79 e8 4e 75 1f 48 8b 41 10 48 8b 51
  0x00007f7e873aee44:   c8 48 39 48 38 74 25 4c 8b 01 4d 85 c0 74 1d 49
  0x00007f7e873aee54:   83 e8 18 4c 39 c2 75 14 41 80 38 55 75 0e 41 0f
  0x00007f7e873aee64:   b7 40 02 83 e0 03 66 83 f8 02 74 03 45 31 c0 4c
  0x00007f7e873aee74:   89 c0 c3 66 0f 1f 84 00 00 00 00 00 f3 0f 1e fa
  0x00007f7e873aee84:   48 8b 47 30 48 8d 57 30 48 39 d0 74 4d 48 85 c0
  0x00007f7e873aee94:   0f 84 ac 04 c6 ff 80 78 e8 1e 75 3e 48 8b 57 38


Stack slot to memory mapping:

stack at sp + 0 slots: 0x00007f7e8740fc49: LLVMBuildAlloca+0x0000000000000049 in /home/sharonblancopiedra/.javacpp/cache/llvm-21.1.8-1.5.13-linux-x86_64.jar/org/bytedeco/llvm/linux-x86_64/libLLVM.so.21.1 at 0x00007f7e86800000
stack at sp + 1 slots: 0x00007f7f084aa490 points into unknown readable memory: 0x00007f78ffba0078 | 78 00 ba ff 78 7f 00 00
stack at sp + 2 slots: 0x0 is null
stack at sp + 3 slots: 0x00007f7f0802c680 is a thread
stack at sp + 4 slots: 0x0 is null
stack at sp + 5 slots: 0x0000000000000103 is an unknown value
stack at sp + 6 slots: 0x0 is null
stack at sp + 7 slots: 0x0 is null

Lock stack of current Java thread (top to bottom):


---------------  P R O C E S S  ---------------

Threads class SMR info:
_java_thread_list=0x00007f7f0848c840, length=17, elements={
0x00007f7f0802c680, 0x00007f7f0814e1a0, 0x00007f7f081517a0, 0x00007f7f081529a0,
0x00007f7f08154c10, 0x00007f7f08156540, 0x00007f7f08157dc0, 0x00007f7f08159c40,
0x00007f7f0815b630, 0x00007f7ea8065fa0, 0x00007f7ea80678d0, 0x00007f7eac0016e0,
0x00007f7ea8091100, 0x00007f7e98004770, 0x00007f7f0828e200, 0x00007f7f08290120,
0x00007f7f0848b660
}

Java Threads: ( => current thread )
=>0x00007f7f0802c680 JavaThread "main"                              [_thread_in_native, id=9779, stack(0x00007f7f0ee01000,0x00007f7f0ef01000) (1024K)]
  0x00007f7f0814e1a0 JavaThread "Common-Cleaner"             daemon [_thread_blocked, id=9802, stack(0x00007f7ef0205000,0x00007f7ef0306000) (1028K)]
  0x00007f7f081517a0 JavaThread "Reference Handler"          daemon [_thread_blocked, id=9804, stack(0x00007f7ef0508000,0x00007f7ef0609000) (1028K)]
  0x00007f7f081529a0 JavaThread "Finalizer"                  daemon [_thread_blocked, id=9806, stack(0x00007f7ee1f00000,0x00007f7ee2000000) (1024K)]
  0x00007f7f08154c10 JavaThread "Signal Dispatcher"          daemon [_thread_blocked, id=9807, stack(0x00007f7ee1b00000,0x00007f7ee1c00000) (1024K)]
  0x00007f7f08156540 JavaThread "Service Thread"             daemon [_thread_blocked, id=9809, stack(0x00007f7ee1a00000,0x00007f7ee1b00000) (1024K)]
  0x00007f7f08157dc0 JavaThread "Monitor Deflation Thread"   daemon [_thread_blocked, id=9810, stack(0x00007f7ee1900000,0x00007f7ee1a00000) (1024K)]
  0x00007f7f08159c40 JavaThread "C2 CompilerThread0"         daemon [_thread_blocked, id=9811, stack(0x00007f7ee1800000,0x00007f7ee1900000) (1024K)]
  0x00007f7f0815b630 JavaThread "C1 CompilerThread0"         daemon [_thread_blocked, id=9812, stack(0x00007f7ee1700000,0x00007f7ee1800000) (1024K)]
  0x00007f7ea8065fa0 JavaThread "C1 CompilerThread1"         daemon [_thread_blocked, id=9819, stack(0x00007f7ee1600000,0x00007f7ee1700000) (1024K)]
  0x00007f7ea80678d0 JavaThread "C1 CompilerThread2"         daemon [_thread_blocked, id=9821, stack(0x00007f7ee1500000,0x00007f7ee1600000) (1024K)]
  0x00007f7eac0016e0 JavaThread "C1 CompilerThread3"         daemon [_thread_blocked, id=9822, stack(0x00007f7ee1400000,0x00007f7ee1500000) (1024K)]
  0x00007f7ea8091100 JavaThread "C2 CompilerThread1"         daemon [_thread_blocked, id=9825, stack(0x00007f7ee1300000,0x00007f7ee1400000) (1024K)]
  0x00007f7e98004770 JavaThread "C2 CompilerThread2"         daemon [_thread_blocked, id=9826, stack(0x00007f7ee1200000,0x00007f7ee1300000) (1024K)]
  0x00007f7f0828e200 JavaThread "Monitor Ctrl-Break"         daemon [_thread_in_native, id=9827, stack(0x00007f7ee1100000,0x00007f7ee1200000) (1024K)]
  0x00007f7f08290120 JavaThread "Notification Thread"        daemon [_thread_blocked, id=9828, stack(0x00007f7ee1000000,0x00007f7ee1100000) (1024K)]
  0x00007f7f0848b660 JavaThread "JavaCPP Deallocator"        daemon [_thread_blocked, id=9831, stack(0x00007f7ee0b00000,0x00007f7ee0c00000) (1024K)]
Total: 17

Other Threads:
  0x00007f7f08142520 VMThread "VM Thread"                           [id=9801, stack(0x00007f7ef0408000,0x00007f7ef0508000) (1024K)]
  0x00007f7f081316f0 WatcherThread "VM Periodic Task Thread"        [id=9799, stack(0x00007f7ef0307000,0x00007f7ef0407000) (1024K)]
  0x00007f7f08095710 WorkerThread "GC Thread#0"                     [id=9783, stack(0x00007f7f0cba8000,0x00007f7f0cca8000) (1024K)]
  0x00007f7f080add80 ConcurrentGCThread "G1 Main Marker"            [id=9785, stack(0x00007f7f0caa7000,0x00007f7f0cba7000) (1024K)]
  0x00007f7f080aef80 WorkerThread "G1 Conc#0"                       [id=9787, stack(0x00007f7f0c9a6000,0x00007f7f0caa6000) (1024K)]
  0x00007f7f081217a0 ConcurrentGCThread "G1 Refine#0"               [id=9792, stack(0x00007f7ef070b000,0x00007f7ef080b000) (1024K)]
  0x00007f7f08122990 ConcurrentGCThread "G1 Service"                [id=9793, stack(0x00007f7ef060a000,0x00007f7ef070a000) (1024K)]
Total: 7

Threads with active compile tasks:
Total: 0

VM state: not at safepoint (normal execution)

VM Mutex/Monitor currently owned by a thread: None

Heap address: 0x000000070c400000, size: 3900 MB, Compressed Oops mode: Zero based, Oop shift amount: 3

CDS archive(s) mapped at: [0x000000005e000000-0x000000005fcdf000-0x000000005fcdf000), size 30273536, SharedBaseAddress: 0x000000005e000000, ArchiveRelocationMode: 1.
Compressed class space mapped at: 0x0000000060000000-0x00000000a0000000, reserved size: 1073741824
UseCompressedClassPointers 1, UseCompactObjectHeaders 0
Narrow klass pointer bits 32, Max shift 3
Narrow klass base: 0x000000005e000000, Narrow klass shift: 0
Encoding Range: [0x000000005e000000 - 0x000000015e000000), (4294967296 bytes)
Klass Range:    [0x000000005e001000 - 0x00000000a0000000), (1107292160 bytes)
Klass ID Range:  [4096 - 1107296249) (1107292153)
Protection zone: [0x000000005e000000 - 0x000000005e001000), (4096 bytes)

GC Precious Log:
 CardTable entry size: 512
 Card Set container configuration: InlinePtr #cards 4 size 8 Array Of Cards #cards 16 size 48 Howl #buckets 8 coarsen threshold 3686 Howl Bitmap #cards 512 size 80 coarsen threshold 460 Card regions per heap region 1 cards per card region 4096
 CPUs: 20 total, 20 available
 Memory: 15594M
 Large Page Support: Disabled
 NUMA Support: Disabled
 Compressed Oops: Enabled (Zero based)
 Heap Region Size: 2M
 Heap Min Capacity: 8M
 Heap Initial Capacity: 244M
 Heap Max Capacity: 3900M
 Pre-touch: Disabled
 Parallel Workers: 15
 Concurrent Workers: 4
 Concurrent Refinement Workers: 15
 Periodic GC: Disabled

Heap:
 garbage-first heap   total reserved 3993600K, committed 253952K, used 16695K [0x000000070c400000, 0x0000000800000000)
  region size 2048K, 9 young (18432K), 0 survivors (0K)

Heap Regions: E=young(eden), S=young(survivor), O=old, HS=humongous(starts), HC=humongous(continues), CS=collection set, F=free, TAMS=top-at-mark-start, PB=parsable bottom
|   0|0x000000070c400000, 0x000000070c400000, 0x000000070c600000|  0%| F|  |TAMS 0x000000070c400000| PB 0x000000070c400000| Untracked |  0
|   1|0x000000070c600000, 0x000000070c600000, 0x000000070c800000|  0%| F|  |TAMS 0x000000070c600000| PB 0x000000070c600000| Untracked |  0
|   2|0x000000070c800000, 0x000000070c800000, 0x000000070ca00000|  0%| F|  |TAMS 0x000000070c800000| PB 0x000000070c800000| Untracked |  0
|   3|0x000000070ca00000, 0x000000070ca00000, 0x000000070cc00000|  0%| F|  |TAMS 0x000000070ca00000| PB 0x000000070ca00000| Untracked |  0
|   4|0x000000070cc00000, 0x000000070cc00000, 0x000000070ce00000|  0%| F|  |TAMS 0x000000070cc00000| PB 0x000000070cc00000| Untracked |  0
|   5|0x000000070ce00000, 0x000000070ce00000, 0x000000070d000000|  0%| F|  |TAMS 0x000000070ce00000| PB 0x000000070ce00000| Untracked |  0
|   6|0x000000070d000000, 0x000000070d000000, 0x000000070d200000|  0%| F|  |TAMS 0x000000070d000000| PB 0x000000070d000000| Untracked |  0
|   7|0x000000070d200000, 0x000000070d200000, 0x000000070d400000|  0%| F|  |TAMS 0x000000070d200000| PB 0x000000070d200000| Untracked |  0
|   8|0x000000070d400000, 0x000000070d400000, 0x000000070d600000|  0%| F|  |TAMS 0x000000070d400000| PB 0x000000070d400000| Untracked |  0
|   9|0x000000070d600000, 0x000000070d600000, 0x000000070d800000|  0%| F|  |TAMS 0x000000070d600000| PB 0x000000070d600000| Untracked |  0
|  10|0x000000070d800000, 0x000000070d800000, 0x000000070da00000|  0%| F|  |TAMS 0x000000070d800000| PB 0x000000070d800000| Untracked |  0
|  11|0x000000070da00000, 0x000000070da00000, 0x000000070dc00000|  0%| F|  |TAMS 0x000000070da00000| PB 0x000000070da00000| Untracked |  0
|  12|0x000000070dc00000, 0x000000070dc00000, 0x000000070de00000|  0%| F|  |TAMS 0x000000070dc00000| PB 0x000000070dc00000| Untracked |  0
|  13|0x000000070de00000, 0x000000070de00000, 0x000000070e000000|  0%| F|  |TAMS 0x000000070de00000| PB 0x000000070de00000| Untracked |  0
|  14|0x000000070e000000, 0x000000070e000000, 0x000000070e200000|  0%| F|  |TAMS 0x000000070e000000| PB 0x000000070e000000| Untracked |  0
|  15|0x000000070e200000, 0x000000070e200000, 0x000000070e400000|  0%| F|  |TAMS 0x000000070e200000| PB 0x000000070e200000| Untracked |  0
|  16|0x000000070e400000, 0x000000070e400000, 0x000000070e600000|  0%| F|  |TAMS 0x000000070e400000| PB 0x000000070e400000| Untracked |  0
|  17|0x000000070e600000, 0x000000070e600000, 0x000000070e800000|  0%| F|  |TAMS 0x000000070e600000| PB 0x000000070e600000| Untracked |  0
|  18|0x000000070e800000, 0x000000070e800000, 0x000000070ea00000|  0%| F|  |TAMS 0x000000070e800000| PB 0x000000070e800000| Untracked |  0
|  19|0x000000070ea00000, 0x000000070ea00000, 0x000000070ec00000|  0%| F|  |TAMS 0x000000070ea00000| PB 0x000000070ea00000| Untracked |  0
|  20|0x000000070ec00000, 0x000000070ec00000, 0x000000070ee00000|  0%| F|  |TAMS 0x000000070ec00000| PB 0x000000070ec00000| Untracked |  0
|  21|0x000000070ee00000, 0x000000070ee00000, 0x000000070f000000|  0%| F|  |TAMS 0x000000070ee00000| PB 0x000000070ee00000| Untracked |  0
|  22|0x000000070f000000, 0x000000070f000000, 0x000000070f200000|  0%| F|  |TAMS 0x000000070f000000| PB 0x000000070f000000| Untracked |  0
|  23|0x000000070f200000, 0x000000070f200000, 0x000000070f400000|  0%| F|  |TAMS 0x000000070f200000| PB 0x000000070f200000| Untracked |  0
|  24|0x000000070f400000, 0x000000070f400000, 0x000000070f600000|  0%| F|  |TAMS 0x000000070f400000| PB 0x000000070f400000| Untracked |  0
|  25|0x000000070f600000, 0x000000070f600000, 0x000000070f800000|  0%| F|  |TAMS 0x000000070f600000| PB 0x000000070f600000| Untracked |  0
|  26|0x000000070f800000, 0x000000070f800000, 0x000000070fa00000|  0%| F|  |TAMS 0x000000070f800000| PB 0x000000070f800000| Untracked |  0
|  27|0x000000070fa00000, 0x000000070fa00000, 0x000000070fc00000|  0%| F|  |TAMS 0x000000070fa00000| PB 0x000000070fa00000| Untracked |  0
|  28|0x000000070fc00000, 0x000000070fc00000, 0x000000070fe00000|  0%| F|  |TAMS 0x000000070fc00000| PB 0x000000070fc00000| Untracked |  0
|  29|0x000000070fe00000, 0x000000070fe00000, 0x0000000710000000|  0%| F|  |TAMS 0x000000070fe00000| PB 0x000000070fe00000| Untracked |  0
|  30|0x0000000710000000, 0x0000000710000000, 0x0000000710200000|  0%| F|  |TAMS 0x0000000710000000| PB 0x0000000710000000| Untracked |  0
|  31|0x0000000710200000, 0x0000000710200000, 0x0000000710400000|  0%| F|  |TAMS 0x0000000710200000| PB 0x0000000710200000| Untracked |  0
|  32|0x0000000710400000, 0x0000000710400000, 0x0000000710600000|  0%| F|  |TAMS 0x0000000710400000| PB 0x0000000710400000| Untracked |  0
|  33|0x0000000710600000, 0x0000000710600000, 0x0000000710800000|  0%| F|  |TAMS 0x0000000710600000| PB 0x0000000710600000| Untracked |  0
|  34|0x0000000710800000, 0x0000000710800000, 0x0000000710a00000|  0%| F|  |TAMS 0x0000000710800000| PB 0x0000000710800000| Untracked |  0
|  35|0x0000000710a00000, 0x0000000710a00000, 0x0000000710c00000|  0%| F|  |TAMS 0x0000000710a00000| PB 0x0000000710a00000| Untracked |  0
|  36|0x0000000710c00000, 0x0000000710c00000, 0x0000000710e00000|  0%| F|  |TAMS 0x0000000710c00000| PB 0x0000000710c00000| Untracked |  0
|  37|0x0000000710e00000, 0x0000000710e00000, 0x0000000711000000|  0%| F|  |TAMS 0x0000000710e00000| PB 0x0000000710e00000| Untracked |  0
|  38|0x0000000711000000, 0x0000000711000000, 0x0000000711200000|  0%| F|  |TAMS 0x0000000711000000| PB 0x0000000711000000| Untracked |  0
|  39|0x0000000711200000, 0x0000000711200000, 0x0000000711400000|  0%| F|  |TAMS 0x0000000711200000| PB 0x0000000711200000| Untracked |  0
|  40|0x0000000711400000, 0x0000000711400000, 0x0000000711600000|  0%| F|  |TAMS 0x0000000711400000| PB 0x0000000711400000| Untracked |  0
|  41|0x0000000711600000, 0x0000000711600000, 0x0000000711800000|  0%| F|  |TAMS 0x0000000711600000| PB 0x0000000711600000| Untracked |  0
|  42|0x0000000711800000, 0x0000000711800000, 0x0000000711a00000|  0%| F|  |TAMS 0x0000000711800000| PB 0x0000000711800000| Untracked |  0
|  43|0x0000000711a00000, 0x0000000711a00000, 0x0000000711c00000|  0%| F|  |TAMS 0x0000000711a00000| PB 0x0000000711a00000| Untracked |  0
|  44|0x0000000711c00000, 0x0000000711c00000, 0x0000000711e00000|  0%| F|  |TAMS 0x0000000711c00000| PB 0x0000000711c00000| Untracked |  0
|  45|0x0000000711e00000, 0x0000000711e00000, 0x0000000712000000|  0%| F|  |TAMS 0x0000000711e00000| PB 0x0000000711e00000| Untracked |  0
|  46|0x0000000712000000, 0x0000000712000000, 0x0000000712200000|  0%| F|  |TAMS 0x0000000712000000| PB 0x0000000712000000| Untracked |  0
|  47|0x0000000712200000, 0x0000000712200000, 0x0000000712400000|  0%| F|  |TAMS 0x0000000712200000| PB 0x0000000712200000| Untracked |  0
|  48|0x0000000712400000, 0x0000000712400000, 0x0000000712600000|  0%| F|  |TAMS 0x0000000712400000| PB 0x0000000712400000| Untracked |  0
|  49|0x0000000712600000, 0x0000000712600000, 0x0000000712800000|  0%| F|  |TAMS 0x0000000712600000| PB 0x0000000712600000| Untracked |  0
|  50|0x0000000712800000, 0x0000000712800000, 0x0000000712a00000|  0%| F|  |TAMS 0x0000000712800000| PB 0x0000000712800000| Untracked |  0
|  51|0x0000000712a00000, 0x0000000712a00000, 0x0000000712c00000|  0%| F|  |TAMS 0x0000000712a00000| PB 0x0000000712a00000| Untracked |  0
|  52|0x0000000712c00000, 0x0000000712c00000, 0x0000000712e00000|  0%| F|  |TAMS 0x0000000712c00000| PB 0x0000000712c00000| Untracked |  0
|  53|0x0000000712e00000, 0x0000000712e00000, 0x0000000713000000|  0%| F|  |TAMS 0x0000000712e00000| PB 0x0000000712e00000| Untracked |  0
|  54|0x0000000713000000, 0x0000000713000000, 0x0000000713200000|  0%| F|  |TAMS 0x0000000713000000| PB 0x0000000713000000| Untracked |  0
|  55|0x0000000713200000, 0x0000000713200000, 0x0000000713400000|  0%| F|  |TAMS 0x0000000713200000| PB 0x0000000713200000| Untracked |  0
|  56|0x0000000713400000, 0x0000000713400000, 0x0000000713600000|  0%| F|  |TAMS 0x0000000713400000| PB 0x0000000713400000| Untracked |  0
|  57|0x0000000713600000, 0x0000000713600000, 0x0000000713800000|  0%| F|  |TAMS 0x0000000713600000| PB 0x0000000713600000| Untracked |  0
|  58|0x0000000713800000, 0x0000000713800000, 0x0000000713a00000|  0%| F|  |TAMS 0x0000000713800000| PB 0x0000000713800000| Untracked |  0
|  59|0x0000000713a00000, 0x0000000713a00000, 0x0000000713c00000|  0%| F|  |TAMS 0x0000000713a00000| PB 0x0000000713a00000| Untracked |  0
|  60|0x0000000713c00000, 0x0000000713c00000, 0x0000000713e00000|  0%| F|  |TAMS 0x0000000713c00000| PB 0x0000000713c00000| Untracked |  0
|  61|0x0000000713e00000, 0x0000000713e00000, 0x0000000714000000|  0%| F|  |TAMS 0x0000000713e00000| PB 0x0000000713e00000| Untracked |  0
|  62|0x0000000714000000, 0x0000000714000000, 0x0000000714200000|  0%| F|  |TAMS 0x0000000714000000| PB 0x0000000714000000| Untracked |  0
|  63|0x0000000714200000, 0x0000000714200000, 0x0000000714400000|  0%| F|  |TAMS 0x0000000714200000| PB 0x0000000714200000| Untracked |  0
|  64|0x0000000714400000, 0x0000000714400000, 0x0000000714600000|  0%| F|  |TAMS 0x0000000714400000| PB 0x0000000714400000| Untracked |  0
|  65|0x0000000714600000, 0x0000000714600000, 0x0000000714800000|  0%| F|  |TAMS 0x0000000714600000| PB 0x0000000714600000| Untracked |  0
|  66|0x0000000714800000, 0x0000000714800000, 0x0000000714a00000|  0%| F|  |TAMS 0x0000000714800000| PB 0x0000000714800000| Untracked |  0
|  67|0x0000000714a00000, 0x0000000714a00000, 0x0000000714c00000|  0%| F|  |TAMS 0x0000000714a00000| PB 0x0000000714a00000| Untracked |  0
|  68|0x0000000714c00000, 0x0000000714c00000, 0x0000000714e00000|  0%| F|  |TAMS 0x0000000714c00000| PB 0x0000000714c00000| Untracked |  0
|  69|0x0000000714e00000, 0x0000000714e00000, 0x0000000715000000|  0%| F|  |TAMS 0x0000000714e00000| PB 0x0000000714e00000| Untracked |  0
|  70|0x0000000715000000, 0x0000000715000000, 0x0000000715200000|  0%| F|  |TAMS 0x0000000715000000| PB 0x0000000715000000| Untracked |  0
|  71|0x0000000715200000, 0x0000000715200000, 0x0000000715400000|  0%| F|  |TAMS 0x0000000715200000| PB 0x0000000715200000| Untracked |  0
|  72|0x0000000715400000, 0x0000000715400000, 0x0000000715600000|  0%| F|  |TAMS 0x0000000715400000| PB 0x0000000715400000| Untracked |  0
|  73|0x0000000715600000, 0x0000000715600000, 0x0000000715800000|  0%| F|  |TAMS 0x0000000715600000| PB 0x0000000715600000| Untracked |  0
|  74|0x0000000715800000, 0x0000000715800000, 0x0000000715a00000|  0%| F|  |TAMS 0x0000000715800000| PB 0x0000000715800000| Untracked |  0
|  75|0x0000000715a00000, 0x0000000715a00000, 0x0000000715c00000|  0%| F|  |TAMS 0x0000000715a00000| PB 0x0000000715a00000| Untracked |  0
|  76|0x0000000715c00000, 0x0000000715c00000, 0x0000000715e00000|  0%| F|  |TAMS 0x0000000715c00000| PB 0x0000000715c00000| Untracked |  0
|  77|0x0000000715e00000, 0x0000000715e00000, 0x0000000716000000|  0%| F|  |TAMS 0x0000000715e00000| PB 0x0000000715e00000| Untracked |  0
|  78|0x0000000716000000, 0x0000000716000000, 0x0000000716200000|  0%| F|  |TAMS 0x0000000716000000| PB 0x0000000716000000| Untracked |  0
|  79|0x0000000716200000, 0x0000000716200000, 0x0000000716400000|  0%| F|  |TAMS 0x0000000716200000| PB 0x0000000716200000| Untracked |  0
|  80|0x0000000716400000, 0x0000000716400000, 0x0000000716600000|  0%| F|  |TAMS 0x0000000716400000| PB 0x0000000716400000| Untracked |  0
|  81|0x0000000716600000, 0x0000000716600000, 0x0000000716800000|  0%| F|  |TAMS 0x0000000716600000| PB 0x0000000716600000| Untracked |  0
|  82|0x0000000716800000, 0x0000000716800000, 0x0000000716a00000|  0%| F|  |TAMS 0x0000000716800000| PB 0x0000000716800000| Untracked |  0
|  83|0x0000000716a00000, 0x0000000716a00000, 0x0000000716c00000|  0%| F|  |TAMS 0x0000000716a00000| PB 0x0000000716a00000| Untracked |  0
|  84|0x0000000716c00000, 0x0000000716c00000, 0x0000000716e00000|  0%| F|  |TAMS 0x0000000716c00000| PB 0x0000000716c00000| Untracked |  0
|  85|0x0000000716e00000, 0x0000000716e00000, 0x0000000717000000|  0%| F|  |TAMS 0x0000000716e00000| PB 0x0000000716e00000| Untracked |  0
|  86|0x0000000717000000, 0x0000000717000000, 0x0000000717200000|  0%| F|  |TAMS 0x0000000717000000| PB 0x0000000717000000| Untracked |  0
|  87|0x0000000717200000, 0x0000000717200000, 0x0000000717400000|  0%| F|  |TAMS 0x0000000717200000| PB 0x0000000717200000| Untracked |  0
|  88|0x0000000717400000, 0x0000000717400000, 0x0000000717600000|  0%| F|  |TAMS 0x0000000717400000| PB 0x0000000717400000| Untracked |  0
|  89|0x0000000717600000, 0x0000000717600000, 0x0000000717800000|  0%| F|  |TAMS 0x0000000717600000| PB 0x0000000717600000| Untracked |  0
|  90|0x0000000717800000, 0x0000000717800000, 0x0000000717a00000|  0%| F|  |TAMS 0x0000000717800000| PB 0x0000000717800000| Untracked |  0
|  91|0x0000000717a00000, 0x0000000717a00000, 0x0000000717c00000|  0%| F|  |TAMS 0x0000000717a00000| PB 0x0000000717a00000| Untracked |  0
|  92|0x0000000717c00000, 0x0000000717c00000, 0x0000000717e00000|  0%| F|  |TAMS 0x0000000717c00000| PB 0x0000000717c00000| Untracked |  0
|  93|0x0000000717e00000, 0x0000000717e00000, 0x0000000718000000|  0%| F|  |TAMS 0x0000000717e00000| PB 0x0000000717e00000| Untracked |  0
|  94|0x0000000718000000, 0x0000000718000000, 0x0000000718200000|  0%| F|  |TAMS 0x0000000718000000| PB 0x0000000718000000| Untracked |  0
|  95|0x0000000718200000, 0x0000000718200000, 0x0000000718400000|  0%| F|  |TAMS 0x0000000718200000| PB 0x0000000718200000| Untracked |  0
|  96|0x0000000718400000, 0x0000000718400000, 0x0000000718600000|  0%| F|  |TAMS 0x0000000718400000| PB 0x0000000718400000| Untracked |  0
|  97|0x0000000718600000, 0x0000000718600000, 0x0000000718800000|  0%| F|  |TAMS 0x0000000718600000| PB 0x0000000718600000| Untracked |  0
|  98|0x0000000718800000, 0x0000000718800000, 0x0000000718a00000|  0%| F|  |TAMS 0x0000000718800000| PB 0x0000000718800000| Untracked |  0
|  99|0x0000000718a00000, 0x0000000718a00000, 0x0000000718c00000|  0%| F|  |TAMS 0x0000000718a00000| PB 0x0000000718a00000| Untracked |  0
| 100|0x0000000718c00000, 0x0000000718c00000, 0x0000000718e00000|  0%| F|  |TAMS 0x0000000718c00000| PB 0x0000000718c00000| Untracked |  0
| 101|0x0000000718e00000, 0x0000000718e00000, 0x0000000719000000|  0%| F|  |TAMS 0x0000000718e00000| PB 0x0000000718e00000| Untracked |  0
| 102|0x0000000719000000, 0x0000000719000000, 0x0000000719200000|  0%| F|  |TAMS 0x0000000719000000| PB 0x0000000719000000| Untracked |  0
| 103|0x0000000719200000, 0x0000000719200000, 0x0000000719400000|  0%| F|  |TAMS 0x0000000719200000| PB 0x0000000719200000| Untracked |  0
| 104|0x0000000719400000, 0x0000000719400000, 0x0000000719600000|  0%| F|  |TAMS 0x0000000719400000| PB 0x0000000719400000| Untracked |  0
| 105|0x0000000719600000, 0x0000000719600000, 0x0000000719800000|  0%| F|  |TAMS 0x0000000719600000| PB 0x0000000719600000| Untracked |  0
| 106|0x0000000719800000, 0x0000000719800000, 0x0000000719a00000|  0%| F|  |TAMS 0x0000000719800000| PB 0x0000000719800000| Untracked |  0
| 107|0x0000000719a00000, 0x0000000719a00000, 0x0000000719c00000|  0%| F|  |TAMS 0x0000000719a00000| PB 0x0000000719a00000| Untracked |  0
| 108|0x0000000719c00000, 0x0000000719c00000, 0x0000000719e00000|  0%| F|  |TAMS 0x0000000719c00000| PB 0x0000000719c00000| Untracked |  0
| 109|0x0000000719e00000, 0x0000000719e00000, 0x000000071a000000|  0%| F|  |TAMS 0x0000000719e00000| PB 0x0000000719e00000| Untracked |  0
| 110|0x000000071a000000, 0x000000071a000000, 0x000000071a200000|  0%| F|  |TAMS 0x000000071a000000| PB 0x000000071a000000| Untracked |  0
| 111|0x000000071a200000, 0x000000071a200000, 0x000000071a400000|  0%| F|  |TAMS 0x000000071a200000| PB 0x000000071a200000| Untracked |  0
| 112|0x000000071a400000, 0x000000071a400000, 0x000000071a600000|  0%| F|  |TAMS 0x000000071a400000| PB 0x000000071a400000| Untracked |  0
| 113|0x000000071a600000, 0x000000071a6f5ca0, 0x000000071a800000| 48%| E|  |TAMS 0x000000071a600000| PB 0x000000071a600000| Complete |  0
| 114|0x000000071a800000, 0x000000071aa00000, 0x000000071aa00000|100%| E|CS|TAMS 0x000000071a800000| PB 0x000000071a800000| Complete |  0
| 115|0x000000071aa00000, 0x000000071ac00000, 0x000000071ac00000|100%| E|CS|TAMS 0x000000071aa00000| PB 0x000000071aa00000| Complete |  0
| 116|0x000000071ac00000, 0x000000071ae00000, 0x000000071ae00000|100%| E|CS|TAMS 0x000000071ac00000| PB 0x000000071ac00000| Complete |  0
| 117|0x000000071ae00000, 0x000000071b000000, 0x000000071b000000|100%| E|CS|TAMS 0x000000071ae00000| PB 0x000000071ae00000| Complete |  0
| 118|0x000000071b000000, 0x000000071b200000, 0x000000071b200000|100%| E|CS|TAMS 0x000000071b000000| PB 0x000000071b000000| Complete |  0
| 119|0x000000071b200000, 0x000000071b400000, 0x000000071b400000|100%| E|  |TAMS 0x000000071b200000| PB 0x000000071b200000| Complete |  0
| 120|0x000000071b400000, 0x000000071b600000, 0x000000071b600000|100%| E|CS|TAMS 0x000000071b400000| PB 0x000000071b400000| Complete |  0
| 121|0x000000071b600000, 0x000000071b800000, 0x000000071b800000|100%| E|CS|TAMS 0x000000071b600000| PB 0x000000071b600000| Complete |  0
|1948|0x00000007ffc00000, 0x00000007ffe00000, 0x00000007ffe00000|100%| O|  |TAMS 0x00000007ffc00000| PB 0x00000007ffc00000| Untracked |  0
|1949|0x00000007ffe00000, 0x00000007ffe4de10, 0x0000000800000000| 15%| O|  |TAMS 0x00000007ffe00000| PB 0x00000007ffe00000| Untracked |  0

Card table byte_map: [0x00007f7f0cda0000,0x00007f7f0d53e000] _byte_map_base: 0x00007f7f0953e000

Marking Bits: (CMBitMap*) 0x00007f7f08096460
 Bits: [0x00007f7ef0d10000, 0x00007f7ef4a00000)

Polling page: 0x00007f7f10980000

Metaspace:
Metaspace        used 3340K, committed 3520K, reserved 1114112K
 class space     used 365K, committed 448K, reserved 1048576K

Usage:
  Non-class:      2,90 MB used.
      Class:    365,80 KB used.
       Both:      3,26 MB used.

Virtual space:
  Non-class space:       64,00 MB reserved,       3,00 MB (  5%) committed,  1 nodes.
      Class space:        1,00 GB reserved,     448,00 KB ( <1%) committed,  1 nodes.
             Both:        1,06 GB reserved,       3,44 MB ( <1%) committed. 

Chunk freelists:
   Non-Class:  10,14 MB
       Class:  15,44 MB
        Both:  25,58 MB

MaxMetaspaceSize: unlimited
CompressedClassSpaceSize: 1,00 GB
Initial GC threshold: 21,00 MB
Current GC threshold: 21,00 MB
CDS: on
 - commit_granule_bytes: 65536.
 - commit_granule_words: 8192.
 - virtual_space_node_default_size: 8388608.
 - enlarge_chunks_in_place: 1.
UseCompressedClassPointers 1, UseCompactObjectHeaders 0
Narrow klass pointer bits 32, Max shift 3
Narrow klass base: 0x000000005e000000, Narrow klass shift: 0
Encoding Range: [0x000000005e000000 - 0x000000015e000000), (4294967296 bytes)
Klass Range:    [0x000000005e001000 - 0x00000000a0000000), (1107292160 bytes)
Klass ID Range:  [4096 - 1107296249) (1107292153)
Protection zone: [0x000000005e000000 - 0x000000005e001000), (4096 bytes)


Internal statistics:

num_allocs_failed_limit: 0.
num_arena_births: 30.
num_arena_deaths: 0.
num_vsnodes_births: 2.
num_vsnodes_deaths: 0.
num_space_committed: 55.
num_space_uncommitted: 0.
num_chunks_returned_to_freelist: 0.
num_chunks_taken_from_freelist: 117.
num_chunk_merges: 0.
num_chunk_splits: 90.
num_chunks_enlarged: 72.
num_inconsistent_stats: 0.

CodeHeap 'non-profiled nmethods': size=119172Kb used=285Kb max_used=285Kb free=118886Kb
 bounds [0x00007f7efc59f000, 0x00007f7efc80f000, 0x00007f7f03a00000]
CodeHeap 'profiled nmethods': size=119164Kb used=1531Kb max_used=1531Kb free=117632Kb
 bounds [0x00007f7ef4a00000, 0x00007f7ef4c70000, 0x00007f7efbe5f000]
CodeHeap 'non-nmethods': size=7424Kb used=3132Kb max_used=3148Kb free=4291Kb
 bounds [0x00007f7efbe5f000, 0x00007f7efc17f000, 0x00007f7efc59f000]
CodeCache: size=245760Kb, used=4948Kb, max_used=4964Kb, free=240809Kb
 total_blobs=1643, nmethods=1131, adapters=414, full_count=0
Compilation: enabled, stopped_count=0, restarted_count=0

Compilation events (20 events):
Event: 0,194 Thread 0x00007f7ea8065fa0 1124       3       java.util.zip.CRC32::<init> (5 bytes)
Event: 0,194 Thread 0x00007f7eac0016e0 nmethod 1115 0x00007f7ef4b7a588 code [0x00007f7ef4b7a680, 0x00007f7ef4b7aea8]
Event: 0,194 Thread 0x00007f7eac0016e0 1125       3       java.util.zip.CRC32::update (38 bytes)
Event: 0,194 Thread 0x00007f7ea8065fa0 nmethod 1124 0x00007f7ef4b7af08 code [0x00007f7ef4b7b000, 0x00007f7ef4b7b158]
Event: 0,194 Thread 0x00007f7ea8065fa0 1126       3       java.util.zip.CRC32::getValue (10 bytes)
Event: 0,194 Thread 0x00007f7f0815b630 nmethod 1123 0x00007f7ef4b7b208 code [0x00007f7ef4b7b300, 0x00007f7ef4b7b4a8]
Event: 0,194 Thread 0x00007f7ea8065fa0 nmethod 1126 0x00007f7ef4b7b508 code [0x00007f7ef4b7b600, 0x00007f7ef4b7b710]
Event: 0,194 Thread 0x00007f7ea80678d0 nmethod 1122 0x00007f7ef4b7b808 code [0x00007f7ef4b7b900, 0x00007f7ef4b7bf28]
Event: 0,194 Thread 0x00007f7eac0016e0 nmethod 1125 0x00007f7ef4b7bf88 code [0x00007f7ef4b7c080, 0x00007f7ef4b7c480]
Event: 0,195 Thread 0x00007f7ea8091100 1127       4       java.lang.StringLatin1::replace (197 bytes)
Event: 0,195 Thread 0x00007f7f08159c40 nmethod 1108 0x00007f7efc5e5088 code [0x00007f7efc5e5180, 0x00007f7efc5e5638]
Event: 0,195 Thread 0x00007f7e98004770 1128       4       jdk.internal.util.Preconditions::checkIndex (18 bytes)
Event: 0,196 Thread 0x00007f7ea8065fa0 1129       3       jdk.internal.loader.BuiltinClassLoader::isSealed (71 bytes)
Event: 0,196 Thread 0x00007f7e98004770 nmethod 1128 0x00007f7efc5e5688 code [0x00007f7efc5e5780, 0x00007f7efc5e5830]
Event: 0,196 Thread 0x00007f7eac0016e0 1130       3       java.nio.file.attribute.FileTime::from (18 bytes)
Event: 0,196 Thread 0x00007f7ea80678d0 1131       3       java.nio.file.attribute.FileTime::<init> (21 bytes)
Event: 0,196 Thread 0x00007f7ea8065fa0 nmethod 1129 0x00007f7ef4b7c508 code [0x00007f7ef4b7c600, 0x00007f7ef4b7e568]
Event: 0,196 Thread 0x00007f7ea80678d0 nmethod 1131 0x00007f7ef4b7e588 code [0x00007f7ef4b7e680, 0x00007f7ef4b7e8a8]
Event: 0,196 Thread 0x00007f7eac0016e0 nmethod 1130 0x00007f7ef4b7e908 code [0x00007f7ef4b7ea00, 0x00007f7ef4b7edd0]
Event: 0,198 Thread 0x00007f7f08159c40 1132       4       sun.net.www.ParseUtil::firstEncodeIndex (86 bytes)

GC Heap Usage History (0 events):
No events

Metaspace Usage History (0 events):
No events

Dll operation events (14 events):
Event: 0,001 Loaded shared library /app/jbr/lib/libjava.so
Event: 0,020 Loaded shared library /app/jbr/lib/libsimdsort.so
Event: 0,035 Loaded shared library /app/jbr/lib/libzip.so
Event: 0,041 Loaded shared library /app/jbr/lib/libnio.so
Event: 0,043 Loaded shared library /app/jbr/lib/libinstrument.so
Event: 0,047 Loaded shared library /app/jbr/lib/libzip.so
Event: 0,070 Loaded shared library /app/jbr/lib/libnet.so
Event: 0,077 Loaded shared library /app/jbr/lib/libextnet.so
Event: 0,132 Loaded shared library /app/jbr/lib/libjimage.so
Event: 0,167 Loaded shared library /home/sharonblancopiedra/.javacpp/cache/llvm-21.1.8-1.5.13-linux-x86_64.jar/org/bytedeco/llvm/linux-x86_64/libLLVM.so.21.1
Event: 0,171 Loaded shared library /home/sharonblancopiedra/.javacpp/cache/llvm-21.1.8-1.5.13-linux-x86_64.jar/org/bytedeco/llvm/linux-x86_64/libLTO.so.21.1
Event: 0,176 Loaded shared library /home/sharonblancopiedra/.javacpp/cache/llvm-21.1.8-1.5.13-linux-x86_64.jar/org/bytedeco/llvm/linux-x86_64/libRemarks.so.21.1
Event: 0,179 Loaded shared library /home/sharonblancopiedra/.javacpp/cache/llvm-21.1.8-1.5.13-linux-x86_64.jar/org/bytedeco/llvm/linux-x86_64/libjniLLVM.so
Event: 0,183 Loaded shared library /home/sharonblancopiedra/.javacpp/cache/javacpp-1.5.13-linux-x86_64.jar/org/bytedeco/javacpp/linux-x86_64/libjnijavacpp.so

Deoptimization events (20 events):
Event: 0,143 Thread 0x00007f7f0802c680 Uncommon trap: trap_request=0xffffff45 fr.pc=0x00007f7efc5b1678 relative=0x0000000000000078
Event: 0,143 Thread 0x00007f7f0802c680 Uncommon trap: reason=unstable_if action=reinterpret pc=0x00007f7efc5b1678 method=jdk.internal.misc.Unsafe.convEndian(ZI)I @ 4 c2
Event: 0,143 Thread 0x00007f7f0802c680 DEOPT PACKING pc=0x00007f7efc5b1678 sp=0x00007f7f0eefe0c0
Event: 0,143 Thread 0x00007f7f0802c680 DEOPT UNPACKING pc=0x00007f7efbf82279 sp=0x00007f7f0eefe010 mode 2
Event: 0,144 Thread 0x00007f7f0802c680 Uncommon trap: trap_request=0xffffff45 fr.pc=0x00007f7efc5c7cc8 relative=0x0000000000000648
Event: 0,144 Thread 0x00007f7f0802c680 Uncommon trap: reason=unstable_if action=reinterpret pc=0x00007f7efc5c7cc8 method=java.util.HashMap.putVal(ILjava/lang/Object;Ljava/lang/Object;ZZ)Ljava/lang/Object; @ 181 c2
Event: 0,144 Thread 0x00007f7f0802c680 DEOPT PACKING pc=0x00007f7efc5c7cc8 sp=0x00007f7f0eefe740
Event: 0,144 Thread 0x00007f7f0802c680 DEOPT UNPACKING pc=0x00007f7efbf82279 sp=0x00007f7f0eefe6d0 mode 2
Event: 0,153 Thread 0x00007f7f0802c680 Uncommon trap: trap_request=0xffffff45 fr.pc=0x00007f7efc5d1e74 relative=0x0000000000000374
Event: 0,153 Thread 0x00007f7f0802c680 Uncommon trap: reason=unstable_if action=reinterpret pc=0x00007f7efc5d1e74 method=java.lang.StringLatin1.indexOf([BI[BII)I @ 80 c2
Event: 0,153 Thread 0x00007f7f0802c680 DEOPT PACKING pc=0x00007f7efc5d1e74 sp=0x00007f7f0eefeb10
Event: 0,153 Thread 0x00007f7f0802c680 DEOPT UNPACKING pc=0x00007f7efbf82279 sp=0x00007f7f0eefeaa0 mode 2
Event: 0,157 Thread 0x00007f7f0802c680 DEOPT PACKING pc=0x00007f7ef4a98cc0 sp=0x00007f7f0eefe970
Event: 0,157 Thread 0x00007f7f0802c680 DEOPT UNPACKING pc=0x00007f7efbeaffef sp=0x00007f7f0eefde68 mode 0
Event: 0,168 Thread 0x00007f7f0802c680 Uncommon trap: trap_request=0xffffff45 fr.pc=0x00007f7efc5dd068 relative=0x00000000000004e8
Event: 0,168 Thread 0x00007f7f0802c680 Uncommon trap: reason=unstable_if action=reinterpret pc=0x00007f7efc5dd068 method=java.lang.StringLatin1.replace([BCC)Ljava/lang/String; @ 19 c2
Event: 0,168 Thread 0x00007f7f0802c680 DEOPT PACKING pc=0x00007f7efc5dd068 sp=0x00007f7f0eefe900
Event: 0,168 Thread 0x00007f7f0802c680 DEOPT UNPACKING pc=0x00007f7efbf82279 sp=0x00007f7f0eefe8a0 mode 2
Event: 0,190 Thread 0x00007f7f0802c680 DEOPT PACKING pc=0x00007f7ef4b26d1a sp=0x00007f7f0eefd320
Event: 0,190 Thread 0x00007f7f0802c680 DEOPT UNPACKING pc=0x00007f7efbeaffef sp=0x00007f7f0eefc790 mode 0

Classes loaded (20 events):
Event: 0,130 Loading class java/lang/StackStreamFactory$ClassFrameBuffer
Event: 0,130 Loading class java/lang/StackStreamFactory$StackFrameBuffer
Event: 0,130 Loading class java/lang/StackStreamFactory$StackFrameBuffer done
Event: 0,130 Loading class java/lang/StackStreamFactory$ClassFrameBuffer done
Event: 0,140 Loading class java/lang/classfile/attribute/ExceptionsAttribute
Event: 0,140 Loading class java/lang/classfile/attribute/ExceptionsAttribute done
Event: 0,140 Loading class jdk/internal/classfile/impl/UnboundAttribute$UnboundExceptionsAttribute
Event: 0,140 Loading class jdk/internal/classfile/impl/UnboundAttribute$UnboundExceptionsAttribute done
Event: 0,140 Loading class jdk/internal/classfile/impl/AbstractAttributeMapper$ExceptionsMapper
Event: 0,140 Loading class jdk/internal/classfile/impl/AbstractAttributeMapper$ExceptionsMapper done
Event: 0,140 Loading class java/lang/classfile/instruction/ExceptionCatch
Event: 0,140 Loading class java/lang/classfile/instruction/ExceptionCatch done
Event: 0,140 Loading class jdk/internal/classfile/impl/AbstractPseudoInstruction$ExceptionCatchImpl
Event: 0,140 Loading class jdk/internal/classfile/impl/AbstractPseudoInstruction
Event: 0,140 Loading class jdk/internal/classfile/impl/AbstractPseudoInstruction done
Event: 0,140 Loading class jdk/internal/classfile/impl/AbstractPseudoInstruction$ExceptionCatchImpl done
Event: 0,142 Loading class jdk/internal/classfile/impl/StackCounter
Event: 0,142 Loading class jdk/internal/classfile/impl/StackCounter done
Event: 0,142 Loading class jdk/internal/classfile/impl/StackCounter$Target
Event: 0,142 Loading class jdk/internal/classfile/impl/StackCounter$Target done

Classes unloaded (0 events):
No events

Classes redefined (0 events):
No events

Internal exceptions (2 events):
Event: 0,068 Thread 0x00007f7f0802c680 Exception <a 'java/lang/NoSuchMethodError'{0x000000071b3cea20}: 'java.lang.Object java.lang.invoke.Invokers$Holder.invokeExact_MT(java.lang.Object, java.lang.Object, java.lang.Object, java.lang.Object, java.lang.Object)'> (0x000000071b3cea20) 
thrown [src/hotspot/share/interpreter/linkResolver.cpp, line 814]
Event: 0,139 Thread 0x00007f7f0802c680 Exception <a 'java/lang/NoSuchMethodError'{0x000000071abae068}: 'void java.lang.invoke.DirectMethodHandle$Holder.invokeSpecial(java.lang.Object, java.lang.Object, java.lang.Object)'> (0x000000071abae068) 
thrown [src/hotspot/share/interpreter/linkResolver.cpp, line 814]

VM Operations (6 events):
Event: 0,072 Executing non-safepoint VM operation: HandshakeAllThreads (Deoptimize)
Event: 0,072 Executing non-safepoint VM operation: HandshakeAllThreads (Deoptimize) done
Event: 0,084 Executing non-safepoint VM operation: HandshakeAllThreads (Deoptimize)
Event: 0,084 Executing non-safepoint VM operation: HandshakeAllThreads (Deoptimize) done
Event: 0,133 Executing non-safepoint VM operation: HandshakeAllThreads (Deoptimize)
Event: 0,133 Executing non-safepoint VM operation: HandshakeAllThreads (Deoptimize) done

Memory protections (18 events):
Event: 0,001 Protecting memory [0x00007f7f0ee01000,0x00007f7f0ee05000] with protection modes 0
Event: 0,011 Protecting memory [0x000000005e000000,0x000000005e001000] with protection modes 0
Event: 0,018 Protecting memory [0x00007f7ef0205000,0x00007f7ef0209000] with protection modes 0
Event: 0,019 Protecting memory [0x00007f7ef0508000,0x00007f7ef050c000] with protection modes 0
Event: 0,019 Protecting memory [0x00007f7ee1f00000,0x00007f7ee1f04000] with protection modes 0
Event: 0,019 Protecting memory [0x00007f7ee1b00000,0x00007f7ee1b04000] with protection modes 0
Event: 0,019 Protecting memory [0x00007f7ee1a00000,0x00007f7ee1a04000] with protection modes 0
Event: 0,019 Protecting memory [0x00007f7ee1900000,0x00007f7ee1904000] with protection modes 0
Event: 0,020 Protecting memory [0x00007f7ee1800000,0x00007f7ee1804000] with protection modes 0
Event: 0,020 Protecting memory [0x00007f7ee1700000,0x00007f7ee1704000] with protection modes 0
Event: 0,035 Protecting memory [0x00007f7ee1600000,0x00007f7ee1604000] with protection modes 0
Event: 0,035 Protecting memory [0x00007f7ee1500000,0x00007f7ee1504000] with protection modes 0
Event: 0,035 Protecting memory [0x00007f7ee1400000,0x00007f7ee1404000] with protection modes 0
Event: 0,053 Protecting memory [0x00007f7ee1300000,0x00007f7ee1304000] with protection modes 0
Event: 0,056 Protecting memory [0x00007f7ee1200000,0x00007f7ee1204000] with protection modes 0
Event: 0,069 Protecting memory [0x00007f7ee1100000,0x00007f7ee1104000] with protection modes 0
Event: 0,069 Protecting memory [0x00007f7ee1000000,0x00007f7ee1004000] with protection modes 0
Event: 0,182 Protecting memory [0x00007f7ee0b00000,0x00007f7ee0b04000] with protection modes 0

Nmethod flushes (0 events):
No events

Events (17 events):
Event: 0,014 Thread 0x00007f7f0802c680 Thread added: 0x00007f7f0802c680
Event: 0,018 Thread 0x00007f7f0802c680 Thread added: 0x00007f7f0814e1a0
Event: 0,019 Thread 0x00007f7f0802c680 Thread added: 0x00007f7f081517a0
Event: 0,019 Thread 0x00007f7f0802c680 Thread added: 0x00007f7f081529a0
Event: 0,019 Thread 0x00007f7f0802c680 Thread added: 0x00007f7f08154c10
Event: 0,019 Thread 0x00007f7f0802c680 Thread added: 0x00007f7f08156540
Event: 0,019 Thread 0x00007f7f0802c680 Thread added: 0x00007f7f08157dc0
Event: 0,020 Thread 0x00007f7f0802c680 Thread added: 0x00007f7f08159c40
Event: 0,020 Thread 0x00007f7f0802c680 Thread added: 0x00007f7f0815b630
Event: 0,035 Thread 0x00007f7f0815b630 Thread added: 0x00007f7ea8065fa0
Event: 0,035 Thread 0x00007f7f0815b630 Thread added: 0x00007f7ea80678d0
Event: 0,035 Thread 0x00007f7ea8065fa0 Thread added: 0x00007f7eac0016e0
Event: 0,053 Thread 0x00007f7f0815b630 Thread added: 0x00007f7ea8091100
Event: 0,056 Thread 0x00007f7ea8091100 Thread added: 0x00007f7e98004770
Event: 0,069 Thread 0x00007f7f0802c680 Thread added: 0x00007f7f0828e200
Event: 0,069 Thread 0x00007f7f0802c680 Thread added: 0x00007f7f08290120
Event: 0,182 Thread 0x00007f7f0802c680 Thread added: 0x00007f7f0848b660


Dynamic libraries:
5e000000-5e001000 ---p 00000000 00:00 0 
5e001000-5fcdf000 rw-p 00001000 00:22 7224115                            /app/jbr/lib/server/classes.jsa
5fcdf000-60000000 ---p 00000000 00:00 0 
60000000-60020000 rw-p 00000000 00:00 0 
60020000-60040000 ---p 00000000 00:00 0 
60040000-60090000 rw-p 00000000 00:00 0 
60090000-a0000000 ---p 00000000 00:00 0 
70c400000-71b800000 rw-p 00000000 00:00 0 
71b800000-7ffc00000 ---p 00000000 00:00 0 
7ffc00000-7ffe4e000 rw-p 01d4e000 00:22 7224115                          /app/jbr/lib/server/classes.jsa
7ffe4e000-800000000 rw-p 00000000 00:00 0 
564a42f8e000-564a42f8f000 r--p 00000000 00:22 7223266                    /app/jbr/bin/java
564a42f8f000-564a42f90000 r-xp 00001000 00:22 7223266                    /app/jbr/bin/java
564a42f90000-564a42f91000 r--p 00002000 00:22 7223266                    /app/jbr/bin/java
564a42f91000-564a42f92000 r--p 00002000 00:22 7223266                    /app/jbr/bin/java
564a42f92000-564a42f93000 rw-p 00003000 00:22 7223266                    /app/jbr/bin/java
564a82e28000-564a82e71000 rw-p 00000000 00:00 0                          [heap]
7f7e80000000-7f7e80021000 rw-p 00000000 00:00 0 
7f7e80021000-7f7e84000000 ---p 00000000 00:00 0 
7f7e85a53000-7f7e86800000 rw-p 00000000 00:00 0 
7f7e86800000-7f7e8700c000 r--p 00000000 00:22 5558720                    /home/sharonblancopiedra/.javacpp/cache/llvm-21.1.8-1.5.13-linux-x86_64.jar/org/bytedeco/llvm/linux-x86_64/libLLVM.so.21.1
7f7e8700c000-7f7e8c515000 r-xp 0080c000 00:22 5558720                    /home/sharonblancopiedra/.javacpp/cache/llvm-21.1.8-1.5.13-linux-x86_64.jar/org/bytedeco/llvm/linux-x86_64/libLLVM.so.21.1
7f7e8c515000-7f7e8fc93000 r--p 05d15000 00:22 5558720                    /home/sharonblancopiedra/.javacpp/cache/llvm-21.1.8-1.5.13-linux-x86_64.jar/org/bytedeco/llvm/linux-x86_64/libLLVM.so.21.1
7f7e8fc93000-7f7e8fe6e000 r--p 09492000 00:22 5558720                    /home/sharonblancopiedra/.javacpp/cache/llvm-21.1.8-1.5.13-linux-x86_64.jar/org/bytedeco/llvm/linux-x86_64/libLLVM.so.21.1
7f7e8fe6e000-7f7e8feb5000 rw-p 0966d000 00:22 5558720                    /home/sharonblancopiedra/.javacpp/cache/llvm-21.1.8-1.5.13-linux-x86_64.jar/org/bytedeco/llvm/linux-x86_64/libLLVM.so.21.1
7f7e8feb5000-7f7e8ff85000 rw-p 00000000 00:00 0 
7f7e90000000-7f7e90021000 rw-p 00000000 00:00 0 
7f7e90021000-7f7e94000000 ---p 00000000 00:00 0 
7f7e94000000-7f7e94021000 rw-p 00000000 00:00 0 
7f7e94021000-7f7e98000000 ---p 00000000 00:00 0 
7f7e98000000-7f7e982c3000 rw-p 00000000 00:00 0 
7f7e982c3000-7f7e9c000000 ---p 00000000 00:00 0 
7f7e9c000000-7f7e9c13b000 rw-p 00000000 00:00 0 
7f7e9c13b000-7f7ea0000000 ---p 00000000 00:00 0 
7f7ea0000000-7f7ea00e2000 rw-p 00000000 00:00 0 
7f7ea00e2000-7f7ea4000000 ---p 00000000 00:00 0 
7f7ea4000000-7f7ea429f000 rw-p 00000000 00:00 0 
7f7ea429f000-7f7ea8000000 ---p 00000000 00:00 0 
7f7ea8000000-7f7ea8150000 rw-p 00000000 00:00 0 
7f7ea8150000-7f7eac000000 ---p 00000000 00:00 0 
7f7eac000000-7f7eac0a9000 rw-p 00000000 00:00 0 
7f7eac0a9000-7f7eb0000000 ---p 00000000 00:00 0 
7f7eb0000000-7f7eb0021000 rw-p 00000000 00:00 0 
7f7eb0021000-7f7eb4000000 ---p 00000000 00:00 0 
7f7eb4000000-7f7eb4259000 rw-p 00000000 00:00 0 
7f7eb4259000-7f7eb8000000 ---p 00000000 00:00 0 
7f7eb8000000-7f7eb8021000 rw-p 00000000 00:00 0 
7f7eb8021000-7f7ebc000000 ---p 00000000 00:00 0 
7f7ebc000000-7f7ebc021000 rw-p 00000000 00:00 0 
7f7ebc021000-7f7ec0000000 ---p 00000000 00:00 0 
7f7ec0000000-7f7ec0120000 rw-p 00000000 00:00 0 
7f7ec0120000-7f7ec0400000 ---p 00000000 00:00 0 
7f7ec0400000-7f7ec05e0000 rw-p 00000000 00:00 0 
7f7ec05e0000-7f7ec4000000 ---p 00000000 00:00 0 
7f7ec4000000-7f7ec4021000 rw-p 00000000 00:00 0 
7f7ec4021000-7f7ec8000000 ---p 00000000 00:00 0 
7f7ec8000000-7f7ec8021000 rw-p 00000000 00:00 0 
7f7ec8021000-7f7ecc000000 ---p 00000000 00:00 0 
7f7ecc000000-7f7ecc021000 rw-p 00000000 00:00 0 
7f7ecc021000-7f7ed0000000 ---p 00000000 00:00 0 
7f7ed0000000-7f7ed0021000 rw-p 00000000 00:00 0 
7f7ed0021000-7f7ed4000000 ---p 00000000 00:00 0 
7f7ed4000000-7f7ed4021000 rw-p 00000000 00:00 0 
7f7ed4021000-7f7ed8000000 ---p 00000000 00:00 0 
7f7ed8000000-7f7ed8021000 rw-p 00000000 00:00 0 
7f7ed8021000-7f7edc000000 ---p 00000000 00:00 0 
7f7edc000000-7f7edc021000 rw-p 00000000 00:00 0 
7f7edc021000-7f7ee0000000 ---p 00000000 00:00 0 
7f7ee03f6000-7f7ee0b00000 rw-p 00000000 00:00 0 
7f7ee0b00000-7f7ee0b04000 ---p 00000000 00:00 0 
7f7ee0b04000-7f7ee0c00000 rw-p 00000000 00:00 0 
7f7ee0c00000-7f7ee0caa000 r--p 00000000 00:22 5446339                    /usr/lib/x86_64-linux-gnu/libstdc++.so.6.0.34
7f7ee0caa000-7f7ee0e02000 r-xp 000aa000 00:22 5446339                    /usr/lib/x86_64-linux-gnu/libstdc++.so.6.0.34
7f7ee0e02000-7f7ee0e94000 r--p 00202000 00:22 5446339                    /usr/lib/x86_64-linux-gnu/libstdc++.so.6.0.34
7f7ee0e94000-7f7ee0ea3000 r--p 00294000 00:22 5446339                    /usr/lib/x86_64-linux-gnu/libstdc++.so.6.0.34
7f7ee0ea3000-7f7ee0ea6000 rw-p 002a3000 00:22 5446339                    /usr/lib/x86_64-linux-gnu/libstdc++.so.6.0.34
7f7ee0ea6000-7f7ee0eaa000 rw-p 00000000 00:00 0 
7f7ee0ee0000-7f7ee0f4b000 r--p 00000000 00:22 5558726                    /home/sharonblancopiedra/.javacpp/cache/llvm-21.1.8-1.5.13-linux-x86_64.jar/org/bytedeco/llvm/linux-x86_64/libjniLLVM.so
7f7ee0f4b000-7f7ee0fcb000 r-xp 0006b000 00:22 5558726                    /home/sharonblancopiedra/.javacpp/cache/llvm-21.1.8-1.5.13-linux-x86_64.jar/org/bytedeco/llvm/linux-x86_64/libjniLLVM.so
7f7ee0fcb000-7f7ee0ff7000 r--p 000eb000 00:22 5558726                    /home/sharonblancopiedra/.javacpp/cache/llvm-21.1.8-1.5.13-linux-x86_64.jar/org/bytedeco/llvm/linux-x86_64/libjniLLVM.so
7f7ee0ff7000-7f7ee0ff8000 ---p 00117000 00:22 5558726                    /home/sharonblancopiedra/.javacpp/cache/llvm-21.1.8-1.5.13-linux-x86_64.jar/org/bytedeco/llvm/linux-x86_64/libjniLLVM.so
7f7ee0ff8000-7f7ee0ffb000 r--p 00117000 00:22 5558726                    /home/sharonblancopiedra/.javacpp/cache/llvm-21.1.8-1.5.13-linux-x86_64.jar/org/bytedeco/llvm/linux-x86_64/libjniLLVM.so
7f7ee0ffb000-7f7ee0fff000 rw-p 0011a000 00:22 5558726                    /home/sharonblancopiedra/.javacpp/cache/llvm-21.1.8-1.5.13-linux-x86_64.jar/org/bytedeco/llvm/linux-x86_64/libjniLLVM.so
7f7ee0fff000-7f7ee1000000 rw-p 00000000 00:00 0 
7f7ee1000000-7f7ee1004000 ---p 00000000 00:00 0 
7f7ee1004000-7f7ee1100000 rw-p 00000000 00:00 0 
7f7ee1100000-7f7ee1104000 ---p 00000000 00:00 0 
7f7ee1104000-7f7ee1200000 rw-p 00000000 00:00 0 
7f7ee1200000-7f7ee1204000 ---p 00000000 00:00 0 
7f7ee1204000-7f7ee1300000 rw-p 00000000 00:00 0 
7f7ee1300000-7f7ee1304000 ---p 00000000 00:00 0 
7f7ee1304000-7f7ee1400000 rw-p 00000000 00:00 0 
7f7ee1400000-7f7ee1404000 ---p 00000000 00:00 0 
7f7ee1404000-7f7ee1500000 rw-p 00000000 00:00 0 
7f7ee1500000-7f7ee1504000 ---p 00000000 00:00 0 
7f7ee1504000-7f7ee1600000 rw-p 00000000 00:00 0 
7f7ee1600000-7f7ee1604000 ---p 00000000 00:00 0 
7f7ee1604000-7f7ee1700000 rw-p 00000000 00:00 0 
7f7ee1700000-7f7ee1704000 ---p 00000000 00:00 0 
7f7ee1704000-7f7ee1800000 rw-p 00000000 00:00 0 
7f7ee1800000-7f7ee1804000 ---p 00000000 00:00 0 
7f7ee1804000-7f7ee1900000 rw-p 00000000 00:00 0 
7f7ee1900000-7f7ee1904000 ---p 00000000 00:00 0 
7f7ee1904000-7f7ee1a00000 rw-p 00000000 00:00 0 
7f7ee1a00000-7f7ee1a04000 ---p 00000000 00:00 0 
7f7ee1a04000-7f7ee1b00000 rw-p 00000000 00:00 0 
7f7ee1b00000-7f7ee1b04000 ---p 00000000 00:00 0 
7f7ee1b04000-7f7ee1c00000 rw-p 00000000 00:00 0 
7f7ee1c00000-7f7ee1e78000 r--p 00000000 00:22 551291                     /usr/share/runtime/locale/es/lib/es_ES.utf8/LC_COLLATE
7f7ee1ec5000-7f7ee1ece000 r--p 00000000 00:22 5558732                    /home/sharonblancopiedra/.javacpp/cache/javacpp-1.5.13-linux-x86_64.jar/org/bytedeco/javacpp/linux-x86_64/libjnijavacpp.so
7f7ee1ece000-7f7ee1ee0000 r-xp 00009000 00:22 5558732                    /home/sharonblancopiedra/.javacpp/cache/javacpp-1.5.13-linux-x86_64.jar/org/bytedeco/javacpp/linux-x86_64/libjnijavacpp.so
7f7ee1ee0000-7f7ee1eea000 r--p 0001b000 00:22 5558732                    /home/sharonblancopiedra/.javacpp/cache/javacpp-1.5.13-linux-x86_64.jar/org/bytedeco/javacpp/linux-x86_64/libjnijavacpp.so
7f7ee1eea000-7f7ee1eeb000 r--p 00024000 00:22 5558732                    /home/sharonblancopiedra/.javacpp/cache/javacpp-1.5.13-linux-x86_64.jar/org/bytedeco/javacpp/linux-x86_64/libjnijavacpp.so
7f7ee1eeb000-7f7ee1eec000 rw-p 00025000 00:22 5558732                    /home/sharonblancopiedra/.javacpp/cache/javacpp-1.5.13-linux-x86_64.jar/org/bytedeco/javacpp/linux-x86_64/libjnijavacpp.so
7f7ee1eec000-7f7ee1ef3000 r--p 00000000 00:22 5558722                    /home/sharonblancopiedra/.javacpp/cache/llvm-21.1.8-1.5.13-linux-x86_64.jar/org/bytedeco/llvm/linux-x86_64/libLTO.so.21.1
7f7ee1ef3000-7f7ee1efc000 r-xp 00007000 00:22 5558722                    /home/sharonblancopiedra/.javacpp/cache/llvm-21.1.8-1.5.13-linux-x86_64.jar/org/bytedeco/llvm/linux-x86_64/libLTO.so.21.1
7f7ee1efc000-7f7ee1efe000 r--p 00010000 00:22 5558722                    /home/sharonblancopiedra/.javacpp/cache/llvm-21.1.8-1.5.13-linux-x86_64.jar/org/bytedeco/llvm/linux-x86_64/libLTO.so.21.1
7f7ee1efe000-7f7ee1eff000 r--p 00011000 00:22 5558722                    /home/sharonblancopiedra/.javacpp/cache/llvm-21.1.8-1.5.13-linux-x86_64.jar/org/bytedeco/llvm/linux-x86_64/libLTO.so.21.1
7f7ee1eff000-7f7ee1f00000 rw-p 00012000 00:22 5558722                    /home/sharonblancopiedra/.javacpp/cache/llvm-21.1.8-1.5.13-linux-x86_64.jar/org/bytedeco/llvm/linux-x86_64/libLTO.so.21.1
7f7ee1f00000-7f7ee1f04000 ---p 00000000 00:00 0 
7f7ee1f04000-7f7ee2000000 rw-p 00000000 00:00 0 
7f7ee2000000-7f7ee4021000 rw-p 00000000 00:00 0 
7f7ee4021000-7f7ee8000000 ---p 00000000 00:00 0 
7f7ee8000000-7f7ee8021000 rw-p 00000000 00:00 0 
7f7ee8021000-7f7eec000000 ---p 00000000 00:00 0 
7f7eec000000-7f7eec021000 rw-p 00000000 00:00 0 
7f7eec021000-7f7ef0000000 ---p 00000000 00:00 0 
7f7ef0001000-7f7ef0005000 r--p 00000000 00:22 5449461                    /usr/lib/x86_64-linux-gnu/libgcc_s.so.1
7f7ef0005000-7f7ef0028000 r-xp 00004000 00:22 5449461                    /usr/lib/x86_64-linux-gnu/libgcc_s.so.1
7f7ef0028000-7f7ef002c000 r--p 00027000 00:22 5449461                    /usr/lib/x86_64-linux-gnu/libgcc_s.so.1
7f7ef002c000-7f7ef002d000 r--p 0002a000 00:22 5449461                    /usr/lib/x86_64-linux-gnu/libgcc_s.so.1
7f7ef002d000-7f7ef002e000 rw-p 0002b000 00:22 5449461                    /usr/lib/x86_64-linux-gnu/libgcc_s.so.1
7f7ef003c000-7f7ef003d000 r--p 00000000 00:22 5558724                    /home/sharonblancopiedra/.javacpp/cache/llvm-21.1.8-1.5.13-linux-x86_64.jar/org/bytedeco/llvm/linux-x86_64/libRemarks.so.21.1
7f7ef003d000-7f7ef003e000 r-xp 00001000 00:22 5558724                    /home/sharonblancopiedra/.javacpp/cache/llvm-21.1.8-1.5.13-linux-x86_64.jar/org/bytedeco/llvm/linux-x86_64/libRemarks.so.21.1
7f7ef003e000-7f7ef003f000 r--p 00002000 00:22 5558724                    /home/sharonblancopiedra/.javacpp/cache/llvm-21.1.8-1.5.13-linux-x86_64.jar/org/bytedeco/llvm/linux-x86_64/libRemarks.so.21.1
7f7ef003f000-7f7ef0040000 r--p 00002000 00:22 5558724                    /home/sharonblancopiedra/.javacpp/cache/llvm-21.1.8-1.5.13-linux-x86_64.jar/org/bytedeco/llvm/linux-x86_64/libRemarks.so.21.1
7f7ef0040000-7f7ef0041000 rw-p 00003000 00:22 5558724                    /home/sharonblancopiedra/.javacpp/cache/llvm-21.1.8-1.5.13-linux-x86_64.jar/org/bytedeco/llvm/linux-x86_64/libRemarks.so.21.1
7f7ef0041000-7f7ef0043000 r--p 00000000 00:22 6694058                    /app/jbr/lib/libnet.so
7f7ef0043000-7f7ef004b000 r-xp 00002000 00:22 6694058                    /app/jbr/lib/libnet.so
7f7ef004b000-7f7ef004d000 r--p 0000a000 00:22 6694058                    /app/jbr/lib/libnet.so
7f7ef004d000-7f7ef004e000 r--p 0000b000 00:22 6694058                    /app/jbr/lib/libnet.so
7f7ef004e000-7f7ef004f000 rw-p 00000000 00:00 0 
7f7ef004f000-7f7ef0056000 r--p 00000000 00:22 6691221                    /app/jbr/lib/libnio.so
7f7ef0056000-7f7ef005f000 r-xp 00007000 00:22 6691221                    /app/jbr/lib/libnio.so
7f7ef005f000-7f7ef0063000 r--p 00010000 00:22 6691221                    /app/jbr/lib/libnio.so
7f7ef0063000-7f7ef0064000 ---p 00014000 00:22 6691221                    /app/jbr/lib/libnio.so
7f7ef0064000-7f7ef0065000 r--p 00014000 00:22 6691221                    /app/jbr/lib/libnio.so
7f7ef0065000-7f7ef0066000 rw-p 00015000 00:22 6691221                    /app/jbr/lib/libnio.so
7f7ef0066000-7f7ef0087000 r--p 00000000 00:22 552484                     /usr/share/runtime/locale/es/share/es/LC_MESSAGES/libc.mo
7f7ef0087000-7f7ef0089000 r--p 00000000 00:22 6691338                    /app/jbr/lib/libzip.so
7f7ef0089000-7f7ef008d000 r-xp 00002000 00:22 6691338                    /app/jbr/lib/libzip.so
7f7ef008d000-7f7ef008f000 r--p 00006000 00:22 6691338                    /app/jbr/lib/libzip.so
7f7ef008f000-7f7ef0090000 r--p 00007000 00:22 6691338                    /app/jbr/lib/libzip.so
7f7ef0090000-7f7ef0091000 rw-p 00000000 00:00 0 
7f7ef0091000-7f7ef00eb000 r--p 00000000 00:22 210030                     /usr/share/runtime/locale/es/lib/es_ES.utf8/LC_CTYPE
7f7ef00eb000-7f7ef0205000 rw-p 00000000 00:00 0 
7f7ef0205000-7f7ef0209000 ---p 00000000 00:00 0 
7f7ef0209000-7f7ef0508000 rw-p 00000000 00:00 0 
7f7ef0508000-7f7ef050c000 ---p 00000000 00:00 0 
7f7ef050c000-7f7ef080b000 rw-p 00000000 00:00 0 
7f7ef080b000-7f7ef10e0000 rw-p 00000000 00:00 0 
7f7ef10e0000-7f7ef49f0000 ---p 00000000 00:00 0 
7f7ef49f0000-7f7ef4a00000 rw-p 00000000 00:00 0 
7f7ef4a00000-7f7ef4c70000 rwxp 00000000 00:00 0 
7f7ef4c70000-7f7efbe5f000 ---p 00000000 00:00 0 
7f7efbe5f000-7f7efc17f000 rwxp 00000000 00:00 0 
7f7efc17f000-7f7efc59f000 ---p 00000000 00:00 0 
7f7efc59f000-7f7efc80f000 rwxp 00000000 00:00 0 
7f7efc80f000-7f7f03a00000 ---p 00000000 00:00 0 
7f7f03a00000-7f7f07e2c000 r--s 00000000 00:22 7224009                    /app/jbr/lib/modules
7f7f07e2c000-7f7f07e2d000 r--p 00000000 00:22 6693197                    /app/jbr/lib/libextnet.so
7f7f07e2d000-7f7f07e2e000 r-xp 00001000 00:22 6693197                    /app/jbr/lib/libextnet.so
7f7f07e2e000-7f7f07e2f000 r--p 00002000 00:22 6693197                    /app/jbr/lib/libextnet.so
7f7f07e2f000-7f7f07e30000 r--p 00002000 00:22 6693197                    /app/jbr/lib/libextnet.so
7f7f07e30000-7f7f07e31000 rw-p 00000000 00:00 0 
7f7f07e31000-7f7f07e32000 r--p 00000000 00:22 6691381                    /app/jbr/lib/libsimdsort.so
7f7f07e32000-7f7f07e6b000 r-xp 00001000 00:22 6691381                    /app/jbr/lib/libsimdsort.so
7f7f07e6b000-7f7f07e71000 r--p 0003a000 00:22 6691381                    /app/jbr/lib/libsimdsort.so
7f7f07e71000-7f7f07e72000 r--p 0003f000 00:22 6691381                    /app/jbr/lib/libsimdsort.so
7f7f07e72000-7f7f07e73000 rw-p 00000000 00:00 0 
7f7f07e73000-7f7f07e74000 r--p 00000000 00:22 194725                     /usr/share/runtime/locale/es/lib/es_ES.utf8/LC_NUMERIC
7f7f07e74000-7f7f07e75000 r--p 00000000 00:22 552000                     /usr/share/runtime/locale/es/lib/es_ES.utf8/LC_TIME
7f7f07e75000-7f7f07e76000 r--p 00000000 00:22 551928                     /usr/share/runtime/locale/es/lib/es_ES.utf8/LC_MONETARY
7f7f07e76000-7f7f07e77000 r--p 00000000 00:22 551367                     /usr/share/runtime/locale/es/lib/es_ES.utf8/LC_MESSAGES/SYS_LC_MESSAGES
7f7f07e77000-7f7f07e7e000 r--s 00000000 00:22 186340                     /usr/lib/x86_64-linux-gnu/gconv/gconv-modules.cache
7f7f07e7e000-7f7f085bd000 rw-p 00000000 00:00 0 
7f7f085bd000-7f7f0c000000 ---p 00000000 00:00 0 
7f7f0c000000-7f7f0c9a5000 rw-p 00000000 00:00 0 
7f7f0c9a5000-7f7f0cca8000 rw-p 00000000 00:00 0 
7f7f0cca8000-7f7f0ce1a000 rw-p 00000000 00:00 0 
7f7f0ce1a000-7f7f0d53c000 ---p 00000000 00:00 0 
7f7f0d53c000-7f7f0d5b8000 rw-p 00000000 00:00 0 
7f7f0d5b8000-7f7f0dcda000 ---p 00000000 00:00 0 
7f7f0dcda000-7f7f0ebf0000 rw-p 00000000 00:00 0 
7f7f0ebf0000-7f7f0ecd4000 ---p 00000000 00:00 0 
7f7f0ecd4000-7f7f0ecd9000 rw-p 00000000 00:00 0 
7f7f0ecd9000-7f7f0edbd000 ---p 00000000 00:00 0 
7f7f0edbd000-7f7f0edc9000 r--p 00000000 00:22 7224276                    /app/jbr/lib/libjava.so
7f7f0edc9000-7f7f0edd7000 r-xp 0000c000 00:22 7224276                    /app/jbr/lib/libjava.so
7f7f0edd7000-7f7f0eddc000 r--p 0001a000 00:22 7224276                    /app/jbr/lib/libjava.so
7f7f0eddc000-7f7f0eddd000 ---p 0001f000 00:22 7224276                    /app/jbr/lib/libjava.so
7f7f0eddd000-7f7f0edde000 r--p 0001f000 00:22 7224276                    /app/jbr/lib/libjava.so
7f7f0edde000-7f7f0eddf000 rw-p 00020000 00:22 7224276                    /app/jbr/lib/libjava.so
7f7f0eddf000-7f7f0ede0000 rw-p 00000000 00:00 0 
7f7f0ede0000-7f7f0ede3000 r--p 00000000 00:22 6693041                    /app/jbr/lib/libjimage.so
7f7f0ede3000-7f7f0edf7000 r-xp 00003000 00:22 6693041                    /app/jbr/lib/libjimage.so
7f7f0edf7000-7f7f0edfd000 r--p 00017000 00:22 6693041                    /app/jbr/lib/libjimage.so
7f7f0edfd000-7f7f0edfe000 ---p 0001d000 00:22 6693041                    /app/jbr/lib/libjimage.so
7f7f0edfe000-7f7f0ee00000 r--p 0001d000 00:22 6693041                    /app/jbr/lib/libjimage.so
7f7f0ee00000-7f7f0ee01000 rw-p 0001f000 00:22 6693041                    /app/jbr/lib/libjimage.so
7f7f0ee01000-7f7f0ee05000 ---p 00000000 00:00 0 
7f7f0ee05000-7f7f0ef01000 rw-p 00000000 00:00 0 
7f7f0ef01000-7f7f0ef13000 r--p 00000000 00:22 5447940                    /usr/lib/x86_64-linux-gnu/libm.so.6
7f7f0ef13000-7f7f0ef9c000 r-xp 00012000 00:22 5447940                    /usr/lib/x86_64-linux-gnu/libm.so.6
7f7f0ef9c000-7f7f0effe000 r--p 0009b000 00:22 5447940                    /usr/lib/x86_64-linux-gnu/libm.so.6
7f7f0effe000-7f7f0efff000 r--p 000fc000 00:22 5447940                    /usr/lib/x86_64-linux-gnu/libm.so.6
7f7f0efff000-7f7f0f000000 rw-p 000fd000 00:22 5447940                    /usr/lib/x86_64-linux-gnu/libm.so.6
7f7f0f000000-7f7f0f2dc000 r--p 00000000 00:22 7223863                    /app/jbr/lib/server/libjvm.so
7f7f0f2dc000-7f7f1026d000 r-xp 002dc000 00:22 7223863                    /app/jbr/lib/server/libjvm.so
7f7f1026d000-7f7f10589000 r--p 0126d000 00:22 7223863                    /app/jbr/lib/server/libjvm.so
7f7f10589000-7f7f1058a000 ---p 01589000 00:22 7223863                    /app/jbr/lib/server/libjvm.so
7f7f1058a000-7f7f10673000 r--p 01589000 00:22 7223863                    /app/jbr/lib/server/libjvm.so
7f7f10673000-7f7f1069e000 rw-p 01672000 00:22 7223863                    /app/jbr/lib/server/libjvm.so
7f7f1069e000-7f7f1072a000 rw-p 00000000 00:00 0 
7f7f1072a000-7f7f1072b000 r--p 00000000 00:22 184433                     /usr/share/runtime/locale/es/lib/es_ES.utf8/LC_PAPER
7f7f1072b000-7f7f1072c000 r--p 00000000 00:22 188851                     /usr/share/runtime/locale/es/lib/es_ES.utf8/LC_NAME
7f7f1072c000-7f7f1072d000 r--p 00000000 00:22 551086                     /usr/share/runtime/locale/es/lib/es_ES.utf8/LC_ADDRESS
7f7f1072d000-7f7f10734000 rw-p 00000000 00:00 0 
7f7f10734000-7f7f1073c000 ---p 00000000 00:00 0 
7f7f1073c000-7f7f10744000 rw-s 00000000 00:68 1347                       /tmp/hsperfdata_sharonblancopiedra/9777
7f7f10744000-7f7f10745000 r--p 00000000 00:22 7205045                    /usr/lib/x86_64-linux-gnu/librt.so.1
7f7f10745000-7f7f10746000 r-xp 00001000 00:22 7205045                    /usr/lib/x86_64-linux-gnu/librt.so.1
7f7f10746000-7f7f10747000 r--p 00002000 00:22 7205045                    /usr/lib/x86_64-linux-gnu/librt.so.1
7f7f10747000-7f7f10748000 r--p 00002000 00:22 7205045                    /usr/lib/x86_64-linux-gnu/librt.so.1
7f7f10748000-7f7f10749000 rw-p 00003000 00:22 7205045                    /usr/lib/x86_64-linux-gnu/librt.so.1
7f7f10749000-7f7f1074d000 rw-p 00000000 00:00 0 
7f7f1074d000-7f7f1074e000 r--p 00000000 00:22 7205015                    /usr/lib/x86_64-linux-gnu/libpthread.so.0
7f7f1074e000-7f7f1074f000 r-xp 00001000 00:22 7205015                    /usr/lib/x86_64-linux-gnu/libpthread.so.0
7f7f1074f000-7f7f10750000 r--p 00002000 00:22 7205015                    /usr/lib/x86_64-linux-gnu/libpthread.so.0
7f7f10750000-7f7f10751000 r--p 00002000 00:22 7205015                    /usr/lib/x86_64-linux-gnu/libpthread.so.0
7f7f10751000-7f7f10752000 rw-p 00003000 00:22 7205015                    /usr/lib/x86_64-linux-gnu/libpthread.so.0
7f7f10752000-7f7f10753000 r--p 00000000 00:22 7204706                    /usr/lib/x86_64-linux-gnu/libdl.so.2
7f7f10753000-7f7f10754000 r-xp 00001000 00:22 7204706                    /usr/lib/x86_64-linux-gnu/libdl.so.2
7f7f10754000-7f7f10755000 r--p 00002000 00:22 7204706                    /usr/lib/x86_64-linux-gnu/libdl.so.2
7f7f10755000-7f7f10756000 r--p 00002000 00:22 7204706                    /usr/lib/x86_64-linux-gnu/libdl.so.2
7f7f10756000-7f7f10757000 rw-p 00003000 00:22 7204706                    /usr/lib/x86_64-linux-gnu/libdl.so.2
7f7f10757000-7f7f1075a000 r--p 00000000 00:22 5447087                    /usr/lib/x86_64-linux-gnu/libz.so.1.3.1
7f7f1075a000-7f7f10769000 r-xp 00003000 00:22 5447087                    /usr/lib/x86_64-linux-gnu/libz.so.1.3.1
7f7f10769000-7f7f1076f000 r--p 00012000 00:22 5447087                    /usr/lib/x86_64-linux-gnu/libz.so.1.3.1
7f7f1076f000-7f7f10770000 r--p 00018000 00:22 5447087                    /usr/lib/x86_64-linux-gnu/libz.so.1.3.1
7f7f10770000-7f7f10771000 rw-p 00019000 00:22 5447087                    /usr/lib/x86_64-linux-gnu/libz.so.1.3.1
7f7f10771000-7f7f10799000 r--p 00000000 00:22 7204601                    /usr/lib/x86_64-linux-gnu/libc.so.6
7f7f10799000-7f7f1090e000 r-xp 00028000 00:22 7204601                    /usr/lib/x86_64-linux-gnu/libc.so.6
7f7f1090e000-7f7f1095d000 r--p 0019d000 00:22 7204601                    /usr/lib/x86_64-linux-gnu/libc.so.6
7f7f1095d000-7f7f10961000 r--p 001eb000 00:22 7204601                    /usr/lib/x86_64-linux-gnu/libc.so.6
7f7f10961000-7f7f10963000 rw-p 001ef000 00:22 7204601                    /usr/lib/x86_64-linux-gnu/libc.so.6
7f7f10963000-7f7f10970000 rw-p 00000000 00:00 0 
7f7f10970000-7f7f10971000 r--p 00000000 00:22 551099                     /usr/share/runtime/locale/es/lib/es_ES.utf8/LC_TELEPHONE
7f7f10971000-7f7f10972000 r--p 00000000 00:22 189272                     /usr/share/runtime/locale/es/lib/es_ES.utf8/LC_MEASUREMENT
7f7f10972000-7f7f10973000 r--p 00000000 00:22 550840                     /usr/share/runtime/locale/es/lib/es_ES.utf8/LC_IDENTIFICATION
7f7f10973000-7f7f10975000 r--p 00000000 00:22 6693699                    /app/jbr/lib/libinstrument.so
7f7f10975000-7f7f1097b000 r-xp 00002000 00:22 6693699                    /app/jbr/lib/libinstrument.so
7f7f1097b000-7f7f1097e000 r--p 00008000 00:22 6693699                    /app/jbr/lib/libinstrument.so
7f7f1097e000-7f7f1097f000 r--p 0000a000 00:22 6693699                    /app/jbr/lib/libinstrument.so
7f7f1097f000-7f7f10980000 rw-p 0000b000 00:22 6693699                    /app/jbr/lib/libinstrument.so
7f7f10980000-7f7f10981000 ---p 00000000 00:00 0 
7f7f10981000-7f7f10982000 r--p 00000000 00:00 0 
7f7f10982000-7f7f10983000 ---p 00000000 00:00 0 
7f7f10983000-7f7f10985000 r--p 00000000 00:22 6693557                    /app/jbr/lib/libjli.so
7f7f10985000-7f7f1098f000 r-xp 00002000 00:22 6693557                    /app/jbr/lib/libjli.so
7f7f1098f000-7f7f10992000 r--p 0000c000 00:22 6693557                    /app/jbr/lib/libjli.so
7f7f10992000-7f7f10993000 ---p 0000f000 00:22 6693557                    /app/jbr/lib/libjli.so
7f7f10993000-7f7f10994000 r--p 0000f000 00:22 6693557                    /app/jbr/lib/libjli.so
7f7f10994000-7f7f10995000 rw-p 00010000 00:22 6693557                    /app/jbr/lib/libjli.so
7f7f10995000-7f7f10997000 rw-p 00000000 00:00 0 
7f7f10997000-7f7f1099b000 r--p 00000000 00:00 0                          [vvar]
7f7f1099b000-7f7f1099d000 r--p 00000000 00:00 0                          [vvar_vclock]
7f7f1099d000-7f7f1099f000 r-xp 00000000 00:00 0                          [vdso]
7f7f1099f000-7f7f109a0000 r--p 00000000 00:22 7204874                    /usr/lib/x86_64-linux-gnu/ld-linux-x86-64.so.2
7f7f109a0000-7f7f109ca000 r-xp 00001000 00:22 7204874                    /usr/lib/x86_64-linux-gnu/ld-linux-x86-64.so.2
7f7f109ca000-7f7f109d5000 r--p 0002b000 00:22 7204874                    /usr/lib/x86_64-linux-gnu/ld-linux-x86-64.so.2
7f7f109d5000-7f7f109d7000 r--p 00036000 00:22 7204874                    /usr/lib/x86_64-linux-gnu/ld-linux-x86-64.so.2
7f7f109d7000-7f7f109d8000 rw-p 00038000 00:22 7204874                    /usr/lib/x86_64-linux-gnu/ld-linux-x86-64.so.2
7f7f109d8000-7f7f109d9000 rw-p 00000000 00:00 0 
7ffcdb351000-7ffcdb373000 rw-p 00000000 00:00 0                          [stack]
ffffffffff600000-ffffffffff601000 --xp 00000000 00:00 0                  [vsyscall]
Total number of mappings: 286

JVMTI agents:
/app/lib/idea_rt.jar path:none, loaded, initialized, instrumentlib options:36789


VM Arguments:
jvm_args: -javaagent:/app/lib/idea_rt.jar=36789 -Dfile.encoding=UTF-8 -Dsun.stdout.encoding=UTF-8 -Dsun.stderr.encoding=UTF-8 -Dawt.toolkit.name=XToolkit 
java_command: Main
java_class_path (initial): /home/sharonblancopiedra/Documents/VII SEMESTRE/COMPILADORES/SEMANA 12/AlphaCompilerLLVM/target/classes:/home/sharonblancopiedra/.m2/repository/org/bytedeco/llvm/21.1.8-1.5.13/llvm-21.1.8-1.5.13.jar:/home/sharonblancopiedra/.m2/repository/org/bytedeco/javacpp/1.5.13/javacpp-1.5.13.jar:/home/sharonblancopiedra/.m2/repository/org/bytedeco/llvm-platform/21.1.8-1.5.13/llvm-platform-21.1.8-1.5.13.jar:/home/sharonblancopiedra/.m2/repository/org/bytedeco/javacpp-platform/1.5.13/javacpp-platform-1.5.13.jar:/home/sharonblancopiedra/.m2/repository/org/bytedeco/javacpp/1.5.13/javacpp-1.5.13-android-arm64.jar:/home/sharonblancopiedra/.m2/repository/org/bytedeco/javacpp/1.5.13/javacpp-1.5.13-android-x86_64.jar:/home/sharonblancopiedra/.m2/repository/org/bytedeco/javacpp/1.5.13/javacpp-1.5.13-ios-arm64.jar:/home/sharonblancopiedra/.m2/repository/org/bytedeco/javacpp/1.5.13/javacpp-1.5.13-ios-x86_64.jar:/home/sharonblancopiedra/.m2/repository/org/bytedeco/javacpp/1.5.13/javacpp-1.5.13-linux-arm64.jar:/home/sharonblancopiedra/.m2/repository/org/bytedeco/javacpp/1.5.13/javacpp-1.5.13-linux-ppc64le.jar:/home/sharonblancopiedra/.m2/repository/org/bytedeco/javacpp/1.5.13/javacpp-1.5.13-linux-riscv64.jar:/home/sharonblancopiedra/.m2/repository/org/bytedeco/javacpp/1.5.13/javacpp-1.5.13-linux-x86_64.jar:/home/sharonblancopiedra/.m2/repository/org/bytedeco/javacpp/1.5.13/javacpp-1.5.13-macosx-arm64.jar:/home/sharonblancopiedra/.m2/repository/org/bytedeco/javacpp/1.5.13/javacpp-1.5.13-macosx-x86_64.jar:/home/sharonblancopiedra/.m2/repository/org/bytedeco/javacpp/1.5.13/javacpp-1.5.13-windows-arm64.jar:/home/sharonblancopiedra/.m2/repository/org/bytedeco/javacpp/1.5.13/javacpp-1.5.13-windows-x86_64.jar:/home/sharonblancopiedra/.m2/repository/org/bytedeco/llvm/21.1.8-1.5.13/llvm-21.1.8-1.5.13-linux-x86_64.jar:/home/sharonblancopiedra/.m2/repository/org/bytedeco/llvm/21.1.8-1.5.13/llvm-21.1.8-1.5.13-linux-arm64.jar:/home/sharonblancopiedra/.m2/repository/org/bytedeco/llvm/21.1.8-1.5.13/llvm-21.1.8-1.5.13-macosx-arm64.jar:/home/sharonblancopiedra/.m2/repository/org/bytedeco/llvm/21.1.8-1.5.13/llvm-21.1.8-1.5.13-macosx-x86_64.jar:/home/sharonblancopiedra/.m2/repository/org/bytedeco/llvm/21.1.8-1.5.13/llvm-21.1.8-1.5.13-windows-arm64.jar:/home/sharonblancopiedra/.m2/repository/org/bytedeco/llvm/21.1.8-1.5.13/llvm-21.1.8-1.5.13-windows-x86_64.jar:/home/sharonblancopiedra/.m2/repository/org/antlr/antlr4-runtime/4.13.2/antlr4-runtime-4.13.2.jar
Launcher Type: SUN_STANDARD

[Global flags]
     intx CICompilerCount                          = 12                                        {product} {ergonomic}
     uint ConcGCThreads                            = 4                                         {product} {ergonomic}
     uint G1ConcRefinementThreads                  = 15                                        {product} {ergonomic}
   size_t G1HeapRegionSize                         = 2097152                                   {product} {ergonomic}
   size_t InitialHeapSize                          = 255852544                                 {product} {ergonomic}
   size_t MarkStackSize                            = 4194304                                   {product} {ergonomic}
   size_t MarkStackSizeMax                         = 536870912                                 {product} {ergonomic}
   size_t MaxHeapSize                              = 4089446400                                {product} {ergonomic}
   size_t MaxNewSize                               = 2453667840                                {product} {ergonomic}
   size_t MinHeapDeltaBytes                        = 2097152                                   {product} {ergonomic}
   size_t MinHeapSize                              = 8388608                                   {product} {ergonomic}
    uintx NonNMethodCodeHeapSize                   = 7602176                                {pd product} {ergonomic}
    uintx NonProfiledCodeHeapSize                  = 122032128                              {pd product} {ergonomic}
    uintx ProfiledCodeHeapSize                     = 122023936                              {pd product} {ergonomic}
    uintx ReservedCodeCacheSize                    = 251658240                              {pd product} {ergonomic}
     bool SegmentedCodeCache                       = true                                      {product} {ergonomic}
   size_t SoftMaxHeapSize                          = 4089446400                             {manageable} {ergonomic}
     bool UseCompressedOops                        = true                           {product lp64_product} {ergonomic}
     bool UseG1GC                                  = true                                      {product} {ergonomic}

Logging:
Log output configuration:
 #0: stdout all=warning uptime,level,tags foldmultilines=false
 #1: stderr all=off uptime,level,tags foldmultilines=false

Release file:
JAVA_VERSION="25.0.2"
MODULES="java.base java.datatransfer java.xml java.prefs java.desktop gluegen.rt java.compiler java.instrument java.logging java.management java.security.sasl java.naming java.rmi java.management.rmi java.net.http java.scripting java.security.jgss java.transaction.xa java.sql java.sql.rowset java.xml.crypto java.se java.smartcardio jogl.all jcef jdk.accessibility jdk.internal.jvmstat jdk.attach jdk.charsets jdk.internal.opt jdk.zipfs jdk.compiler jdk.crypto.cryptoki jdk.crypto.ec jdk.dynalink jdk.hotspot.agent jdk.httpserver jdk.internal.ed jdk.internal.le jdk.internal.md jdk.internal.vm.ci jdk.javadoc jdk.jcmd jdk.jdwp.agent jdk.jdi jdk.jfr jdk.localedata jdk.management jdk.management.agent jdk.management.jfr jdk.naming.dns jdk.naming.rmi jdk.net jdk.sctp jdk.security.auth jdk.security.jgss jdk.unsupported jdk.unsupported.desktop jdk.xml.dom"
IMPLEMENTOR="JetBrains s.r.o."
IMPLEMENTOR_VERSION="JBR-25.0.2+10-329.117-jcef"
JAVA_RUNTIME_VERSION="25.0.2+10-b329.117"
LIBC="gnu"
OS_ARCH="x86_64"
OS_NAME="Linux"
SOURCE=".:git:b692a8ec6ff7+ jcef_git:git:4a605f44671a"
JCEF_VERSION="137.0.17.1142+g68de80b"
JCEF_COMMIT_HASH="68de80bc86de497c8d0632ad0f8fe33625b33bff"
JCEF_VERSION_DETAILED=137.0.17-gf354b0e-chromium-137.0.7151.104-api-1.21-261-b81

Environment Variables:
JAVA_HOME=/app/jbr
PATH=/app/bin:/usr/bin:/home/sharonblancopiedra/.var/app/com.jetbrains.IntelliJ-IDEA-Ultimate/data/node/bin:/home/sharonblancopiedra/.var/app/com.jetbrains.IntelliJ-IDEA-Ultimate/data/cargo/bin:/home/sharonblancopiedra/.var/app/com.jetbrains.IntelliJ-IDEA-Ultimate/data/python/bin
USERNAME=sharonblancopiedra
XDG_CACHE_HOME=/home/sharonblancopiedra/.var/app/com.jetbrains.IntelliJ-IDEA-Ultimate/cache
XDG_CONFIG_HOME=/home/sharonblancopiedra/.var/app/com.jetbrains.IntelliJ-IDEA-Ultimate/config
LD_LIBRARY_PATH=
SHELL=/bin/sh
WAYLAND_DISPLAY=wayland-0
LANG=es_ES.UTF-8

Active Locale:
LC_ALL=es_ES.UTF-8
LC_COLLATE=es_ES.UTF-8
LC_CTYPE=es_ES.UTF-8
LC_MESSAGES=es_ES.UTF-8
LC_MONETARY=es_ES.UTF-8
LC_NUMERIC=es_ES.UTF-8
LC_TIME=es_ES.UTF-8

Signal Handlers:
   SIGSEGV: 0x00007f7f10199dc0 in libjvm.so+18456000, mask=11100100010111111101111111111110, flags=SA_RESTART|SA_SIGINFO, unblocked
    SIGBUS: 0x00007f7f10199dc0 in libjvm.so+18456000, mask=11100100010111111101111111111110, flags=SA_RESTART|SA_SIGINFO, unblocked
    SIGFPE: 0x00007f7f10199dc0 in libjvm.so+18456000, mask=11100100010111111101111111111110, flags=SA_RESTART|SA_SIGINFO, unblocked
   SIGPIPE: 0x00007f7f0ffe9b60 in libjvm.so+16685920, mask=11100100010111111101111111111110, flags=SA_RESTART|SA_SIGINFO, blocked
   SIGXFSZ: 0x00007f7f0ffe9b60 in libjvm.so+16685920, mask=11100100010111111101111111111110, flags=SA_RESTART|SA_SIGINFO, blocked
    SIGILL: 0x00007f7f10199dc0 in libjvm.so+18456000, mask=11100100010111111101111111111110, flags=SA_RESTART|SA_SIGINFO, unblocked
   SIGUSR2: 0x00007f7f0ffeb180 in libjvm.so+16691584, mask=00000000000000000000000000000000, flags=SA_RESTART|SA_SIGINFO, blocked
    SIGHUP: 0x00007f7f0ffe8e20 in libjvm.so+16682528, mask=11100100010111111101111111111110, flags=SA_RESTART|SA_SIGINFO, blocked
    SIGINT: 0x00007f7f0ffe8e20 in libjvm.so+16682528, mask=11100100010111111101111111111110, flags=SA_RESTART|SA_SIGINFO, blocked
   SIGTERM: 0x00007f7f0ffe8e20 in libjvm.so+16682528, mask=11100100010111111101111111111110, flags=SA_RESTART|SA_SIGINFO, blocked
   SIGQUIT: 0x00007f7f0ffe8e20 in libjvm.so+16682528, mask=11100100010111111101111111111110, flags=SA_RESTART|SA_SIGINFO, blocked
   SIGTRAP: 0x00007f7f10199dc0 in libjvm.so+18456000, mask=11100100010111111101111111111110, flags=SA_RESTART|SA_SIGINFO, unblocked


Compilation memory statistics disabled.

Periodic native trim disabled

JNI global refs:
JNI global refs: 23, weak refs: 214

JNI global refs memory usage: 859, weak refs: 2753

Process memory usage:
Resident Set Size: 153156K (0% of 15968792K total physical memory with 7841980K free physical memory)

OOME stack traces (most recent first):
Classloader memory used:
Loader jdk.internal.loader.ClassLoaders$AppClassLoader                                 : 2162 K
Loader bootstrap                                                                       : 1177 K

---------------  S Y S T E M  ---------------

OS:
NAME="Freedesktop SDK"
VERSION="25.08 (Flatpak runtime)"
VERSION_ID=25.08
ID=org.freedesktop.platform
PRETTY_NAME="Freedesktop SDK 25.08 (Flatpak runtime)"
BUG_REPORT_URL=https://gitlab.com/freedesktop-sdk/freedesktop-sdk/issues
uname: Linux 7.0.4-100.fc43.x86_64 #1 SMP PREEMPT_DYNAMIC Thu May  7 18:45:35 UTC 2026 x86_64
OS uptime: 0 days 1:42 hours
libc: glibc 2.42 NPTL 2.42 
rlimit (soft/hard): STACK 8192k/infinity , CORE infinity/infinity , NPROC 61707/61707 , NOFILE 1048576/1048576 , AS infinity/infinity , CPU infinity/infinity , DATA infinity/infinity , FSIZE infinity/infinity , MEMLOCK 8192k/8192k
load average: 1,92 1,68 1,56

/proc/meminfo:
MemTotal:       15968792 kB
MemFree:          726188 kB
MemAvailable:    7841980 kB
Buffers:             376 kB
Cached:          8415404 kB
SwapCached:        16516 kB
Active:          6474344 kB
Inactive:        7172280 kB
Active(anon):    3652040 kB
Inactive(anon):  2700692 kB
Active(file):    2822304 kB
Inactive(file):  4471588 kB
Unevictable:      395580 kB
Mlocked:            6180 kB
SwapTotal:       8388604 kB
SwapFree:        8080056 kB
Zswap:                 0 kB
Zswapped:              0 kB
Dirty:             33668 kB
Writeback:             0 kB
AnonPages:       5612464 kB
Mapped:          1364704 kB
Shmem:           1116788 kB
KReclaimable:     221748 kB
Slab:             600996 kB
SReclaimable:     221748 kB
SUnreclaim:       379248 kB
KernelStack:       30128 kB
PageTables:        75084 kB
SecPageTables:      2080 kB
NFS_Unstable:          0 kB
Bounce:                0 kB
WritebackTmp:          0 kB
CommitLimit:    16373000 kB
Committed_AS:   16802336 kB
VmallocTotal:   34359738367 kB
VmallocUsed:      304476 kB
VmallocChunk:          0 kB
Percpu:            23840 kB
HardwareCorrupted:     0 kB
AnonHugePages:         0 kB
ShmemHugePages:   598016 kB
ShmemPmdMapped:        0 kB
FileHugePages:         0 kB
FilePmdMapped:         0 kB
CmaTotal:              0 kB
CmaFree:               0 kB
Unaccepted:            0 kB
Balloon:               0 kB
HugePages_Total:       0
HugePages_Free:        0
HugePages_Rsvd:        0
HugePages_Surp:        0
Hugepagesize:       2048 kB
Hugetlb:               0 kB
DirectMap4k:      436896 kB
DirectMap2M:     6512640 kB
DirectMap1G:     9437184 kB

/sys/kernel/mm/transparent_hugepage/enabled: <Not Available>
/sys/kernel/mm/transparent_hugepage/hpage_pmd_size: <Not Available>
/sys/kernel/mm/transparent_hugepage/shmem_enabled: <Not Available>
/sys/kernel/mm/transparent_hugepage/defrag (defrag/compaction efforts parameter): <Not Available>

Process Memory:
Virtual Size: 7411556K (peak: 7456852K)
Resident Set Size: 153240K (peak: 153240K) (anon: 85456K, file: 67752K, shmem: 32K)
Swapped out: 0K
C-Heap outstanding allocations: 66982K, retained: 6701K
glibc malloc tunables: (default)

/proc/sys/kernel/threads-max (system-wide limit on the number of threads): 123414
/proc/sys/vm/max_map_count (maximum number of memory map areas a process may have): 1048576
/proc/sys/vm/swappiness (control to define how aggressively the kernel swaps out anonymous memory): 10
/proc/sys/kernel/pid_max (system-wide limit on number of process identifiers): 4194304

container information not found.
Steal ticks since vm start: 0
Steal ticks percentage since vm start:  0,000

CPU: total 20 (initial active 20) (20 cores per cpu, 1 threads per core) family 6 model 154 stepping 3 microcode 0x43b, cx8, cmov, fxsr, mmx, 3dnowpref, sse, sse2, sse3, ssse3, sse4.1, sse4.2, popcnt, lzcnt, tsc, tscinvbit, avx, avx2, aes, erms, clmul, bmi1, bmi2, adx, sha, fma, vzeroupper, clflush, clflushopt, clwb, serialize, rdtscp, rdpid, fsrm, gfni, f16c, pku, ospke, cet_ibt, cet_ss
CPU Model and flags from /proc/cpuinfo:
model name	: 12th Gen Intel(R) Core(TM) i7-12700H
flags		: fpu vme de pse tsc msr pae mce cx8 apic sep mtrr pge mca cmov pat pse36 clflush dts acpi mmx fxsr sse sse2 ss ht tm pbe syscall nx pdpe1gb rdtscp lm constant_tsc art arch_perfmon pebs bts rep_good nopl xtopology nonstop_tsc cpuid aperfmperf tsc_known_freq pni pclmulqdq dtes64 monitor ds_cpl vmx smx est tm2 ssse3 sdbg fma cx16 xtpr pdcm pcid sse4_1 sse4_2 x2apic movbe popcnt tsc_deadline_timer aes xsave avx f16c rdrand lahf_lm abm 3dnowprefetch cpuid_fault epb ssbd ibrs ibpb stibp ibrs_enhanced tpr_shadow flexpriority ept vpid ept_ad fsgsbase tsc_adjust bmi1 avx2 smep bmi2 erms invpcid rdseed adx smap clflushopt clwb intel_pt sha_ni xsaveopt xsavec xgetbv1 xsaves split_lock_detect user_shstk avx_vnni dtherm ida arat pln pts hwp hwp_notify hwp_act_window hwp_epp hwp_pkg_req hfi vnmi umip pku ospke waitpkg gfni vaes vpclmulqdq rdpid movdiri movdir64b fsrm md_clear serialize arch_lbr ibt flush_l1d arch_capabilities

Online cpus: 0-19
Offline cpus: 
BIOS frequency limitation: <Not Available>
Frequency switch latency (ns): 0
Available cpu frequencies: <Not Available>
Current governor: powersave
Core performance/turbo boost: <Not Available>

Memory: 4k page, physical 15968792k(7841980k free), swap 8388604k(8080056k free)
Page Sizes: 4k

vm_info: OpenJDK 64-Bit Server VM (25.0.2+10-b329.117) for linux-amd64 JRE (25.0.2+10-b329.117), built on 2026-04-20 with gcc 10.3.1 20210422 (Red Hat 10.3.1-1.2.0.1)

END.
