#
# A fatal error has been detected by the Java Runtime Environment:
#
#  SIGSEGV (0xb) at pc=0x00007fe0b73aeda4, pid=9688, tid=9689
#
# JRE version: OpenJDK Runtime Environment JBR-25.0.2+10-329.117-jcef (25.0.2+10) (build 25.0.2+10-b329.117)
# Java VM: OpenJDK 64-Bit Server VM JBR-25.0.2+10-329.117-jcef (25.0.2+10-b329.117, mixed mode, sharing, tiered, compressed oops, compressed class ptrs, g1 gc, linux-amd64)
# Problematic frame:
# C  [libLLVM.so.21.1+0xbaeda4]  llvm::BasicBlock::getDataLayout() const+0x4
#
# Core dump will be written. Default location: Core dumps may be processed with "/usr/lib/systemd/systemd-coredump %P %u %g %s %t %c %h %d %F" (or dumping to /home/sharonblancopiedra/Documents/VII SEMESTRE/COMPILADORES/SEMANA 12/AlphaCompilerLLVM/core.9688)
#
# If you would like to submit a bug report, please visit:
#   https://youtrack.jetbrains.com/issues/JBR
# The crash happened outside the Java Virtual Machine in native code.
# See problematic frame for where to report the bug.
#

---------------  S U M M A R Y ------------

Command Line: -javaagent:/app/lib/idea_rt.jar=36383 -Dfile.encoding=UTF-8 -Dsun.stdout.encoding=UTF-8 -Dsun.stderr.encoding=UTF-8 -Dawt.toolkit.name=XToolkit Main

Host: 12th Gen Intel(R) Core(TM) i7-12700H, 20 cores, 15G, Freedesktop SDK 25.08 (Flatpak runtime)
Time: Thu May 21 10:38:18 2026 CST elapsed time: 0.205082 seconds (0d 0h 0m 0s)

---------------  T H R E A D  ---------------

Current thread (0x00007fe13c02c680):  JavaThread "main"             [_thread_in_native, id=9689, stack(0x00007fe140601000,0x00007fe140701000) (1024K)]

Stack: [0x00007fe140601000,0x00007fe140701000],  sp=0x00007fe1406fef98,  free space=1015k
Native frames: (J=compiled Java code, j=interpreted, Vv=VM code, C=native code)
C  [libLLVM.so.21.1+0xbaeda4]  llvm::BasicBlock::getDataLayout() const+0x4
Java frames: (J=compiled Java code, j=interpreted, Vv=VM code)
j  org.bytedeco.llvm.global.LLVM.LLVMBuildAlloca(Lorg/bytedeco/llvm/LLVM/LLVMBuilderRef;Lorg/bytedeco/llvm/LLVM/LLVMTypeRef;Ljava/lang/String;)Lorg/bytedeco/llvm/LLVM/LLVMValueRef;+0
j  encoder.AlphaCompilerEncoder.visitVarSingleDeclaration(Lsyntaxchecker/generated/AlphaCompilerParser$VarSingleDeclarationContext;)Ljava/lang/Object;+26
j  syntaxchecker.generated.AlphaCompilerParser$VarSingleDeclarationContext.accept(Lorg/antlr/v4/runtime/tree/ParseTreeVisitor;)Ljava/lang/Object;+12
j  org.antlr.v4.runtime.tree.AbstractParseTreeVisitor.visit(Lorg/antlr/v4/runtime/tree/ParseTree;)Ljava/lang/Object;+2
j  encoder.AlphaCompilerEncoder.visitVarSingleDeclaration2(Lsyntaxchecker/generated/AlphaCompilerParser$VarSingleDeclaration2Context;)Ljava/lang/Object;+5
j  syntaxchecker.generated.AlphaCompilerParser$VarSingleDeclaration2Context.accept(Lorg/antlr/v4/runtime/tree/ParseTreeVisitor;)Ljava/lang/Object;+12
j  org.antlr.v4.runtime.tree.AbstractParseTreeVisitor.visitChildren(Lorg/antlr/v4/runtime/tree/RuleNode;)Ljava/lang/Object;+46
j  syntaxchecker.generated.AlphaCompilerBaseVisitor.visitDeclaration(Lsyntaxchecker/generated/AlphaCompilerParser$DeclarationContext;)Ljava/lang/Object;+2
j  encoder.AlphaCompilerEncoder.visitDeclaration(Lsyntaxchecker/generated/AlphaCompilerParser$DeclarationContext;)Ljava/lang/Object;+2
j  syntaxchecker.generated.AlphaCompilerParser$DeclarationContext.accept(Lorg/antlr/v4/runtime/tree/ParseTreeVisitor;)Ljava/lang/Object;+12
j  org.antlr.v4.runtime.tree.AbstractParseTreeVisitor.visit(Lorg/antlr/v4/runtime/tree/ParseTree;)Ljava/lang/Object;+2
j  encoder.AlphaCompilerEncoder.visitLetSingleCommand(Lsyntaxchecker/generated/AlphaCompilerParser$LetSingleCommandContext;)Ljava/lang/Object;+5
j  syntaxchecker.generated.AlphaCompilerParser$LetSingleCommandContext.accept(Lorg/antlr/v4/runtime/tree/ParseTreeVisitor;)Ljava/lang/Object;+12
j  org.antlr.v4.runtime.tree.AbstractParseTreeVisitor.visitChildren(Lorg/antlr/v4/runtime/tree/RuleNode;)Ljava/lang/Object;+46
j  syntaxchecker.generated.AlphaCompilerBaseVisitor.visitProgram(Lsyntaxchecker/generated/AlphaCompilerParser$ProgramContext;)Ljava/lang/Object;+2
j  encoder.AlphaCompilerEncoder.visitProgram(Lsyntaxchecker/generated/AlphaCompilerParser$ProgramContext;)Ljava/lang/Object;+26
j  syntaxchecker.generated.AlphaCompilerParser$ProgramContext.accept(Lorg/antlr/v4/runtime/tree/ParseTreeVisitor;)Ljava/lang/Object;+12
j  org.antlr.v4.runtime.tree.AbstractParseTreeVisitor.visit(Lorg/antlr/v4/runtime/tree/ParseTree;)Ljava/lang/Object;+2
j  Main.main([Ljava/lang/String;)V+184
v  ~StubRoutines::call_stub 0x00007fe12fe5ffa6

siginfo: si_signo: 11 (SIGSEGV), si_code: 1 (SEGV_MAPERR), si_addr: 0x0000000000000048

Registers:
RAX=0x0000000000000000, RBX=0x00007fe0f0522d30, RCX=0x00007fe13c02c678, RDX=0x00007fe13c449e60
RSP=0x00007fe1406fef98, RBP=0x00007fe13c4478c0, RSI=0x0000000000000101, RDI=0x0000000000000000
R8 =0x000000071a90afe8, R9 =0x0000000000000002, R10=0x0000000000000000, R11=0x00007fe0b740fc00
R12=0x0000000000000000, R13=0x00007fe13c4406a0, R14=0x00007fe13c449e60, R15=0x00007fe13c02c680
RIP=0x00007fe0b73aeda4, EFLAGS=0x0000000000010206, CSGSFS=0x002b000000000033, ERR=0x0000000000000004
  TRAPNO=0x000000000000000e

XMM[0]=0x00007fe13c02e060 0x00007fe13c02dc88
XMM[1]=0x00007fe13c02dc70 0x00007fe13c02dc30
XMM[2]=0x0000000000000000 0x00007fe13c02c680
XMM[3]=0x0000000000000000 0x00007fe1406fedf9
XMM[4]=0xd1fb060202615ec2 0x00000007fe13c44d
XMM[5]=0x0000000000000000 0x0000000000000000
XMM[6]=0x0202020202020202 0x0202020202020202
XMM[7]=0x0101010101010101 0x0101010101010101
XMM[8]=0x0000000000000001 0x0000000000000001
XMM[9]=0x0000000000000003 0x0000000000000003
XMM[10]=0x0000000000000001 0x0000000000000001
XMM[11]=0x88d438e688d438e6 0x88d438e61a492229
XMM[12]=0x0000000000000000 0x000000009174e943
XMM[13]=0x0000000000000000 0x0000000000fe00fa
XMM[14]=0x0000000000000000 0x0000000000000000
XMM[15]=0x0000000000000000 0x0000000000000000
  MXCSR=0x00001fa2


Register to memory mapping:

RAX=0x0 is null
RBX={method} {0x00007fe0f0522d30} 'LLVMBuildAlloca' '(Lorg/bytedeco/llvm/LLVM/LLVMBuilderRef;Lorg/bytedeco/llvm/LLVM/LLVMTypeRef;Ljava/lang/String;)Lorg/bytedeco/llvm/LLVM/LLVMValueRef;' in 'org/bytedeco/llvm/global/LLVM'
RCX=0x00007fe13c02c678 points into unknown readable memory: 0x00000000000008b5 | b5 08 00 00 00 00 00 00
RDX=0x00007fe13c449e60 points into unknown readable memory: 0x00007fe6c2570078 | 78 00 57 c2 e6 7f 00 00
RSP=0x00007fe1406fef98 is pointing into the stack for thread: 0x00007fe13c02c680
RBP=0x00007fe13c4478c0 points into unknown readable memory: 0x00007fe0bfeb8020 | 20 80 eb bf e0 7f 00 00
RSI=0x0000000000000101 is an unknown value
RDI=0x0 is null
R8 =
[error occurred during error reporting (printing register info), id 0xb, SIGSEGV (0xb) at pc=0x00007fe1410aa9d0]
R9 =0x0000000000000002 is an unknown value
R10=0x0 is null
R11=0x00007fe0b740fc00: LLVMBuildAlloca+0x0000000000000000 in /home/sharonblancopiedra/.javacpp/cache/llvm-21.1.8-1.5.13-linux-x86_64.jar/org/bytedeco/llvm/linux-x86_64/libLLVM.so.21.1 at 0x00007fe0b6800000
R12=0x0 is null
R13=0x00007fe13c4406a0 points into unknown readable memory: 0x00007fe13c4406b0 | b0 06 44 3c e1 7f 00 00
R14=0x00007fe13c449e60 points into unknown readable memory: 0x00007fe6c2570078 | 78 00 57 c2 e6 7f 00 00
R15=0x00007fe13c02c680 is a thread

Top of Stack: (sp=0x00007fe1406fef98)
0x00007fe1406fef98:   00007fe0b740fc49 00007fe13c449e60   I.@.....`.D<....
0x00007fe1406fefa8:   0000000000000000 00007fe13c02c680   ...........<....
0x00007fe1406fefb8:   0000000000000000 0000000000000103   ................
0x00007fe1406fefc8:   0000000000000000 0000000000000000   ................
0x00007fe1406fefd8:   0000000000000001 00007fe13c449e60   ........`.D<....
0x00007fe1406fefe8:   00007fe13c143c40 00007fe1406ff0f8   @<.<......o@....
0x00007fe1406feff8:   4c9abe06853a8100 00007fe13c02cb20   ..:....L ..<....
0x00007fe1406ff008:   00007fe0f0522d30 00007fe13c02cb20   0-R..... ..<....
0x00007fe1406ff018:   0000000000000000 00007fe13c4478c0   .........xD<....
0x00007fe1406ff028:   00007fe13c449e60 00007fe13c02c680   `.D<.......<....
0x00007fe1406ff038:   00007fe112789064 0000000000000000   d.x.............
0x00007fe1406ff048:   00007fe1406ff0d8 0000000000000000   ..o@............
0x00007fe1406ff058:   00007fe0f0522d30 00007fe1406ff108   0-R.......o@....
0x00007fe1406ff068:   00007fe12fe6bf85 00007fe1406ff0d8   .../......o@....
0x00007fe1406ff078:   00007fe12fe6bc83 0000000000000000   .../............
0x00007fe1406ff088:   00007fe12fe6bc4b fffffffffffffff7   K../............
0x00007fe1406ff098:   00007fe0f0522d30 0000000000000006   0-R.............
0x00007fe1406ff0a8:   00007fe0f05611f0 0000000000000000   ..V.............
0x00007fe1406ff0b8:   000000071adc4938 00007fe0f0522d30   8I......0-R.....
0x00007fe1406ff0c8:   0000000000000000 00007fe1406ff0f8   ..........o@....
0x00007fe1406ff0d8:   00007fe1406ff158 00007fe12fe675d2   X.o@.....u./....
0x00007fe1406ff0e8:   000000071adc4938 00007fe12fe6943a   8I......:../....
0x00007fe1406ff0f8:   000000071a90ada8 000000071a90a478   ........x.......
0x00007fe1406ff108:   000000071a90ac90 fffffffffffffff7   ................
0x00007fe1406ff118:   00007fe0f04e32e2 0000000000000005   .2N.............
0x00007fe1406ff128:   00007fe0f04ead40 0000000000000000   @.N.............
0x00007fe1406ff138:   000000071ad57678 00007fe0f04e3328   xv......(3N.....
0x00007fe1406ff148:   fffffffffffffff4 00007fe1406ff178   ........x.o@....
0x00007fe1406ff158:   00007fe1406ff1d0 00007fe12fe67ad0   ..o@.....z./....
0x00007fe1406ff168:   0000000000000000 000000071a90a478   ........x.......
0x00007fe1406ff178:   000000071ac86298 000000071ad6d370   .b......p.......
0x00007fe1406ff188:   fffffffffffffff7 00007fe0f049342c   ........,4I.....

Instructions: (pc=0x00007fe0b73aeda4)
  0x00007fe0b73aeca4:   48 89 02 48 89 50 08 0f 11 43 18 5b c3 66 2e 0f
  0x00007fe0b73aecb4:   1f 84 00 00 00 00 00 0f 1f 44 00 00 f3 0f 1e fa
  0x00007fe0b73aecc4:   41 54 55 48 89 fd 48 89 ee 48 83 ec 08 48 8b 47
  0x00007fe0b73aecd4:   48 4c 8b 67 20 48 8d 78 48 e8 6e 3e 10 00 48 8b
  0x00007fe0b73aece4:   45 18 48 8b 55 20 48 89 ef 66 0f ef c0 48 89 02
  0x00007fe0b73aecf4:   48 89 50 08 0f 11 45 18 e8 1f fc ff ff 48 89 ef
  0x00007fe0b73aed04:   be 50 00 00 00 e8 12 e9 c5 ff 48 83 c4 08 4c 89
  0x00007fe0b73aed14:   e0 5d 41 5c c3 0f 1f 80 00 00 00 00 f3 0f 1e fa
  0x00007fe0b73aed24:   48 8d 4f 18 4c 8b 4f 48 4c 8b 47 20 48 39 f1 74
  0x00007fe0b73aed34:   13 49 39 f0 74 0e 4c 89 ca 4c 89 cf e9 3b 5d 10
  0x00007fe0b73aed44:   00 0f 1f 00 c3 0f 1f 80 00 00 00 00 f3 0f 1e fa
  0x00007fe0b73aed54:   4c 8b 4e 48 48 8b 76 20 48 8d 4f 18 48 8b 57 48
  0x00007fe0b73aed64:   4c 8b 47 20 48 39 f1 74 13 4c 39 c6 74 0e 4c 89
  0x00007fe0b73aed74:   cf e9 06 5d 10 00 66 0f 1f 44 00 00 c3 66 2e 0f
  0x00007fe0b73aed84:   1f 84 00 00 00 00 00 0f 1f 44 00 00 f3 0f 1e fa
  0x00007fe0b73aed94:   48 8b 47 48 48 8b 40 28 c3 0f 1f 00 f3 0f 1e fa
=>0x00007fe0b73aeda4:   48 8b 47 48 48 8b 40 28 48 05 38 01 00 00 c3 66
  0x00007fe0b73aedb4:   2e 0f 1f 84 00 00 00 00 00 0f 1f 00 f3 0f 1e fa
  0x00007fe0b73aedc4:   48 8b 47 30 48 8d 57 30 48 39 d0 0f 84 9b 00 00
  0x00007fe0b73aedd4:   00 48 85 c0 0f 84 5e 05 c6 ff 80 78 e8 1e 0f 85
  0x00007fe0b73aede4:   88 00 00 00 48 8b 57 38 48 8d 48 e8 48 85 d2 74
  0x00007fe0b73aedf4:   09 48 83 ea 18 48 39 d1 74 72 48 8b 50 10 48 39
  0x00007fe0b73aee04:   42 38 74 68 48 8b 08 48 85 c9 74 60 8b 50 ec 4c
  0x00007fe0b73aee14:   8d 41 e8 81 e2 ff ff ff 07 74 3d 89 d2 48 f7 da
  0x00007fe0b73aee24:   48 c1 e2 05 48 8b 44 10 e8 48 85 c0 74 2a 4c 39
  0x00007fe0b73aee34:   c0 75 39 80 79 e8 4e 75 1f 48 8b 41 10 48 8b 51
  0x00007fe0b73aee44:   c8 48 39 48 38 74 25 4c 8b 01 4d 85 c0 74 1d 49
  0x00007fe0b73aee54:   83 e8 18 4c 39 c2 75 14 41 80 38 55 75 0e 41 0f
  0x00007fe0b73aee64:   b7 40 02 83 e0 03 66 83 f8 02 74 03 45 31 c0 4c
  0x00007fe0b73aee74:   89 c0 c3 66 0f 1f 84 00 00 00 00 00 f3 0f 1e fa
  0x00007fe0b73aee84:   48 8b 47 30 48 8d 57 30 48 39 d0 74 4d 48 85 c0
  0x00007fe0b73aee94:   0f 84 ac 04 c6 ff 80 78 e8 1e 75 3e 48 8b 57 38


Stack slot to memory mapping:

stack at sp + 0 slots: 0x00007fe0b740fc49: LLVMBuildAlloca+0x0000000000000049 in /home/sharonblancopiedra/.javacpp/cache/llvm-21.1.8-1.5.13-linux-x86_64.jar/org/bytedeco/llvm/linux-x86_64/libLLVM.so.21.1 at 0x00007fe0b6800000
stack at sp + 1 slots: 0x00007fe13c449e60 points into unknown readable memory: 0x00007fe6c2570078 | 78 00 57 c2 e6 7f 00 00
stack at sp + 2 slots: 0x0 is null
stack at sp + 3 slots: 0x00007fe13c02c680 is a thread
stack at sp + 4 slots: 0x0 is null
stack at sp + 5 slots: 0x0000000000000103 is an unknown value
stack at sp + 6 slots: 0x0 is null
stack at sp + 7 slots: 0x0 is null

Lock stack of current Java thread (top to bottom):


---------------  P R O C E S S  ---------------

Threads class SMR info:
_java_thread_list=0x00007fe13c42c5d0, length=17, elements={
0x00007fe13c02c680, 0x00007fe13c14e1a0, 0x00007fe13c1517a0, 0x00007fe13c1529a0,
0x00007fe13c154c10, 0x00007fe13c156540, 0x00007fe13c157dc0, 0x00007fe13c159c40,
0x00007fe13c15b630, 0x00007fe0d802daa0, 0x00007fe0d802f410, 0x00007fe0d8040e30,
0x00007fe0d4023900, 0x00007fe0c8014450, 0x00007fe13c28e0a0, 0x00007fe13c28ffc0,
0x00007fe13c423150
}

Java Threads: ( => current thread )
=>0x00007fe13c02c680 JavaThread "main"                              [_thread_in_native, id=9689, stack(0x00007fe140601000,0x00007fe140701000) (1024K)]
  0x00007fe13c14e1a0 JavaThread "Common-Cleaner"             daemon [_thread_blocked, id=9714, stack(0x00007fe1139fa000,0x00007fe113afb000) (1028K)]
  0x00007fe13c1517a0 JavaThread "Reference Handler"          daemon [_thread_blocked, id=9722, stack(0x00007fe1138f9000,0x00007fe1139fa000) (1028K)]
  0x00007fe13c1529a0 JavaThread "Finalizer"                  daemon [_thread_blocked, id=9723, stack(0x00007fe1136df000,0x00007fe1137df000) (1024K)]
  0x00007fe13c154c10 JavaThread "Signal Dispatcher"          daemon [_thread_blocked, id=9724, stack(0x00007fe113300000,0x00007fe113400000) (1024K)]
  0x00007fe13c156540 JavaThread "Service Thread"             daemon [_thread_blocked, id=9725, stack(0x00007fe113200000,0x00007fe113300000) (1024K)]
  0x00007fe13c157dc0 JavaThread "Monitor Deflation Thread"   daemon [_thread_blocked, id=9726, stack(0x00007fe113100000,0x00007fe113200000) (1024K)]
  0x00007fe13c159c40 JavaThread "C2 CompilerThread0"         daemon [_thread_blocked, id=9727, stack(0x00007fe113000000,0x00007fe113100000) (1024K)]
  0x00007fe13c15b630 JavaThread "C1 CompilerThread0"         daemon [_thread_blocked, id=9728, stack(0x00007fe112f00000,0x00007fe113000000) (1024K)]
  0x00007fe0d802daa0 JavaThread "C1 CompilerThread1"         daemon [_thread_blocked, id=9731, stack(0x00007fe112e00000,0x00007fe112f00000) (1024K)]
  0x00007fe0d802f410 JavaThread "C1 CompilerThread2"         daemon [_thread_blocked, id=9732, stack(0x00007fe112d00000,0x00007fe112e00000) (1024K)]
  0x00007fe0d8040e30 JavaThread "C1 CompilerThread3"         daemon [_thread_blocked, id=9733, stack(0x00007fe112c00000,0x00007fe112d00000) (1024K)]
  0x00007fe0d4023900 JavaThread "C2 CompilerThread1"         daemon [_thread_blocked, id=9735, stack(0x00007fe112b00000,0x00007fe112c00000) (1024K)]
  0x00007fe0c8014450 JavaThread "C2 CompilerThread2"         daemon [_thread_blocked, id=9737, stack(0x00007fe112a00000,0x00007fe112b00000) (1024K)]
  0x00007fe13c28e0a0 JavaThread "Monitor Ctrl-Break"         daemon [_thread_in_native, id=9738, stack(0x00007fe112900000,0x00007fe112a00000) (1024K)]
  0x00007fe13c28ffc0 JavaThread "Notification Thread"        daemon [_thread_blocked, id=9739, stack(0x00007fe112800000,0x00007fe112900000) (1024K)]
  0x00007fe13c423150 JavaThread "JavaCPP Deallocator"        daemon [_thread_blocked, id=9741, stack(0x00007fe112300000,0x00007fe112400000) (1024K)]
Total: 17

Other Threads:
  0x00007fe13c142520 VMThread "VM Thread"                           [id=9712, stack(0x00007fe113bfd000,0x00007fe113cfd000) (1024K)]
  0x00007fe13c1316f0 WatcherThread "VM Periodic Task Thread"        [id=9710, stack(0x00007fe113afc000,0x00007fe113bfc000) (1024K)]
  0x00007fe13c095710 WorkerThread "GC Thread#0"                     [id=9692, stack(0x00007fe1231d2000,0x00007fe1232d2000) (1024K)]
  0x00007fe13c0add80 ConcurrentGCThread "G1 Main Marker"            [id=9695, stack(0x00007fe1230d1000,0x00007fe1231d1000) (1024K)]
  0x00007fe13c0aef80 WorkerThread "G1 Conc#0"                       [id=9696, stack(0x00007fe122fd0000,0x00007fe1230d0000) (1024K)]
  0x00007fe13c1217a0 ConcurrentGCThread "G1 Refine#0"               [id=9698, stack(0x00007fe113dff000,0x00007fe113eff000) (1024K)]
  0x00007fe13c122990 ConcurrentGCThread "G1 Service"                [id=9700, stack(0x00007fe113cfe000,0x00007fe113dfe000) (1024K)]
Total: 7

Threads with active compile tasks:
Total: 0

VM state: not at safepoint (normal execution)

VM Mutex/Monitor currently owned by a thread: None

Heap address: 0x000000070c400000, size: 3900 MB, Compressed Oops mode: Zero based, Oop shift amount: 3

CDS archive(s) mapped at: [0x0000000093000000-0x0000000094cdf000-0x0000000094cdf000), size 30273536, SharedBaseAddress: 0x0000000093000000, ArchiveRelocationMode: 1.
Compressed class space mapped at: 0x0000000095000000-0x00000000d5000000, reserved size: 1073741824
UseCompressedClassPointers 1, UseCompactObjectHeaders 0
Narrow klass pointer bits 32, Max shift 3
Narrow klass base: 0x0000000093000000, Narrow klass shift: 0
Encoding Range: [0x0000000093000000 - 0x0000000193000000), (4294967296 bytes)
Klass Range:    [0x0000000093001000 - 0x00000000d5000000), (1107292160 bytes)
Klass ID Range:  [4096 - 1107296249) (1107292153)
Protection zone: [0x0000000093000000 - 0x0000000093001000), (4096 bytes)

GC Precious Log:
 CardTable entry size: 512
 Card Set container configuration: InlinePtr #cards 4 size 8 Array Of Cards #cards 16 size 48 Howl #buckets 8 coarsen threshold 3686 Howl Bitmap #cards 512 size 80 coarsen threshold 460 Card regions per heap region 1 cards per card region 4096
 CPUs: 20 total, 20 available
 Memory: 15594M
 Large Page Support: Disabled
 NUMA Support: Disabled
 Compressed Oops: Enabled (Zero based)
 Heap Region Size: 2M
 Heap Min Capacity: 8M
 Heap Initial Capacity: 244M
 Heap Max Capacity: 3900M
 Pre-touch: Disabled
 Parallel Workers: 15
 Concurrent Workers: 4
 Concurrent Refinement Workers: 15
 Periodic GC: Disabled

Heap:
 garbage-first heap   total reserved 3993600K, committed 253952K, used 14647K [0x000000070c400000, 0x0000000800000000)
  region size 2048K, 8 young (16384K), 0 survivors (0K)

Heap Regions: E=young(eden), S=young(survivor), O=old, HS=humongous(starts), HC=humongous(continues), CS=collection set, F=free, TAMS=top-at-mark-start, PB=parsable bottom
|   0|0x000000070c400000, 0x000000070c400000, 0x000000070c600000|  0%| F|  |TAMS 0x000000070c400000| PB 0x000000070c400000| Untracked |  0
|   1|0x000000070c600000, 0x000000070c600000, 0x000000070c800000|  0%| F|  |TAMS 0x000000070c600000| PB 0x000000070c600000| Untracked |  0
|   2|0x000000070c800000, 0x000000070c800000, 0x000000070ca00000|  0%| F|  |TAMS 0x000000070c800000| PB 0x000000070c800000| Untracked |  0
|   3|0x000000070ca00000, 0x000000070ca00000, 0x000000070cc00000|  0%| F|  |TAMS 0x000000070ca00000| PB 0x000000070ca00000| Untracked |  0
|   4|0x000000070cc00000, 0x000000070cc00000, 0x000000070ce00000|  0%| F|  |TAMS 0x000000070cc00000| PB 0x000000070cc00000| Untracked |  0
|   5|0x000000070ce00000, 0x000000070ce00000, 0x000000070d000000|  0%| F|  |TAMS 0x000000070ce00000| PB 0x000000070ce00000| Untracked |  0
|   6|0x000000070d000000, 0x000000070d000000, 0x000000070d200000|  0%| F|  |TAMS 0x000000070d000000| PB 0x000000070d000000| Untracked |  0
|   7|0x000000070d200000, 0x000000070d200000, 0x000000070d400000|  0%| F|  |TAMS 0x000000070d200000| PB 0x000000070d200000| Untracked |  0
|   8|0x000000070d400000, 0x000000070d400000, 0x000000070d600000|  0%| F|  |TAMS 0x000000070d400000| PB 0x000000070d400000| Untracked |  0
|   9|0x000000070d600000, 0x000000070d600000, 0x000000070d800000|  0%| F|  |TAMS 0x000000070d600000| PB 0x000000070d600000| Untracked |  0
|  10|0x000000070d800000, 0x000000070d800000, 0x000000070da00000|  0%| F|  |TAMS 0x000000070d800000| PB 0x000000070d800000| Untracked |  0
|  11|0x000000070da00000, 0x000000070da00000, 0x000000070dc00000|  0%| F|  |TAMS 0x000000070da00000| PB 0x000000070da00000| Untracked |  0
|  12|0x000000070dc00000, 0x000000070dc00000, 0x000000070de00000|  0%| F|  |TAMS 0x000000070dc00000| PB 0x000000070dc00000| Untracked |  0
|  13|0x000000070de00000, 0x000000070de00000, 0x000000070e000000|  0%| F|  |TAMS 0x000000070de00000| PB 0x000000070de00000| Untracked |  0
|  14|0x000000070e000000, 0x000000070e000000, 0x000000070e200000|  0%| F|  |TAMS 0x000000070e000000| PB 0x000000070e000000| Untracked |  0
|  15|0x000000070e200000, 0x000000070e200000, 0x000000070e400000|  0%| F|  |TAMS 0x000000070e200000| PB 0x000000070e200000| Untracked |  0
|  16|0x000000070e400000, 0x000000070e400000, 0x000000070e600000|  0%| F|  |TAMS 0x000000070e400000| PB 0x000000070e400000| Untracked |  0
|  17|0x000000070e600000, 0x000000070e600000, 0x000000070e800000|  0%| F|  |TAMS 0x000000070e600000| PB 0x000000070e600000| Untracked |  0
|  18|0x000000070e800000, 0x000000070e800000, 0x000000070ea00000|  0%| F|  |TAMS 0x000000070e800000| PB 0x000000070e800000| Untracked |  0
|  19|0x000000070ea00000, 0x000000070ea00000, 0x000000070ec00000|  0%| F|  |TAMS 0x000000070ea00000| PB 0x000000070ea00000| Untracked |  0
|  20|0x000000070ec00000, 0x000000070ec00000, 0x000000070ee00000|  0%| F|  |TAMS 0x000000070ec00000| PB 0x000000070ec00000| Untracked |  0
|  21|0x000000070ee00000, 0x000000070ee00000, 0x000000070f000000|  0%| F|  |TAMS 0x000000070ee00000| PB 0x000000070ee00000| Untracked |  0
|  22|0x000000070f000000, 0x000000070f000000, 0x000000070f200000|  0%| F|  |TAMS 0x000000070f000000| PB 0x000000070f000000| Untracked |  0
|  23|0x000000070f200000, 0x000000070f200000, 0x000000070f400000|  0%| F|  |TAMS 0x000000070f200000| PB 0x000000070f200000| Untracked |  0
|  24|0x000000070f400000, 0x000000070f400000, 0x000000070f600000|  0%| F|  |TAMS 0x000000070f400000| PB 0x000000070f400000| Untracked |  0
|  25|0x000000070f600000, 0x000000070f600000, 0x000000070f800000|  0%| F|  |TAMS 0x000000070f600000| PB 0x000000070f600000| Untracked |  0
|  26|0x000000070f800000, 0x000000070f800000, 0x000000070fa00000|  0%| F|  |TAMS 0x000000070f800000| PB 0x000000070f800000| Untracked |  0
|  27|0x000000070fa00000, 0x000000070fa00000, 0x000000070fc00000|  0%| F|  |TAMS 0x000000070fa00000| PB 0x000000070fa00000| Untracked |  0
|  28|0x000000070fc00000, 0x000000070fc00000, 0x000000070fe00000|  0%| F|  |TAMS 0x000000070fc00000| PB 0x000000070fc00000| Untracked |  0
|  29|0x000000070fe00000, 0x000000070fe00000, 0x0000000710000000|  0%| F|  |TAMS 0x000000070fe00000| PB 0x000000070fe00000| Untracked |  0
|  30|0x0000000710000000, 0x0000000710000000, 0x0000000710200000|  0%| F|  |TAMS 0x0000000710000000| PB 0x0000000710000000| Untracked |  0
|  31|0x0000000710200000, 0x0000000710200000, 0x0000000710400000|  0%| F|  |TAMS 0x0000000710200000| PB 0x0000000710200000| Untracked |  0
|  32|0x0000000710400000, 0x0000000710400000, 0x0000000710600000|  0%| F|  |TAMS 0x0000000710400000| PB 0x0000000710400000| Untracked |  0
|  33|0x0000000710600000, 0x0000000710600000, 0x0000000710800000|  0%| F|  |TAMS 0x0000000710600000| PB 0x0000000710600000| Untracked |  0
|  34|0x0000000710800000, 0x0000000710800000, 0x0000000710a00000|  0%| F|  |TAMS 0x0000000710800000| PB 0x0000000710800000| Untracked |  0
|  35|0x0000000710a00000, 0x0000000710a00000, 0x0000000710c00000|  0%| F|  |TAMS 0x0000000710a00000| PB 0x0000000710a00000| Untracked |  0
|  36|0x0000000710c00000, 0x0000000710c00000, 0x0000000710e00000|  0%| F|  |TAMS 0x0000000710c00000| PB 0x0000000710c00000| Untracked |  0
|  37|0x0000000710e00000, 0x0000000710e00000, 0x0000000711000000|  0%| F|  |TAMS 0x0000000710e00000| PB 0x0000000710e00000| Untracked |  0
|  38|0x0000000711000000, 0x0000000711000000, 0x0000000711200000|  0%| F|  |TAMS 0x0000000711000000| PB 0x0000000711000000| Untracked |  0
|  39|0x0000000711200000, 0x0000000711200000, 0x0000000711400000|  0%| F|  |TAMS 0x0000000711200000| PB 0x0000000711200000| Untracked |  0
|  40|0x0000000711400000, 0x0000000711400000, 0x0000000711600000|  0%| F|  |TAMS 0x0000000711400000| PB 0x0000000711400000| Untracked |  0
|  41|0x0000000711600000, 0x0000000711600000, 0x0000000711800000|  0%| F|  |TAMS 0x0000000711600000| PB 0x0000000711600000| Untracked |  0
|  42|0x0000000711800000, 0x0000000711800000, 0x0000000711a00000|  0%| F|  |TAMS 0x0000000711800000| PB 0x0000000711800000| Untracked |  0
|  43|0x0000000711a00000, 0x0000000711a00000, 0x0000000711c00000|  0%| F|  |TAMS 0x0000000711a00000| PB 0x0000000711a00000| Untracked |  0
|  44|0x0000000711c00000, 0x0000000711c00000, 0x0000000711e00000|  0%| F|  |TAMS 0x0000000711c00000| PB 0x0000000711c00000| Untracked |  0
|  45|0x0000000711e00000, 0x0000000711e00000, 0x0000000712000000|  0%| F|  |TAMS 0x0000000711e00000| PB 0x0000000711e00000| Untracked |  0
|  46|0x0000000712000000, 0x0000000712000000, 0x0000000712200000|  0%| F|  |TAMS 0x0000000712000000| PB 0x0000000712000000| Untracked |  0
|  47|0x0000000712200000, 0x0000000712200000, 0x0000000712400000|  0%| F|  |TAMS 0x0000000712200000| PB 0x0000000712200000| Untracked |  0
|  48|0x0000000712400000, 0x0000000712400000, 0x0000000712600000|  0%| F|  |TAMS 0x0000000712400000| PB 0x0000000712400000| Untracked |  0
|  49|0x0000000712600000, 0x0000000712600000, 0x0000000712800000|  0%| F|  |TAMS 0x0000000712600000| PB 0x0000000712600000| Untracked |  0
|  50|0x0000000712800000, 0x0000000712800000, 0x0000000712a00000|  0%| F|  |TAMS 0x0000000712800000| PB 0x0000000712800000| Untracked |  0
|  51|0x0000000712a00000, 0x0000000712a00000, 0x0000000712c00000|  0%| F|  |TAMS 0x0000000712a00000| PB 0x0000000712a00000| Untracked |  0
|  52|0x0000000712c00000, 0x0000000712c00000, 0x0000000712e00000|  0%| F|  |TAMS 0x0000000712c00000| PB 0x0000000712c00000| Untracked |  0
|  53|0x0000000712e00000, 0x0000000712e00000, 0x0000000713000000|  0%| F|  |TAMS 0x0000000712e00000| PB 0x0000000712e00000| Untracked |  0
|  54|0x0000000713000000, 0x0000000713000000, 0x0000000713200000|  0%| F|  |TAMS 0x0000000713000000| PB 0x0000000713000000| Untracked |  0
|  55|0x0000000713200000, 0x0000000713200000, 0x0000000713400000|  0%| F|  |TAMS 0x0000000713200000| PB 0x0000000713200000| Untracked |  0
|  56|0x0000000713400000, 0x0000000713400000, 0x0000000713600000|  0%| F|  |TAMS 0x0000000713400000| PB 0x0000000713400000| Untracked |  0
|  57|0x0000000713600000, 0x0000000713600000, 0x0000000713800000|  0%| F|  |TAMS 0x0000000713600000| PB 0x0000000713600000| Untracked |  0
|  58|0x0000000713800000, 0x0000000713800000, 0x0000000713a00000|  0%| F|  |TAMS 0x0000000713800000| PB 0x0000000713800000| Untracked |  0
|  59|0x0000000713a00000, 0x0000000713a00000, 0x0000000713c00000|  0%| F|  |TAMS 0x0000000713a00000| PB 0x0000000713a00000| Untracked |  0
|  60|0x0000000713c00000, 0x0000000713c00000, 0x0000000713e00000|  0%| F|  |TAMS 0x0000000713c00000| PB 0x0000000713c00000| Untracked |  0
|  61|0x0000000713e00000, 0x0000000713e00000, 0x0000000714000000|  0%| F|  |TAMS 0x0000000713e00000| PB 0x0000000713e00000| Untracked |  0
|  62|0x0000000714000000, 0x0000000714000000, 0x0000000714200000|  0%| F|  |TAMS 0x0000000714000000| PB 0x0000000714000000| Untracked |  0
|  63|0x0000000714200000, 0x0000000714200000, 0x0000000714400000|  0%| F|  |TAMS 0x0000000714200000| PB 0x0000000714200000| Untracked |  0
|  64|0x0000000714400000, 0x0000000714400000, 0x0000000714600000|  0%| F|  |TAMS 0x0000000714400000| PB 0x0000000714400000| Untracked |  0
|  65|0x0000000714600000, 0x0000000714600000, 0x0000000714800000|  0%| F|  |TAMS 0x0000000714600000| PB 0x0000000714600000| Untracked |  0
|  66|0x0000000714800000, 0x0000000714800000, 0x0000000714a00000|  0%| F|  |TAMS 0x0000000714800000| PB 0x0000000714800000| Untracked |  0
|  67|0x0000000714a00000, 0x0000000714a00000, 0x0000000714c00000|  0%| F|  |TAMS 0x0000000714a00000| PB 0x0000000714a00000| Untracked |  0
|  68|0x0000000714c00000, 0x0000000714c00000, 0x0000000714e00000|  0%| F|  |TAMS 0x0000000714c00000| PB 0x0000000714c00000| Untracked |  0
|  69|0x0000000714e00000, 0x0000000714e00000, 0x0000000715000000|  0%| F|  |TAMS 0x0000000714e00000| PB 0x0000000714e00000| Untracked |  0
|  70|0x0000000715000000, 0x0000000715000000, 0x0000000715200000|  0%| F|  |TAMS 0x0000000715000000| PB 0x0000000715000000| Untracked |  0
|  71|0x0000000715200000, 0x0000000715200000, 0x0000000715400000|  0%| F|  |TAMS 0x0000000715200000| PB 0x0000000715200000| Untracked |  0
|  72|0x0000000715400000, 0x0000000715400000, 0x0000000715600000|  0%| F|  |TAMS 0x0000000715400000| PB 0x0000000715400000| Untracked |  0
|  73|0x0000000715600000, 0x0000000715600000, 0x0000000715800000|  0%| F|  |TAMS 0x0000000715600000| PB 0x0000000715600000| Untracked |  0
|  74|0x0000000715800000, 0x0000000715800000, 0x0000000715a00000|  0%| F|  |TAMS 0x0000000715800000| PB 0x0000000715800000| Untracked |  0
|  75|0x0000000715a00000, 0x0000000715a00000, 0x0000000715c00000|  0%| F|  |TAMS 0x0000000715a00000| PB 0x0000000715a00000| Untracked |  0
|  76|0x0000000715c00000, 0x0000000715c00000, 0x0000000715e00000|  0%| F|  |TAMS 0x0000000715c00000| PB 0x0000000715c00000| Untracked |  0
|  77|0x0000000715e00000, 0x0000000715e00000, 0x0000000716000000|  0%| F|  |TAMS 0x0000000715e00000| PB 0x0000000715e00000| Untracked |  0
|  78|0x0000000716000000, 0x0000000716000000, 0x0000000716200000|  0%| F|  |TAMS 0x0000000716000000| PB 0x0000000716000000| Untracked |  0
|  79|0x0000000716200000, 0x0000000716200000, 0x0000000716400000|  0%| F|  |TAMS 0x0000000716200000| PB 0x0000000716200000| Untracked |  0
|  80|0x0000000716400000, 0x0000000716400000, 0x0000000716600000|  0%| F|  |TAMS 0x0000000716400000| PB 0x0000000716400000| Untracked |  0
|  81|0x0000000716600000, 0x0000000716600000, 0x0000000716800000|  0%| F|  |TAMS 0x0000000716600000| PB 0x0000000716600000| Untracked |  0
|  82|0x0000000716800000, 0x0000000716800000, 0x0000000716a00000|  0%| F|  |TAMS 0x0000000716800000| PB 0x0000000716800000| Untracked |  0
|  83|0x0000000716a00000, 0x0000000716a00000, 0x0000000716c00000|  0%| F|  |TAMS 0x0000000716a00000| PB 0x0000000716a00000| Untracked |  0
|  84|0x0000000716c00000, 0x0000000716c00000, 0x0000000716e00000|  0%| F|  |TAMS 0x0000000716c00000| PB 0x0000000716c00000| Untracked |  0
|  85|0x0000000716e00000, 0x0000000716e00000, 0x0000000717000000|  0%| F|  |TAMS 0x0000000716e00000| PB 0x0000000716e00000| Untracked |  0
|  86|0x0000000717000000, 0x0000000717000000, 0x0000000717200000|  0%| F|  |TAMS 0x0000000717000000| PB 0x0000000717000000| Untracked |  0
|  87|0x0000000717200000, 0x0000000717200000, 0x0000000717400000|  0%| F|  |TAMS 0x0000000717200000| PB 0x0000000717200000| Untracked |  0
|  88|0x0000000717400000, 0x0000000717400000, 0x0000000717600000|  0%| F|  |TAMS 0x0000000717400000| PB 0x0000000717400000| Untracked |  0
|  89|0x0000000717600000, 0x0000000717600000, 0x0000000717800000|  0%| F|  |TAMS 0x0000000717600000| PB 0x0000000717600000| Untracked |  0
|  90|0x0000000717800000, 0x0000000717800000, 0x0000000717a00000|  0%| F|  |TAMS 0x0000000717800000| PB 0x0000000717800000| Untracked |  0
|  91|0x0000000717a00000, 0x0000000717a00000, 0x0000000717c00000|  0%| F|  |TAMS 0x0000000717a00000| PB 0x0000000717a00000| Untracked |  0
|  92|0x0000000717c00000, 0x0000000717c00000, 0x0000000717e00000|  0%| F|  |TAMS 0x0000000717c00000| PB 0x0000000717c00000| Untracked |  0
|  93|0x0000000717e00000, 0x0000000717e00000, 0x0000000718000000|  0%| F|  |TAMS 0x0000000717e00000| PB 0x0000000717e00000| Untracked |  0
|  94|0x0000000718000000, 0x0000000718000000, 0x0000000718200000|  0%| F|  |TAMS 0x0000000718000000| PB 0x0000000718000000| Untracked |  0
|  95|0x0000000718200000, 0x0000000718200000, 0x0000000718400000|  0%| F|  |TAMS 0x0000000718200000| PB 0x0000000718200000| Untracked |  0
|  96|0x0000000718400000, 0x0000000718400000, 0x0000000718600000|  0%| F|  |TAMS 0x0000000718400000| PB 0x0000000718400000| Untracked |  0
|  97|0x0000000718600000, 0x0000000718600000, 0x0000000718800000|  0%| F|  |TAMS 0x0000000718600000| PB 0x0000000718600000| Untracked |  0
|  98|0x0000000718800000, 0x0000000718800000, 0x0000000718a00000|  0%| F|  |TAMS 0x0000000718800000| PB 0x0000000718800000| Untracked |  0
|  99|0x0000000718a00000, 0x0000000718a00000, 0x0000000718c00000|  0%| F|  |TAMS 0x0000000718a00000| PB 0x0000000718a00000| Untracked |  0
| 100|0x0000000718c00000, 0x0000000718c00000, 0x0000000718e00000|  0%| F|  |TAMS 0x0000000718c00000| PB 0x0000000718c00000| Untracked |  0
| 101|0x0000000718e00000, 0x0000000718e00000, 0x0000000719000000|  0%| F|  |TAMS 0x0000000718e00000| PB 0x0000000718e00000| Untracked |  0
| 102|0x0000000719000000, 0x0000000719000000, 0x0000000719200000|  0%| F|  |TAMS 0x0000000719000000| PB 0x0000000719000000| Untracked |  0
| 103|0x0000000719200000, 0x0000000719200000, 0x0000000719400000|  0%| F|  |TAMS 0x0000000719200000| PB 0x0000000719200000| Untracked |  0
| 104|0x0000000719400000, 0x0000000719400000, 0x0000000719600000|  0%| F|  |TAMS 0x0000000719400000| PB 0x0000000719400000| Untracked |  0
| 105|0x0000000719600000, 0x0000000719600000, 0x0000000719800000|  0%| F|  |TAMS 0x0000000719600000| PB 0x0000000719600000| Untracked |  0
| 106|0x0000000719800000, 0x0000000719800000, 0x0000000719a00000|  0%| F|  |TAMS 0x0000000719800000| PB 0x0000000719800000| Untracked |  0
| 107|0x0000000719a00000, 0x0000000719a00000, 0x0000000719c00000|  0%| F|  |TAMS 0x0000000719a00000| PB 0x0000000719a00000| Untracked |  0
| 108|0x0000000719c00000, 0x0000000719c00000, 0x0000000719e00000|  0%| F|  |TAMS 0x0000000719c00000| PB 0x0000000719c00000| Untracked |  0
| 109|0x0000000719e00000, 0x0000000719e00000, 0x000000071a000000|  0%| F|  |TAMS 0x0000000719e00000| PB 0x0000000719e00000| Untracked |  0
| 110|0x000000071a000000, 0x000000071a000000, 0x000000071a200000|  0%| F|  |TAMS 0x000000071a000000| PB 0x000000071a000000| Untracked |  0
| 111|0x000000071a200000, 0x000000071a200000, 0x000000071a400000|  0%| F|  |TAMS 0x000000071a200000| PB 0x000000071a200000| Untracked |  0
| 112|0x000000071a400000, 0x000000071a400000, 0x000000071a600000|  0%| F|  |TAMS 0x000000071a400000| PB 0x000000071a400000| Untracked |  0
| 113|0x000000071a600000, 0x000000071a600000, 0x000000071a800000|  0%| F|  |TAMS 0x000000071a600000| PB 0x000000071a600000| Untracked |  0
| 114|0x000000071a800000, 0x000000071a9ebaa0, 0x000000071aa00000| 96%| E|  |TAMS 0x000000071a800000| PB 0x000000071a800000| Complete |  0
| 115|0x000000071aa00000, 0x000000071ac00000, 0x000000071ac00000|100%| E|CS|TAMS 0x000000071aa00000| PB 0x000000071aa00000| Complete |  0
| 116|0x000000071ac00000, 0x000000071ae00000, 0x000000071ae00000|100%| E|  |TAMS 0x000000071ac00000| PB 0x000000071ac00000| Complete |  0
| 117|0x000000071ae00000, 0x000000071b000000, 0x000000071b000000|100%| E|CS|TAMS 0x000000071ae00000| PB 0x000000071ae00000| Complete |  0
| 118|0x000000071b000000, 0x000000071b200000, 0x000000071b200000|100%| E|CS|TAMS 0x000000071b000000| PB 0x000000071b000000| Complete |  0
| 119|0x000000071b200000, 0x000000071b400000, 0x000000071b400000|100%| E|CS|TAMS 0x000000071b200000| PB 0x000000071b200000| Complete |  0
| 120|0x000000071b400000, 0x000000071b600000, 0x000000071b600000|100%| E|CS|TAMS 0x000000071b400000| PB 0x000000071b400000| Complete |  0
| 121|0x000000071b600000, 0x000000071b800000, 0x000000071b800000|100%| E|CS|TAMS 0x000000071b600000| PB 0x000000071b600000| Complete |  0
|1948|0x00000007ffc00000, 0x00000007ffe00000, 0x00000007ffe00000|100%| O|  |TAMS 0x00000007ffc00000| PB 0x00000007ffc00000| Untracked |  0
|1949|0x00000007ffe00000, 0x00000007ffe4de10, 0x0000000800000000| 15%| O|  |TAMS 0x00000007ffe00000| PB 0x00000007ffe00000| Untracked |  0

Card table byte_map: [0x00007fe1270ba000,0x00007fe127858000] _byte_map_base: 0x00007fe123858000

Marking Bits: (CMBitMap*) 0x00007fe13c096460
 Bits: [0x00007fe1233ca000, 0x00007fe1270ba000)

Polling page: 0x00007fe1421a0000

Metaspace:
Metaspace        used 3339K, committed 3456K, reserved 1114112K
 class space     used 365K, committed 448K, reserved 1048576K

Usage:
  Non-class:      2,90 MB used.
      Class:    365,80 KB used.
       Both:      3,26 MB used.

Virtual space:
  Non-class space:       64,00 MB reserved,       2,94 MB (  5%) committed,  1 nodes.
      Class space:        1,00 GB reserved,     448,00 KB ( <1%) committed,  1 nodes.
             Both:        1,06 GB reserved,       3,38 MB ( <1%) committed. 

Chunk freelists:
   Non-Class:  10,14 MB
       Class:  15,44 MB
        Both:  25,58 MB

MaxMetaspaceSize: unlimited
CompressedClassSpaceSize: 1,00 GB
Initial GC threshold: 21,00 MB
Current GC threshold: 21,00 MB
CDS: on
 - commit_granule_bytes: 65536.
 - commit_granule_words: 8192.
 - virtual_space_node_default_size: 8388608.
 - enlarge_chunks_in_place: 1.
UseCompressedClassPointers 1, UseCompactObjectHeaders 0
Narrow klass pointer bits 32, Max shift 3
Narrow klass base: 0x0000000093000000, Narrow klass shift: 0
Encoding Range: [0x0000000093000000 - 0x0000000193000000), (4294967296 bytes)
Klass Range:    [0x0000000093001000 - 0x00000000d5000000), (1107292160 bytes)
Klass ID Range:  [4096 - 1107296249) (1107292153)
Protection zone: [0x0000000093000000 - 0x0000000093001000), (4096 bytes)


Internal statistics:

num_allocs_failed_limit: 0.
num_arena_births: 30.
num_arena_deaths: 0.
num_vsnodes_births: 2.
num_vsnodes_deaths: 0.
num_space_committed: 54.
num_space_uncommitted: 0.
num_chunks_returned_to_freelist: 0.
num_chunks_taken_from_freelist: 117.
num_chunk_merges: 0.
num_chunk_splits: 90.
num_chunks_enlarged: 72.
num_inconsistent_stats: 0.

CodeHeap 'non-profiled nmethods': size=119172Kb used=278Kb max_used=278Kb free=118894Kb
 bounds [0x00007fe13059f000, 0x00007fe13080f000, 0x00007fe137a00000]
CodeHeap 'profiled nmethods': size=119164Kb used=1524Kb max_used=1524Kb free=117639Kb
 bounds [0x00007fe128a00000, 0x00007fe128c70000, 0x00007fe12fe5f000]
CodeHeap 'non-nmethods': size=7424Kb used=3132Kb max_used=3152Kb free=4291Kb
 bounds [0x00007fe12fe5f000, 0x00007fe13017f000, 0x00007fe13059f000]
CodeCache: size=245760Kb, used=4934Kb, max_used=4954Kb, free=240824Kb
 total_blobs=1632, nmethods=1120, adapters=414, full_count=0
Compilation: enabled, stopped_count=0, restarted_count=0

Compilation events (20 events):
Event: 0,200 Thread 0x00007fe0d802daa0 nmethod 1112 0x00007fe128b76f88 code [0x00007fe128b77080, 0x00007fe128b77238]
Event: 0,200 Thread 0x00007fe0d802daa0 1113  s!   3       java.util.jar.JarFile::ensureInitialization (59 bytes)
Event: 0,200 Thread 0x00007fe0d802f410 1114       3       java.util.jar.JavaUtilJarAccessImpl::getTrustedAttributes (6 bytes)
Event: 0,200 Thread 0x00007fe0d802f410 nmethod 1114 0x00007fe128b77288 code [0x00007fe128b77380, 0x00007fe128b774d8]
Event: 0,200 Thread 0x00007fe13c15b630 nmethod 1108 0x00007fe128b77588 code [0x00007fe128b77680, 0x00007fe128b77f48]
Event: 0,200 Thread 0x00007fe0d802f410 1115       3       java.util.jar.Manifest::getTrustedAttributes (57 bytes)
Event: 0,200 Thread 0x00007fe13c15b630 1116       3       java.util.jar.Manifest::getAttributes (14 bytes)
Event: 0,200 Thread 0x00007fe13c15b630 nmethod 1116 0x00007fe128b77f88 code [0x00007fe128b78080, 0x00007fe128b78340]
Event: 0,200 Thread 0x00007fe13c15b630 1117       3       jdk.internal.loader.URLClassPath$JarLoader$1::getBytes (48 bytes)
Event: 0,200 Thread 0x00007fe0d802daa0 nmethod 1113 0x00007fe128b78388 code [0x00007fe128b78480, 0x00007fe128b78b00]
Event: 0,200 Thread 0x00007fe0d8040e30 nmethod 1111 0x00007fe128b78b08 code [0x00007fe128b78c00, 0x00007fe128b79428]
Event: 0,200 Thread 0x00007fe0d802f410 nmethod 1115 0x00007fe128b79488 code [0x00007fe128b79580, 0x00007fe128b7a0c8]
Event: 0,200 Thread 0x00007fe13c15b630 nmethod 1117 0x00007fe128b7a108 code [0x00007fe128b7a200, 0x00007fe128b7a828]
Event: 0,201 Thread 0x00007fe0d802daa0 1118       3       jdk.internal.loader.BuiltinClassLoader::isSealed (71 bytes)
Event: 0,201 Thread 0x00007fe0d802f410 1120       3       java.nio.file.attribute.FileTime::<init> (21 bytes)
Event: 0,201 Thread 0x00007fe13c15b630 1119       3       java.nio.file.attribute.FileTime::from (18 bytes)
Event: 0,201 Thread 0x00007fe0d802f410 nmethod 1120 0x00007fe128b7a888 code [0x00007fe128b7a980, 0x00007fe128b7aba8]
Event: 0,201 Thread 0x00007fe13c15b630 nmethod 1119 0x00007fe128b7ac08 code [0x00007fe128b7ad00, 0x00007fe128b7b0d0]
Event: 0,201 Thread 0x00007fe0d802daa0 nmethod 1118 0x00007fe128b7b108 code [0x00007fe128b7b200, 0x00007fe128b7d168]
Event: 0,202 Thread 0x00007fe13c159c40 1121       4       sun.net.www.ParseUtil::firstEncodeIndex (86 bytes)

GC Heap Usage History (0 events):
No events

Metaspace Usage History (0 events):
No events

Dll operation events (14 events):
Event: 0,001 Loaded shared library /app/jbr/lib/libjava.so
Event: 0,022 Loaded shared library /app/jbr/lib/libsimdsort.so
Event: 0,037 Loaded shared library /app/jbr/lib/libzip.so
Event: 0,043 Loaded shared library /app/jbr/lib/libnio.so
Event: 0,044 Loaded shared library /app/jbr/lib/libinstrument.so
Event: 0,048 Loaded shared library /app/jbr/lib/libzip.so
Event: 0,073 Loaded shared library /app/jbr/lib/libnet.so
Event: 0,078 Loaded shared library /app/jbr/lib/libextnet.so
Event: 0,144 Loaded shared library /app/jbr/lib/libjimage.so
Event: 0,178 Loaded shared library /home/sharonblancopiedra/.javacpp/cache/llvm-21.1.8-1.5.13-linux-x86_64.jar/org/bytedeco/llvm/linux-x86_64/libLLVM.so.21.1
Event: 0,182 Loaded shared library /home/sharonblancopiedra/.javacpp/cache/llvm-21.1.8-1.5.13-linux-x86_64.jar/org/bytedeco/llvm/linux-x86_64/libLTO.so.21.1
Event: 0,186 Loaded shared library /home/sharonblancopiedra/.javacpp/cache/llvm-21.1.8-1.5.13-linux-x86_64.jar/org/bytedeco/llvm/linux-x86_64/libRemarks.so.21.1
Event: 0,187 Loaded shared library /home/sharonblancopiedra/.javacpp/cache/llvm-21.1.8-1.5.13-linux-x86_64.jar/org/bytedeco/llvm/linux-x86_64/libjniLLVM.so
Event: 0,192 Loaded shared library /home/sharonblancopiedra/.javacpp/cache/javacpp-1.5.13-linux-x86_64.jar/org/bytedeco/javacpp/linux-x86_64/libjnijavacpp.so

Deoptimization events (20 events):
Event: 0,144 Thread 0x00007fe13c02c680 DEOPT PACKING pc=0x00007fe1305cad10 sp=0x00007fe1406fce30
Event: 0,144 Thread 0x00007fe13c02c680 DEOPT UNPACKING pc=0x00007fe12ff81879 sp=0x00007fe1406fcdb0 mode 2
Event: 0,147 Thread 0x00007fe13c02c680 Uncommon trap: trap_request=0xffffff45 fr.pc=0x00007fe1305afdf8 relative=0x0000000000000078
Event: 0,147 Thread 0x00007fe13c02c680 Uncommon trap: reason=unstable_if action=reinterpret pc=0x00007fe1305afdf8 method=jdk.internal.misc.Unsafe.convEndian(ZS)S @ 4 c2
Event: 0,147 Thread 0x00007fe13c02c680 DEOPT PACKING pc=0x00007fe1305afdf8 sp=0x00007fe1406fe760
Event: 0,147 Thread 0x00007fe13c02c680 DEOPT UNPACKING pc=0x00007fe12ff81879 sp=0x00007fe1406fe6b0 mode 2
Event: 0,158 Thread 0x00007fe13c02c680 Uncommon trap: trap_request=0xffffff45 fr.pc=0x00007fe1305b1478 relative=0x0000000000000078
Event: 0,158 Thread 0x00007fe13c02c680 Uncommon trap: reason=unstable_if action=reinterpret pc=0x00007fe1305b1478 method=jdk.internal.misc.Unsafe.convEndian(ZI)I @ 4 c2
Event: 0,158 Thread 0x00007fe13c02c680 DEOPT PACKING pc=0x00007fe1305b1478 sp=0x00007fe1406fe0c0
Event: 0,158 Thread 0x00007fe13c02c680 DEOPT UNPACKING pc=0x00007fe12ff81879 sp=0x00007fe1406fe010 mode 2
Event: 0,158 Thread 0x00007fe13c02c680 Uncommon trap: trap_request=0xffffff45 fr.pc=0x00007fe1305c5f48 relative=0x0000000000000648
Event: 0,158 Thread 0x00007fe13c02c680 Uncommon trap: reason=unstable_if action=reinterpret pc=0x00007fe1305c5f48 method=java.util.HashMap.putVal(ILjava/lang/Object;Ljava/lang/Object;ZZ)Ljava/lang/Object; @ 181 c2
Event: 0,158 Thread 0x00007fe13c02c680 DEOPT PACKING pc=0x00007fe1305c5f48 sp=0x00007fe1406fe740
Event: 0,158 Thread 0x00007fe13c02c680 DEOPT UNPACKING pc=0x00007fe12ff81879 sp=0x00007fe1406fe6d0 mode 2
Event: 0,178 Thread 0x00007fe13c02c680 DEOPT PACKING pc=0x00007fe128a9a340 sp=0x00007fe1406fe090
Event: 0,178 Thread 0x00007fe13c02c680 DEOPT UNPACKING pc=0x00007fe12feaffef sp=0x00007fe1406fd588 mode 0
Event: 0,183 Thread 0x00007fe13c02c680 Uncommon trap: trap_request=0xffffff45 fr.pc=0x00007fe1305ddb68 relative=0x00000000000004e8
Event: 0,183 Thread 0x00007fe13c02c680 Uncommon trap: reason=unstable_if action=reinterpret pc=0x00007fe1305ddb68 method=java.lang.StringLatin1.replace([BCC)Ljava/lang/String; @ 19 c2
Event: 0,183 Thread 0x00007fe13c02c680 DEOPT PACKING pc=0x00007fe1305ddb68 sp=0x00007fe1406fe900
Event: 0,183 Thread 0x00007fe13c02c680 DEOPT UNPACKING pc=0x00007fe12ff81879 sp=0x00007fe1406fe8a0 mode 2

Classes loaded (20 events):
Event: 0,142 Loading class java/lang/StackStreamFactory$ClassFrameBuffer
Event: 0,142 Loading class java/lang/StackStreamFactory$StackFrameBuffer
Event: 0,142 Loading class java/lang/StackStreamFactory$StackFrameBuffer done
Event: 0,142 Loading class java/lang/StackStreamFactory$ClassFrameBuffer done
Event: 0,154 Loading class java/lang/classfile/attribute/ExceptionsAttribute
Event: 0,154 Loading class java/lang/classfile/attribute/ExceptionsAttribute done
Event: 0,154 Loading class jdk/internal/classfile/impl/UnboundAttribute$UnboundExceptionsAttribute
Event: 0,154 Loading class jdk/internal/classfile/impl/UnboundAttribute$UnboundExceptionsAttribute done
Event: 0,154 Loading class jdk/internal/classfile/impl/AbstractAttributeMapper$ExceptionsMapper
Event: 0,154 Loading class jdk/internal/classfile/impl/AbstractAttributeMapper$ExceptionsMapper done
Event: 0,154 Loading class java/lang/classfile/instruction/ExceptionCatch
Event: 0,154 Loading class java/lang/classfile/instruction/ExceptionCatch done
Event: 0,154 Loading class jdk/internal/classfile/impl/AbstractPseudoInstruction$ExceptionCatchImpl
Event: 0,154 Loading class jdk/internal/classfile/impl/AbstractPseudoInstruction
Event: 0,154 Loading class jdk/internal/classfile/impl/AbstractPseudoInstruction done
Event: 0,155 Loading class jdk/internal/classfile/impl/AbstractPseudoInstruction$ExceptionCatchImpl done
Event: 0,156 Loading class jdk/internal/classfile/impl/StackCounter
Event: 0,156 Loading class jdk/internal/classfile/impl/StackCounter done
Event: 0,156 Loading class jdk/internal/classfile/impl/StackCounter$Target
Event: 0,156 Loading class jdk/internal/classfile/impl/StackCounter$Target done

Classes unloaded (0 events):
No events

Classes redefined (0 events):
No events

Internal exceptions (2 events):
Event: 0,070 Thread 0x00007fe13c02c680 Exception <a 'java/lang/NoSuchMethodError'{0x000000071b3cea20}: 'java.lang.Object java.lang.invoke.Invokers$Holder.invokeExact_MT(java.lang.Object, java.lang.Object, java.lang.Object, java.lang.Object, java.lang.Object)'> (0x000000071b3cea20) 
thrown [src/hotspot/share/interpreter/linkResolver.cpp, line 814]
Event: 0,152 Thread 0x00007fe13c02c680 Exception <a 'java/lang/NoSuchMethodError'{0x000000071aab76c0}: 'void java.lang.invoke.DirectMethodHandle$Holder.invokeSpecial(java.lang.Object, java.lang.Object, java.lang.Object)'> (0x000000071aab76c0) 
thrown [src/hotspot/share/interpreter/linkResolver.cpp, line 814]

VM Operations (6 events):
Event: 0,076 Executing non-safepoint VM operation: HandshakeAllThreads (Deoptimize)
Event: 0,076 Executing non-safepoint VM operation: HandshakeAllThreads (Deoptimize) done
Event: 0,093 Executing non-safepoint VM operation: HandshakeAllThreads (Deoptimize)
Event: 0,093 Executing non-safepoint VM operation: HandshakeAllThreads (Deoptimize) done
Event: 0,145 Executing non-safepoint VM operation: HandshakeAllThreads (Deoptimize)
Event: 0,145 Executing non-safepoint VM operation: HandshakeAllThreads (Deoptimize) done

Memory protections (18 events):
Event: 0,001 Protecting memory [0x00007fe140601000,0x00007fe140605000] with protection modes 0
Event: 0,011 Protecting memory [0x0000000093000000,0x0000000093001000] with protection modes 0
Event: 0,020 Protecting memory [0x00007fe1139fa000,0x00007fe1139fe000] with protection modes 0
Event: 0,021 Protecting memory [0x00007fe1138f9000,0x00007fe1138fd000] with protection modes 0
Event: 0,021 Protecting memory [0x00007fe1136df000,0x00007fe1136e3000] with protection modes 0
Event: 0,021 Protecting memory [0x00007fe113300000,0x00007fe113304000] with protection modes 0
Event: 0,021 Protecting memory [0x00007fe113200000,0x00007fe113204000] with protection modes 0
Event: 0,021 Protecting memory [0x00007fe113100000,0x00007fe113104000] with protection modes 0
Event: 0,021 Protecting memory [0x00007fe113000000,0x00007fe113004000] with protection modes 0
Event: 0,021 Protecting memory [0x00007fe112f00000,0x00007fe112f04000] with protection modes 0
Event: 0,037 Protecting memory [0x00007fe112e00000,0x00007fe112e04000] with protection modes 0
Event: 0,038 Protecting memory [0x00007fe112d00000,0x00007fe112d04000] with protection modes 0
Event: 0,038 Protecting memory [0x00007fe112c00000,0x00007fe112c04000] with protection modes 0
Event: 0,041 Protecting memory [0x00007fe112b00000,0x00007fe112b04000] with protection modes 0
Event: 0,061 Protecting memory [0x00007fe112a00000,0x00007fe112a04000] with protection modes 0
Event: 0,072 Protecting memory [0x00007fe112900000,0x00007fe112904000] with protection modes 0
Event: 0,072 Protecting memory [0x00007fe112800000,0x00007fe112804000] with protection modes 0
Event: 0,191 Protecting memory [0x00007fe112300000,0x00007fe112304000] with protection modes 0

Nmethod flushes (0 events):
No events

Events (17 events):
Event: 0,013 Thread 0x00007fe13c02c680 Thread added: 0x00007fe13c02c680
Event: 0,020 Thread 0x00007fe13c02c680 Thread added: 0x00007fe13c14e1a0
Event: 0,021 Thread 0x00007fe13c02c680 Thread added: 0x00007fe13c1517a0
Event: 0,021 Thread 0x00007fe13c02c680 Thread added: 0x00007fe13c1529a0
Event: 0,021 Thread 0x00007fe13c02c680 Thread added: 0x00007fe13c154c10
Event: 0,021 Thread 0x00007fe13c02c680 Thread added: 0x00007fe13c156540
Event: 0,021 Thread 0x00007fe13c02c680 Thread added: 0x00007fe13c157dc0
Event: 0,021 Thread 0x00007fe13c02c680 Thread added: 0x00007fe13c159c40
Event: 0,021 Thread 0x00007fe13c02c680 Thread added: 0x00007fe13c15b630
Event: 0,037 Thread 0x00007fe13c15b630 Thread added: 0x00007fe0d802daa0
Event: 0,038 Thread 0x00007fe13c15b630 Thread added: 0x00007fe0d802f410
Event: 0,038 Thread 0x00007fe13c15b630 Thread added: 0x00007fe0d8040e30
Event: 0,041 Thread 0x00007fe0d8040e30 Thread added: 0x00007fe0d4023900
Event: 0,060 Thread 0x00007fe0d4023900 Thread added: 0x00007fe0c8014450
Event: 0,072 Thread 0x00007fe13c02c680 Thread added: 0x00007fe13c28e0a0
Event: 0,072 Thread 0x00007fe13c02c680 Thread added: 0x00007fe13c28ffc0
Event: 0,190 Thread 0x00007fe13c02c680 Thread added: 0x00007fe13c423150


Dynamic libraries:
93000000-93001000 ---p 00000000 00:00 0 
93001000-94cdf000 rw-p 00001000 00:22 7224115                            /app/jbr/lib/server/classes.jsa
94cdf000-95000000 ---p 00000000 00:00 0 
95000000-95020000 rw-p 00000000 00:00 0 
95020000-95040000 ---p 00000000 00:00 0 
95040000-95090000 rw-p 00000000 00:00 0 
95090000-d5000000 ---p 00000000 00:00 0 
70c400000-71b800000 rw-p 00000000 00:00 0 
71b800000-7ffc00000 ---p 00000000 00:00 0 
7ffc00000-7ffe4e000 rw-p 01d4e000 00:22 7224115                          /app/jbr/lib/server/classes.jsa
7ffe4e000-800000000 rw-p 00000000 00:00 0 
55b6ce9c4000-55b6ce9c5000 r--p 00000000 00:22 7223266                    /app/jbr/bin/java
55b6ce9c5000-55b6ce9c6000 r-xp 00001000 00:22 7223266                    /app/jbr/bin/java
55b6ce9c6000-55b6ce9c7000 r--p 00002000 00:22 7223266                    /app/jbr/bin/java
55b6ce9c7000-55b6ce9c8000 r--p 00002000 00:22 7223266                    /app/jbr/bin/java
55b6ce9c8000-55b6ce9c9000 rw-p 00003000 00:22 7223266                    /app/jbr/bin/java
55b70af7b000-55b70afc4000 rw-p 00000000 00:00 0                          [heap]
7fe0b0000000-7fe0b0021000 rw-p 00000000 00:00 0 
7fe0b0021000-7fe0b4000000 ---p 00000000 00:00 0 
7fe0b6800000-7fe0b700c000 r--p 00000000 00:22 5558720                    /home/sharonblancopiedra/.javacpp/cache/llvm-21.1.8-1.5.13-linux-x86_64.jar/org/bytedeco/llvm/linux-x86_64/libLLVM.so.21.1
7fe0b700c000-7fe0bc515000 r-xp 0080c000 00:22 5558720                    /home/sharonblancopiedra/.javacpp/cache/llvm-21.1.8-1.5.13-linux-x86_64.jar/org/bytedeco/llvm/linux-x86_64/libLLVM.so.21.1
7fe0bc515000-7fe0bfc93000 r--p 05d15000 00:22 5558720                    /home/sharonblancopiedra/.javacpp/cache/llvm-21.1.8-1.5.13-linux-x86_64.jar/org/bytedeco/llvm/linux-x86_64/libLLVM.so.21.1
7fe0bfc93000-7fe0bfe6e000 r--p 09492000 00:22 5558720                    /home/sharonblancopiedra/.javacpp/cache/llvm-21.1.8-1.5.13-linux-x86_64.jar/org/bytedeco/llvm/linux-x86_64/libLLVM.so.21.1
7fe0bfe6e000-7fe0bfeb5000 rw-p 0966d000 00:22 5558720                    /home/sharonblancopiedra/.javacpp/cache/llvm-21.1.8-1.5.13-linux-x86_64.jar/org/bytedeco/llvm/linux-x86_64/libLLVM.so.21.1
7fe0bfeb5000-7fe0bff85000 rw-p 00000000 00:00 0 
7fe0c0000000-7fe0c0021000 rw-p 00000000 00:00 0 
7fe0c0021000-7fe0c4000000 ---p 00000000 00:00 0 
7fe0c4000000-7fe0c4021000 rw-p 00000000 00:00 0 
7fe0c4021000-7fe0c8000000 ---p 00000000 00:00 0 
7fe0c8000000-7fe0c8139000 rw-p 00000000 00:00 0 
7fe0c8139000-7fe0cc000000 ---p 00000000 00:00 0 
7fe0cc000000-7fe0cc12e000 rw-p 00000000 00:00 0 
7fe0cc12e000-7fe0d0000000 ---p 00000000 00:00 0 
7fe0d0000000-7fe0d00cc000 rw-p 00000000 00:00 0 
7fe0d00cc000-7fe0d4000000 ---p 00000000 00:00 0 
7fe0d4000000-7fe0d40e4000 rw-p 00000000 00:00 0 
7fe0d40e4000-7fe0d8000000 ---p 00000000 00:00 0 
7fe0d8000000-7fe0d839d000 rw-p 00000000 00:00 0 
7fe0d839d000-7fe0dc000000 ---p 00000000 00:00 0 
7fe0dc000000-7fe0dc104000 rw-p 00000000 00:00 0 
7fe0dc104000-7fe0e0000000 ---p 00000000 00:00 0 
7fe0e0000000-7fe0e0021000 rw-p 00000000 00:00 0 
7fe0e0021000-7fe0e4000000 ---p 00000000 00:00 0 
7fe0e4000000-7fe0e42c5000 rw-p 00000000 00:00 0 
7fe0e42c5000-7fe0e8000000 ---p 00000000 00:00 0 
7fe0e8000000-7fe0e8021000 rw-p 00000000 00:00 0 
7fe0e8021000-7fe0ec000000 ---p 00000000 00:00 0 
7fe0ec000000-7fe0ec021000 rw-p 00000000 00:00 0 
7fe0ec021000-7fe0f0000000 ---p 00000000 00:00 0 
7fe0f0000000-7fe0f0110000 rw-p 00000000 00:00 0 
7fe0f0110000-7fe0f0400000 ---p 00000000 00:00 0 
7fe0f0400000-7fe0f05e0000 rw-p 00000000 00:00 0 
7fe0f05e0000-7fe0f4000000 ---p 00000000 00:00 0 
7fe0f4000000-7fe0f4021000 rw-p 00000000 00:00 0 
7fe0f4021000-7fe0f8000000 ---p 00000000 00:00 0 
7fe0f8000000-7fe0f8021000 rw-p 00000000 00:00 0 
7fe0f8021000-7fe0fc000000 ---p 00000000 00:00 0 
7fe0fc000000-7fe0fc021000 rw-p 00000000 00:00 0 
7fe0fc021000-7fe100000000 ---p 00000000 00:00 0 
7fe100000000-7fe100021000 rw-p 00000000 00:00 0 
7fe100021000-7fe104000000 ---p 00000000 00:00 0 
7fe104000000-7fe104021000 rw-p 00000000 00:00 0 
7fe104021000-7fe108000000 ---p 00000000 00:00 0 
7fe108000000-7fe108021000 rw-p 00000000 00:00 0 
7fe108021000-7fe10c000000 ---p 00000000 00:00 0 
7fe10c000000-7fe10c021000 rw-p 00000000 00:00 0 
7fe10c021000-7fe110000000 ---p 00000000 00:00 0 
7fe110e49000-7fe112300000 rw-p 00000000 00:00 0 
7fe112300000-7fe112304000 ---p 00000000 00:00 0 
7fe112304000-7fe112400000 rw-p 00000000 00:00 0 
7fe112400000-7fe1124aa000 r--p 00000000 00:22 5446339                    /usr/lib/x86_64-linux-gnu/libstdc++.so.6.0.34
7fe1124aa000-7fe112602000 r-xp 000aa000 00:22 5446339                    /usr/lib/x86_64-linux-gnu/libstdc++.so.6.0.34
7fe112602000-7fe112694000 r--p 00202000 00:22 5446339                    /usr/lib/x86_64-linux-gnu/libstdc++.so.6.0.34
7fe112694000-7fe1126a3000 r--p 00294000 00:22 5446339                    /usr/lib/x86_64-linux-gnu/libstdc++.so.6.0.34
7fe1126a3000-7fe1126a6000 rw-p 002a3000 00:22 5446339                    /usr/lib/x86_64-linux-gnu/libstdc++.so.6.0.34
7fe1126a6000-7fe1126aa000 rw-p 00000000 00:00 0 
7fe1126e0000-7fe11274b000 r--p 00000000 00:22 5558726                    /home/sharonblancopiedra/.javacpp/cache/llvm-21.1.8-1.5.13-linux-x86_64.jar/org/bytedeco/llvm/linux-x86_64/libjniLLVM.so
7fe11274b000-7fe1127cb000 r-xp 0006b000 00:22 5558726                    /home/sharonblancopiedra/.javacpp/cache/llvm-21.1.8-1.5.13-linux-x86_64.jar/org/bytedeco/llvm/linux-x86_64/libjniLLVM.so
7fe1127cb000-7fe1127f7000 r--p 000eb000 00:22 5558726                    /home/sharonblancopiedra/.javacpp/cache/llvm-21.1.8-1.5.13-linux-x86_64.jar/org/bytedeco/llvm/linux-x86_64/libjniLLVM.so
7fe1127f7000-7fe1127f8000 ---p 00117000 00:22 5558726                    /home/sharonblancopiedra/.javacpp/cache/llvm-21.1.8-1.5.13-linux-x86_64.jar/org/bytedeco/llvm/linux-x86_64/libjniLLVM.so
7fe1127f8000-7fe1127fb000 r--p 00117000 00:22 5558726                    /home/sharonblancopiedra/.javacpp/cache/llvm-21.1.8-1.5.13-linux-x86_64.jar/org/bytedeco/llvm/linux-x86_64/libjniLLVM.so
7fe1127fb000-7fe1127ff000 rw-p 0011a000 00:22 5558726                    /home/sharonblancopiedra/.javacpp/cache/llvm-21.1.8-1.5.13-linux-x86_64.jar/org/bytedeco/llvm/linux-x86_64/libjniLLVM.so
7fe1127ff000-7fe112800000 rw-p 00000000 00:00 0 
7fe112800000-7fe112804000 ---p 00000000 00:00 0 
7fe112804000-7fe112900000 rw-p 00000000 00:00 0 
7fe112900000-7fe112904000 ---p 00000000 00:00 0 
7fe112904000-7fe112a00000 rw-p 00000000 00:00 0 
7fe112a00000-7fe112a04000 ---p 00000000 00:00 0 
7fe112a04000-7fe112b00000 rw-p 00000000 00:00 0 
7fe112b00000-7fe112b04000 ---p 00000000 00:00 0 
7fe112b04000-7fe112c00000 rw-p 00000000 00:00 0 
7fe112c00000-7fe112c04000 ---p 00000000 00:00 0 
7fe112c04000-7fe112d00000 rw-p 00000000 00:00 0 
7fe112d00000-7fe112d04000 ---p 00000000 00:00 0 
7fe112d04000-7fe112e00000 rw-p 00000000 00:00 0 
7fe112e00000-7fe112e04000 ---p 00000000 00:00 0 
7fe112e04000-7fe112f00000 rw-p 00000000 00:00 0 
7fe112f00000-7fe112f04000 ---p 00000000 00:00 0 
7fe112f04000-7fe113000000 rw-p 00000000 00:00 0 
7fe113000000-7fe113004000 ---p 00000000 00:00 0 
7fe113004000-7fe113100000 rw-p 00000000 00:00 0 
7fe113100000-7fe113104000 ---p 00000000 00:00 0 
7fe113104000-7fe113200000 rw-p 00000000 00:00 0 
7fe113200000-7fe113204000 ---p 00000000 00:00 0 
7fe113204000-7fe113300000 rw-p 00000000 00:00 0 
7fe113300000-7fe113304000 ---p 00000000 00:00 0 
7fe113304000-7fe113400000 rw-p 00000000 00:00 0 
7fe113400000-7fe113678000 r--p 00000000 00:22 551291                     /usr/share/runtime/locale/es/lib/es_ES.utf8/LC_COLLATE
7fe1136b8000-7fe1136c1000 r--p 00000000 00:22 5558732                    /home/sharonblancopiedra/.javacpp/cache/javacpp-1.5.13-linux-x86_64.jar/org/bytedeco/javacpp/linux-x86_64/libjnijavacpp.so
7fe1136c1000-7fe1136d3000 r-xp 00009000 00:22 5558732                    /home/sharonblancopiedra/.javacpp/cache/javacpp-1.5.13-linux-x86_64.jar/org/bytedeco/javacpp/linux-x86_64/libjnijavacpp.so
7fe1136d3000-7fe1136dd000 r--p 0001b000 00:22 5558732                    /home/sharonblancopiedra/.javacpp/cache/javacpp-1.5.13-linux-x86_64.jar/org/bytedeco/javacpp/linux-x86_64/libjnijavacpp.so
7fe1136dd000-7fe1136de000 r--p 00024000 00:22 5558732                    /home/sharonblancopiedra/.javacpp/cache/javacpp-1.5.13-linux-x86_64.jar/org/bytedeco/javacpp/linux-x86_64/libjnijavacpp.so
7fe1136de000-7fe1136df000 rw-p 00025000 00:22 5558732                    /home/sharonblancopiedra/.javacpp/cache/javacpp-1.5.13-linux-x86_64.jar/org/bytedeco/javacpp/linux-x86_64/libjnijavacpp.so
7fe1136df000-7fe1136e3000 ---p 00000000 00:00 0 
7fe1136e3000-7fe1137df000 rw-p 00000000 00:00 0 
7fe1137df000-7fe1138f9000 rw-p 00000000 00:00 0 
7fe1138f9000-7fe1138fd000 ---p 00000000 00:00 0 
7fe1138fd000-7fe1139fa000 rw-p 00000000 00:00 0 
7fe1139fa000-7fe1139fe000 ---p 00000000 00:00 0 
7fe1139fe000-7fe113eff000 rw-p 00000000 00:00 0 
7fe113eff000-7fe114021000 rw-p 00000000 00:00 0 
7fe114021000-7fe118000000 ---p 00000000 00:00 0 
7fe118000000-7fe118021000 rw-p 00000000 00:00 0 
7fe118021000-7fe11c000000 ---p 00000000 00:00 0 
7fe11c000000-7fe11c021000 rw-p 00000000 00:00 0 
7fe11c021000-7fe120000000 ---p 00000000 00:00 0 
7fe120020000-7fe120027000 r--p 00000000 00:22 5558722                    /home/sharonblancopiedra/.javacpp/cache/llvm-21.1.8-1.5.13-linux-x86_64.jar/org/bytedeco/llvm/linux-x86_64/libLTO.so.21.1
7fe120027000-7fe120030000 r-xp 00007000 00:22 5558722                    /home/sharonblancopiedra/.javacpp/cache/llvm-21.1.8-1.5.13-linux-x86_64.jar/org/bytedeco/llvm/linux-x86_64/libLTO.so.21.1
7fe120030000-7fe120032000 r--p 00010000 00:22 5558722                    /home/sharonblancopiedra/.javacpp/cache/llvm-21.1.8-1.5.13-linux-x86_64.jar/org/bytedeco/llvm/linux-x86_64/libLTO.so.21.1
7fe120032000-7fe120033000 r--p 00011000 00:22 5558722                    /home/sharonblancopiedra/.javacpp/cache/llvm-21.1.8-1.5.13-linux-x86_64.jar/org/bytedeco/llvm/linux-x86_64/libLTO.so.21.1
7fe120033000-7fe120034000 rw-p 00012000 00:22 5558722                    /home/sharonblancopiedra/.javacpp/cache/llvm-21.1.8-1.5.13-linux-x86_64.jar/org/bytedeco/llvm/linux-x86_64/libLTO.so.21.1
7fe120034000-7fe120038000 r--p 00000000 00:22 5449461                    /usr/lib/x86_64-linux-gnu/libgcc_s.so.1
7fe120038000-7fe12005b000 r-xp 00004000 00:22 5449461                    /usr/lib/x86_64-linux-gnu/libgcc_s.so.1
7fe12005b000-7fe12005f000 r--p 00027000 00:22 5449461                    /usr/lib/x86_64-linux-gnu/libgcc_s.so.1
7fe12005f000-7fe120060000 r--p 0002a000 00:22 5449461                    /usr/lib/x86_64-linux-gnu/libgcc_s.so.1
7fe120060000-7fe120061000 rw-p 0002b000 00:22 5449461                    /usr/lib/x86_64-linux-gnu/libgcc_s.so.1
7fe120074000-7fe120076000 r--p 00000000 00:22 6694058                    /app/jbr/lib/libnet.so
7fe120076000-7fe12007e000 r-xp 00002000 00:22 6694058                    /app/jbr/lib/libnet.so
7fe12007e000-7fe120080000 r--p 0000a000 00:22 6694058                    /app/jbr/lib/libnet.so
7fe120080000-7fe120081000 r--p 0000b000 00:22 6694058                    /app/jbr/lib/libnet.so
7fe120081000-7fe120082000 rw-p 00000000 00:00 0 
7fe120082000-7fe120089000 r--p 00000000 00:22 6691221                    /app/jbr/lib/libnio.so
7fe120089000-7fe120092000 r-xp 00007000 00:22 6691221                    /app/jbr/lib/libnio.so
7fe120092000-7fe120096000 r--p 00010000 00:22 6691221                    /app/jbr/lib/libnio.so
7fe120096000-7fe120097000 ---p 00014000 00:22 6691221                    /app/jbr/lib/libnio.so
7fe120097000-7fe120098000 r--p 00014000 00:22 6691221                    /app/jbr/lib/libnio.so
7fe120098000-7fe120099000 rw-p 00015000 00:22 6691221                    /app/jbr/lib/libnio.so
7fe120099000-7fe1200f3000 r--p 00000000 00:22 210030                     /usr/share/runtime/locale/es/lib/es_ES.utf8/LC_CTYPE
7fe1200f3000-7fe122e00000 rw-p 00000000 00:00 0 
7fe122e06000-7fe122e07000 r--p 00000000 00:22 5558724                    /home/sharonblancopiedra/.javacpp/cache/llvm-21.1.8-1.5.13-linux-x86_64.jar/org/bytedeco/llvm/linux-x86_64/libRemarks.so.21.1
7fe122e07000-7fe122e08000 r-xp 00001000 00:22 5558724                    /home/sharonblancopiedra/.javacpp/cache/llvm-21.1.8-1.5.13-linux-x86_64.jar/org/bytedeco/llvm/linux-x86_64/libRemarks.so.21.1
7fe122e08000-7fe122e09000 r--p 00002000 00:22 5558724                    /home/sharonblancopiedra/.javacpp/cache/llvm-21.1.8-1.5.13-linux-x86_64.jar/org/bytedeco/llvm/linux-x86_64/libRemarks.so.21.1
7fe122e09000-7fe122e0a000 r--p 00002000 00:22 5558724                    /home/sharonblancopiedra/.javacpp/cache/llvm-21.1.8-1.5.13-linux-x86_64.jar/org/bytedeco/llvm/linux-x86_64/libRemarks.so.21.1
7fe122e0a000-7fe122e0b000 rw-p 00003000 00:22 5558724                    /home/sharonblancopiedra/.javacpp/cache/llvm-21.1.8-1.5.13-linux-x86_64.jar/org/bytedeco/llvm/linux-x86_64/libRemarks.so.21.1
7fe122e0b000-7fe122e0c000 r--p 00000000 00:22 6691381                    /app/jbr/lib/libsimdsort.so
7fe122e0c000-7fe122e45000 r-xp 00001000 00:22 6691381                    /app/jbr/lib/libsimdsort.so
7fe122e45000-7fe122e4b000 r--p 0003a000 00:22 6691381                    /app/jbr/lib/libsimdsort.so
7fe122e4b000-7fe122e4c000 r--p 0003f000 00:22 6691381                    /app/jbr/lib/libsimdsort.so
7fe122e4c000-7fe122fcf000 rw-p 00000000 00:00 0 
7fe122fcf000-7fe1232d2000 rw-p 00000000 00:00 0 
7fe1232d2000-7fe12379a000 rw-p 00000000 00:00 0 
7fe12379a000-7fe1270aa000 ---p 00000000 00:00 0 
7fe1270aa000-7fe127134000 rw-p 00000000 00:00 0 
7fe127134000-7fe127856000 ---p 00000000 00:00 0 
7fe127856000-7fe1278d2000 rw-p 00000000 00:00 0 
7fe1278d2000-7fe127ff4000 ---p 00000000 00:00 0 
7fe127ff4000-7fe128a00000 rw-p 00000000 00:00 0 
7fe128a00000-7fe128c70000 rwxp 00000000 00:00 0 
7fe128c70000-7fe12fe5f000 ---p 00000000 00:00 0 
7fe12fe5f000-7fe13017f000 rwxp 00000000 00:00 0 
7fe13017f000-7fe13059f000 ---p 00000000 00:00 0 
7fe13059f000-7fe13080f000 rwxp 00000000 00:00 0 
7fe13080f000-7fe137a00000 ---p 00000000 00:00 0 
7fe137a00000-7fe13be2c000 r--s 00000000 00:22 7224009                    /app/jbr/lib/modules
7fe13be2f000-7fe13be30000 r--p 00000000 00:22 6693197                    /app/jbr/lib/libextnet.so
7fe13be30000-7fe13be31000 r-xp 00001000 00:22 6693197                    /app/jbr/lib/libextnet.so
7fe13be31000-7fe13be32000 r--p 00002000 00:22 6693197                    /app/jbr/lib/libextnet.so
7fe13be32000-7fe13be33000 r--p 00002000 00:22 6693197                    /app/jbr/lib/libextnet.so
7fe13be33000-7fe13be34000 rw-p 00000000 00:00 0 
7fe13be34000-7fe13be55000 r--p 00000000 00:22 552484                     /usr/share/runtime/locale/es/share/es/LC_MESSAGES/libc.mo
7fe13be55000-7fe13be57000 r--p 00000000 00:22 6691338                    /app/jbr/lib/libzip.so
7fe13be57000-7fe13be5b000 r-xp 00002000 00:22 6691338                    /app/jbr/lib/libzip.so
7fe13be5b000-7fe13be5d000 r--p 00006000 00:22 6691338                    /app/jbr/lib/libzip.so
7fe13be5d000-7fe13be5e000 r--p 00007000 00:22 6691338                    /app/jbr/lib/libzip.so
7fe13be5e000-7fe13be5f000 rw-p 00000000 00:00 0 
7fe13be5f000-7fe13be60000 r--p 00000000 00:22 194725                     /usr/share/runtime/locale/es/lib/es_ES.utf8/LC_NUMERIC
7fe13be60000-7fe13be61000 r--p 00000000 00:22 552000                     /usr/share/runtime/locale/es/lib/es_ES.utf8/LC_TIME
7fe13be61000-7fe13be62000 r--p 00000000 00:22 551928                     /usr/share/runtime/locale/es/lib/es_ES.utf8/LC_MONETARY
7fe13be62000-7fe13be63000 r--p 00000000 00:22 551367                     /usr/share/runtime/locale/es/lib/es_ES.utf8/LC_MESSAGES/SYS_LC_MESSAGES
7fe13be63000-7fe13c55c000 rw-p 00000000 00:00 0 
7fe13c55c000-7fe140000000 ---p 00000000 00:00 0 
7fe140000000-7fe140001000 r--p 00000000 00:22 184433                     /usr/share/runtime/locale/es/lib/es_ES.utf8/LC_PAPER
7fe140001000-7fe140008000 r--s 00000000 00:22 186340                     /usr/lib/x86_64-linux-gnu/gconv/gconv-modules.cache
7fe140008000-7fe140411000 rw-p 00000000 00:00 0 
7fe140411000-7fe1404f5000 ---p 00000000 00:00 0 
7fe1404f5000-7fe1404fa000 rw-p 00000000 00:00 0 
7fe1404fa000-7fe1405de000 ---p 00000000 00:00 0 
7fe1405de000-7fe1405ea000 r--p 00000000 00:22 7224276                    /app/jbr/lib/libjava.so
7fe1405ea000-7fe1405f8000 r-xp 0000c000 00:22 7224276                    /app/jbr/lib/libjava.so
7fe1405f8000-7fe1405fd000 r--p 0001a000 00:22 7224276                    /app/jbr/lib/libjava.so
7fe1405fd000-7fe1405fe000 ---p 0001f000 00:22 7224276                    /app/jbr/lib/libjava.so
7fe1405fe000-7fe1405ff000 r--p 0001f000 00:22 7224276                    /app/jbr/lib/libjava.so
7fe1405ff000-7fe140600000 rw-p 00020000 00:22 7224276                    /app/jbr/lib/libjava.so
7fe140600000-7fe140601000 rw-p 00000000 00:00 0 
7fe140601000-7fe140605000 ---p 00000000 00:00 0 
7fe140605000-7fe140701000 rw-p 00000000 00:00 0 
7fe140701000-7fe140713000 r--p 00000000 00:22 5447940                    /usr/lib/x86_64-linux-gnu/libm.so.6
7fe140713000-7fe14079c000 r-xp 00012000 00:22 5447940                    /usr/lib/x86_64-linux-gnu/libm.so.6
7fe14079c000-7fe1407fe000 r--p 0009b000 00:22 5447940                    /usr/lib/x86_64-linux-gnu/libm.so.6
7fe1407fe000-7fe1407ff000 r--p 000fc000 00:22 5447940                    /usr/lib/x86_64-linux-gnu/libm.so.6
7fe1407ff000-7fe140800000 rw-p 000fd000 00:22 5447940                    /usr/lib/x86_64-linux-gnu/libm.so.6
7fe140800000-7fe140adc000 r--p 00000000 00:22 7223863                    /app/jbr/lib/server/libjvm.so
7fe140adc000-7fe141a6d000 r-xp 002dc000 00:22 7223863                    /app/jbr/lib/server/libjvm.so
7fe141a6d000-7fe141d89000 r--p 0126d000 00:22 7223863                    /app/jbr/lib/server/libjvm.so
7fe141d89000-7fe141d8a000 ---p 01589000 00:22 7223863                    /app/jbr/lib/server/libjvm.so
7fe141d8a000-7fe141e73000 r--p 01589000 00:22 7223863                    /app/jbr/lib/server/libjvm.so
7fe141e73000-7fe141e9e000 rw-p 01672000 00:22 7223863                    /app/jbr/lib/server/libjvm.so
7fe141e9e000-7fe141f2a000 rw-p 00000000 00:00 0 
7fe141f2a000-7fe141f2b000 r--p 00000000 00:22 188851                     /usr/share/runtime/locale/es/lib/es_ES.utf8/LC_NAME
7fe141f2b000-7fe141f2c000 r--p 00000000 00:22 551086                     /usr/share/runtime/locale/es/lib/es_ES.utf8/LC_ADDRESS
7fe141f2c000-7fe141f33000 rw-p 00000000 00:00 0 
7fe141f33000-7fe141f3b000 ---p 00000000 00:00 0 
7fe141f3b000-7fe141f43000 rw-s 00000000 00:68 1344                       /tmp/hsperfdata_sharonblancopiedra/9688
7fe141f43000-7fe141f46000 r--p 00000000 00:22 6693041                    /app/jbr/lib/libjimage.so
7fe141f46000-7fe141f5a000 r-xp 00003000 00:22 6693041                    /app/jbr/lib/libjimage.so
7fe141f5a000-7fe141f60000 r--p 00017000 00:22 6693041                    /app/jbr/lib/libjimage.so
7fe141f60000-7fe141f61000 ---p 0001d000 00:22 6693041                    /app/jbr/lib/libjimage.so
7fe141f61000-7fe141f63000 r--p 0001d000 00:22 6693041                    /app/jbr/lib/libjimage.so
7fe141f63000-7fe141f64000 rw-p 0001f000 00:22 6693041                    /app/jbr/lib/libjimage.so
7fe141f64000-7fe141f65000 r--p 00000000 00:22 7205045                    /usr/lib/x86_64-linux-gnu/librt.so.1
7fe141f65000-7fe141f66000 r-xp 00001000 00:22 7205045                    /usr/lib/x86_64-linux-gnu/librt.so.1
7fe141f66000-7fe141f67000 r--p 00002000 00:22 7205045                    /usr/lib/x86_64-linux-gnu/librt.so.1
7fe141f67000-7fe141f68000 r--p 00002000 00:22 7205045                    /usr/lib/x86_64-linux-gnu/librt.so.1
7fe141f68000-7fe141f69000 rw-p 00003000 00:22 7205045                    /usr/lib/x86_64-linux-gnu/librt.so.1
7fe141f69000-7fe141f6d000 rw-p 00000000 00:00 0 
7fe141f6d000-7fe141f6e000 r--p 00000000 00:22 7205015                    /usr/lib/x86_64-linux-gnu/libpthread.so.0
7fe141f6e000-7fe141f6f000 r-xp 00001000 00:22 7205015                    /usr/lib/x86_64-linux-gnu/libpthread.so.0
7fe141f6f000-7fe141f70000 r--p 00002000 00:22 7205015                    /usr/lib/x86_64-linux-gnu/libpthread.so.0
7fe141f70000-7fe141f71000 r--p 00002000 00:22 7205015                    /usr/lib/x86_64-linux-gnu/libpthread.so.0
7fe141f71000-7fe141f72000 rw-p 00003000 00:22 7205015                    /usr/lib/x86_64-linux-gnu/libpthread.so.0
7fe141f72000-7fe141f73000 r--p 00000000 00:22 7204706                    /usr/lib/x86_64-linux-gnu/libdl.so.2
7fe141f73000-7fe141f74000 r-xp 00001000 00:22 7204706                    /usr/lib/x86_64-linux-gnu/libdl.so.2
7fe141f74000-7fe141f75000 r--p 00002000 00:22 7204706                    /usr/lib/x86_64-linux-gnu/libdl.so.2
7fe141f75000-7fe141f76000 r--p 00002000 00:22 7204706                    /usr/lib/x86_64-linux-gnu/libdl.so.2
7fe141f76000-7fe141f77000 rw-p 00003000 00:22 7204706                    /usr/lib/x86_64-linux-gnu/libdl.so.2
7fe141f77000-7fe141f7a000 r--p 00000000 00:22 5447087                    /usr/lib/x86_64-linux-gnu/libz.so.1.3.1
7fe141f7a000-7fe141f89000 r-xp 00003000 00:22 5447087                    /usr/lib/x86_64-linux-gnu/libz.so.1.3.1
7fe141f89000-7fe141f8f000 r--p 00012000 00:22 5447087                    /usr/lib/x86_64-linux-gnu/libz.so.1.3.1
7fe141f8f000-7fe141f90000 r--p 00018000 00:22 5447087                    /usr/lib/x86_64-linux-gnu/libz.so.1.3.1
7fe141f90000-7fe141f91000 rw-p 00019000 00:22 5447087                    /usr/lib/x86_64-linux-gnu/libz.so.1.3.1
7fe141f91000-7fe141fb9000 r--p 00000000 00:22 7204601                    /usr/lib/x86_64-linux-gnu/libc.so.6
7fe141fb9000-7fe14212e000 r-xp 00028000 00:22 7204601                    /usr/lib/x86_64-linux-gnu/libc.so.6
7fe14212e000-7fe14217d000 r--p 0019d000 00:22 7204601                    /usr/lib/x86_64-linux-gnu/libc.so.6
7fe14217d000-7fe142181000 r--p 001eb000 00:22 7204601                    /usr/lib/x86_64-linux-gnu/libc.so.6
7fe142181000-7fe142183000 rw-p 001ef000 00:22 7204601                    /usr/lib/x86_64-linux-gnu/libc.so.6
7fe142183000-7fe142190000 rw-p 00000000 00:00 0 
7fe142190000-7fe142191000 r--p 00000000 00:22 551099                     /usr/share/runtime/locale/es/lib/es_ES.utf8/LC_TELEPHONE
7fe142191000-7fe142192000 r--p 00000000 00:22 189272                     /usr/share/runtime/locale/es/lib/es_ES.utf8/LC_MEASUREMENT
7fe142192000-7fe142193000 r--p 00000000 00:22 550840                     /usr/share/runtime/locale/es/lib/es_ES.utf8/LC_IDENTIFICATION
7fe142193000-7fe142195000 r--p 00000000 00:22 6693699                    /app/jbr/lib/libinstrument.so
7fe142195000-7fe14219b000 r-xp 00002000 00:22 6693699                    /app/jbr/lib/libinstrument.so
7fe14219b000-7fe14219e000 r--p 00008000 00:22 6693699                    /app/jbr/lib/libinstrument.so
7fe14219e000-7fe14219f000 r--p 0000a000 00:22 6693699                    /app/jbr/lib/libinstrument.so
7fe14219f000-7fe1421a0000 rw-p 0000b000 00:22 6693699                    /app/jbr/lib/libinstrument.so
7fe1421a0000-7fe1421a1000 ---p 00000000 00:00 0 
7fe1421a1000-7fe1421a2000 r--p 00000000 00:00 0 
7fe1421a2000-7fe1421a3000 ---p 00000000 00:00 0 
7fe1421a3000-7fe1421a5000 r--p 00000000 00:22 6693557                    /app/jbr/lib/libjli.so
7fe1421a5000-7fe1421af000 r-xp 00002000 00:22 6693557                    /app/jbr/lib/libjli.so
7fe1421af000-7fe1421b2000 r--p 0000c000 00:22 6693557                    /app/jbr/lib/libjli.so
7fe1421b2000-7fe1421b3000 ---p 0000f000 00:22 6693557                    /app/jbr/lib/libjli.so
7fe1421b3000-7fe1421b4000 r--p 0000f000 00:22 6693557                    /app/jbr/lib/libjli.so
7fe1421b4000-7fe1421b5000 rw-p 00010000 00:22 6693557                    /app/jbr/lib/libjli.so
7fe1421b5000-7fe1421b7000 rw-p 00000000 00:00 0 
7fe1421b7000-7fe1421bb000 r--p 00000000 00:00 0                          [vvar]
7fe1421bb000-7fe1421bd000 r--p 00000000 00:00 0                          [vvar_vclock]
7fe1421bd000-7fe1421bf000 r-xp 00000000 00:00 0                          [vdso]
7fe1421bf000-7fe1421c0000 r--p 00000000 00:22 7204874                    /usr/lib/x86_64-linux-gnu/ld-linux-x86-64.so.2
7fe1421c0000-7fe1421ea000 r-xp 00001000 00:22 7204874                    /usr/lib/x86_64-linux-gnu/ld-linux-x86-64.so.2
7fe1421ea000-7fe1421f5000 r--p 0002b000 00:22 7204874                    /usr/lib/x86_64-linux-gnu/ld-linux-x86-64.so.2
7fe1421f5000-7fe1421f7000 r--p 00036000 00:22 7204874                    /usr/lib/x86_64-linux-gnu/ld-linux-x86-64.so.2
7fe1421f7000-7fe1421f8000 rw-p 00038000 00:22 7204874                    /usr/lib/x86_64-linux-gnu/ld-linux-x86-64.so.2
7fe1421f8000-7fe1421f9000 rw-p 00000000 00:00 0 
7ffc83603000-7ffc83625000 rw-p 00000000 00:00 0                          [stack]
ffffffffff600000-ffffffffff601000 --xp 00000000 00:00 0                  [vsyscall]
Total number of mappings: 285

JVMTI agents:
/app/lib/idea_rt.jar path:none, loaded, initialized, instrumentlib options:36383


VM Arguments:
jvm_args: -javaagent:/app/lib/idea_rt.jar=36383 -Dfile.encoding=UTF-8 -Dsun.stdout.encoding=UTF-8 -Dsun.stderr.encoding=UTF-8 -Dawt.toolkit.name=XToolkit 
java_command: Main
java_class_path (initial): /home/sharonblancopiedra/Documents/VII SEMESTRE/COMPILADORES/SEMANA 12/AlphaCompilerLLVM/target/classes:/home/sharonblancopiedra/.m2/repository/org/bytedeco/llvm/21.1.8-1.5.13/llvm-21.1.8-1.5.13.jar:/home/sharonblancopiedra/.m2/repository/org/bytedeco/javacpp/1.5.13/javacpp-1.5.13.jar:/home/sharonblancopiedra/.m2/repository/org/bytedeco/llvm-platform/21.1.8-1.5.13/llvm-platform-21.1.8-1.5.13.jar:/home/sharonblancopiedra/.m2/repository/org/bytedeco/javacpp-platform/1.5.13/javacpp-platform-1.5.13.jar:/home/sharonblancopiedra/.m2/repository/org/bytedeco/javacpp/1.5.13/javacpp-1.5.13-android-arm64.jar:/home/sharonblancopiedra/.m2/repository/org/bytedeco/javacpp/1.5.13/javacpp-1.5.13-android-x86_64.jar:/home/sharonblancopiedra/.m2/repository/org/bytedeco/javacpp/1.5.13/javacpp-1.5.13-ios-arm64.jar:/home/sharonblancopiedra/.m2/repository/org/bytedeco/javacpp/1.5.13/javacpp-1.5.13-ios-x86_64.jar:/home/sharonblancopiedra/.m2/repository/org/bytedeco/javacpp/1.5.13/javacpp-1.5.13-linux-arm64.jar:/home/sharonblancopiedra/.m2/repository/org/bytedeco/javacpp/1.5.13/javacpp-1.5.13-linux-ppc64le.jar:/home/sharonblancopiedra/.m2/repository/org/bytedeco/javacpp/1.5.13/javacpp-1.5.13-linux-riscv64.jar:/home/sharonblancopiedra/.m2/repository/org/bytedeco/javacpp/1.5.13/javacpp-1.5.13-linux-x86_64.jar:/home/sharonblancopiedra/.m2/repository/org/bytedeco/javacpp/1.5.13/javacpp-1.5.13-macosx-arm64.jar:/home/sharonblancopiedra/.m2/repository/org/bytedeco/javacpp/1.5.13/javacpp-1.5.13-macosx-x86_64.jar:/home/sharonblancopiedra/.m2/repository/org/bytedeco/javacpp/1.5.13/javacpp-1.5.13-windows-arm64.jar:/home/sharonblancopiedra/.m2/repository/org/bytedeco/javacpp/1.5.13/javacpp-1.5.13-windows-x86_64.jar:/home/sharonblancopiedra/.m2/repository/org/bytedeco/llvm/21.1.8-1.5.13/llvm-21.1.8-1.5.13-linux-x86_64.jar:/home/sharonblancopiedra/.m2/repository/org/bytedeco/llvm/21.1.8-1.5.13/llvm-21.1.8-1.5.13-linux-arm64.jar:/home/sharonblancopiedra/.m2/repository/org/bytedeco/llvm/21.1.8-1.5.13/llvm-21.1.8-1.5.13-macosx-arm64.jar:/home/sharonblancopiedra/.m2/repository/org/bytedeco/llvm/21.1.8-1.5.13/llvm-21.1.8-1.5.13-macosx-x86_64.jar:/home/sharonblancopiedra/.m2/repository/org/bytedeco/llvm/21.1.8-1.5.13/llvm-21.1.8-1.5.13-windows-arm64.jar:/home/sharonblancopiedra/.m2/repository/org/bytedeco/llvm/21.1.8-1.5.13/llvm-21.1.8-1.5.13-windows-x86_64.jar:/home/sharonblancopiedra/.m2/repository/org/antlr/antlr4-runtime/4.13.2/antlr4-runtime-4.13.2.jar
Launcher Type: SUN_STANDARD

[Global flags]
     intx CICompilerCount                          = 12                                        {product} {ergonomic}
     uint ConcGCThreads                            = 4                                         {product} {ergonomic}
     uint G1ConcRefinementThreads                  = 15                                        {product} {ergonomic}
   size_t G1HeapRegionSize                         = 2097152                                   {product} {ergonomic}
   size_t InitialHeapSize                          = 255852544                                 {product} {ergonomic}
   size_t MarkStackSize                            = 4194304                                   {product} {ergonomic}
   size_t MarkStackSizeMax                         = 536870912                                 {product} {ergonomic}
   size_t MaxHeapSize                              = 4089446400                                {product} {ergonomic}
   size_t MaxNewSize                               = 2453667840                                {product} {ergonomic}
   size_t MinHeapDeltaBytes                        = 2097152                                   {product} {ergonomic}
   size_t MinHeapSize                              = 8388608                                   {product} {ergonomic}
    uintx NonNMethodCodeHeapSize                   = 7602176                                {pd product} {ergonomic}
    uintx NonProfiledCodeHeapSize                  = 122032128                              {pd product} {ergonomic}
    uintx ProfiledCodeHeapSize                     = 122023936                              {pd product} {ergonomic}
    uintx ReservedCodeCacheSize                    = 251658240                              {pd product} {ergonomic}
     bool SegmentedCodeCache                       = true                                      {product} {ergonomic}
   size_t SoftMaxHeapSize                          = 4089446400                             {manageable} {ergonomic}
     bool UseCompressedOops                        = true                           {product lp64_product} {ergonomic}
     bool UseG1GC                                  = true                                      {product} {ergonomic}

Logging:
Log output configuration:
 #0: stdout all=warning uptime,level,tags foldmultilines=false
 #1: stderr all=off uptime,level,tags foldmultilines=false

Release file:
JAVA_VERSION="25.0.2"
MODULES="java.base java.datatransfer java.xml java.prefs java.desktop gluegen.rt java.compiler java.instrument java.logging java.management java.security.sasl java.naming java.rmi java.management.rmi java.net.http java.scripting java.security.jgss java.transaction.xa java.sql java.sql.rowset java.xml.crypto java.se java.smartcardio jogl.all jcef jdk.accessibility jdk.internal.jvmstat jdk.attach jdk.charsets jdk.internal.opt jdk.zipfs jdk.compiler jdk.crypto.cryptoki jdk.crypto.ec jdk.dynalink jdk.hotspot.agent jdk.httpserver jdk.internal.ed jdk.internal.le jdk.internal.md jdk.internal.vm.ci jdk.javadoc jdk.jcmd jdk.jdwp.agent jdk.jdi jdk.jfr jdk.localedata jdk.management jdk.management.agent jdk.management.jfr jdk.naming.dns jdk.naming.rmi jdk.net jdk.sctp jdk.security.auth jdk.security.jgss jdk.unsupported jdk.unsupported.desktop jdk.xml.dom"
IMPLEMENTOR="JetBrains s.r.o."
IMPLEMENTOR_VERSION="JBR-25.0.2+10-329.117-jcef"
JAVA_RUNTIME_VERSION="25.0.2+10-b329.117"
LIBC="gnu"
OS_ARCH="x86_64"
OS_NAME="Linux"
SOURCE=".:git:b692a8ec6ff7+ jcef_git:git:4a605f44671a"
JCEF_VERSION="137.0.17.1142+g68de80b"
JCEF_COMMIT_HASH="68de80bc86de497c8d0632ad0f8fe33625b33bff"
JCEF_VERSION_DETAILED=137.0.17-gf354b0e-chromium-137.0.7151.104-api-1.21-261-b81

Environment Variables:
JAVA_HOME=/app/jbr
PATH=/app/bin:/usr/bin:/home/sharonblancopiedra/.var/app/com.jetbrains.IntelliJ-IDEA-Ultimate/data/node/bin:/home/sharonblancopiedra/.var/app/com.jetbrains.IntelliJ-IDEA-Ultimate/data/cargo/bin:/home/sharonblancopiedra/.var/app/com.jetbrains.IntelliJ-IDEA-Ultimate/data/python/bin
USERNAME=sharonblancopiedra
XDG_CACHE_HOME=/home/sharonblancopiedra/.var/app/com.jetbrains.IntelliJ-IDEA-Ultimate/cache
XDG_CONFIG_HOME=/home/sharonblancopiedra/.var/app/com.jetbrains.IntelliJ-IDEA-Ultimate/config
LD_LIBRARY_PATH=
SHELL=/bin/sh
WAYLAND_DISPLAY=wayland-0
LANG=es_ES.UTF-8

Active Locale:
LC_ALL=es_ES.UTF-8
LC_COLLATE=es_ES.UTF-8
LC_CTYPE=es_ES.UTF-8
LC_MESSAGES=es_ES.UTF-8
LC_MONETARY=es_ES.UTF-8
LC_NUMERIC=es_ES.UTF-8
LC_TIME=es_ES.UTF-8

Signal Handlers:
   SIGSEGV: 0x00007fe141999dc0 in libjvm.so+18456000, mask=11100100010111111101111111111110, flags=SA_RESTART|SA_SIGINFO, unblocked
    SIGBUS: 0x00007fe141999dc0 in libjvm.so+18456000, mask=11100100010111111101111111111110, flags=SA_RESTART|SA_SIGINFO, unblocked
    SIGFPE: 0x00007fe141999dc0 in libjvm.so+18456000, mask=11100100010111111101111111111110, flags=SA_RESTART|SA_SIGINFO, unblocked
   SIGPIPE: 0x00007fe1417e9b60 in libjvm.so+16685920, mask=11100100010111111101111111111110, flags=SA_RESTART|SA_SIGINFO, blocked
   SIGXFSZ: 0x00007fe1417e9b60 in libjvm.so+16685920, mask=11100100010111111101111111111110, flags=SA_RESTART|SA_SIGINFO, blocked
    SIGILL: 0x00007fe141999dc0 in libjvm.so+18456000, mask=11100100010111111101111111111110, flags=SA_RESTART|SA_SIGINFO, unblocked
   SIGUSR2: 0x00007fe1417eb180 in libjvm.so+16691584, mask=00000000000000000000000000000000, flags=SA_RESTART|SA_SIGINFO, blocked
    SIGHUP: 0x00007fe1417e8e20 in libjvm.so+16682528, mask=11100100010111111101111111111110, flags=SA_RESTART|SA_SIGINFO, blocked
    SIGINT: 0x00007fe1417e8e20 in libjvm.so+16682528, mask=11100100010111111101111111111110, flags=SA_RESTART|SA_SIGINFO, blocked
   SIGTERM: 0x00007fe1417e8e20 in libjvm.so+16682528, mask=11100100010111111101111111111110, flags=SA_RESTART|SA_SIGINFO, blocked
   SIGQUIT: 0x00007fe1417e8e20 in libjvm.so+16682528, mask=11100100010111111101111111111110, flags=SA_RESTART|SA_SIGINFO, blocked
   SIGTRAP: 0x00007fe141999dc0 in libjvm.so+18456000, mask=11100100010111111101111111111110, flags=SA_RESTART|SA_SIGINFO, unblocked


Compilation memory statistics disabled.

Periodic native trim disabled

JNI global refs:
JNI global refs: 23, weak refs: 214

JNI global refs memory usage: 859, weak refs: 2753

Process memory usage:
Resident Set Size: 152808K (0% of 15968792K total physical memory with 7576980K free physical memory)

OOME stack traces (most recent first):
Classloader memory used:
Loader jdk.internal.loader.ClassLoaders$AppClassLoader                                 : 2162 K
Loader bootstrap                                                                       : 1176 K

---------------  S Y S T E M  ---------------

OS:
NAME="Freedesktop SDK"
VERSION="25.08 (Flatpak runtime)"
VERSION_ID=25.08
ID=org.freedesktop.platform
PRETTY_NAME="Freedesktop SDK 25.08 (Flatpak runtime)"
BUG_REPORT_URL=https://gitlab.com/freedesktop-sdk/freedesktop-sdk/issues
uname: Linux 7.0.4-100.fc43.x86_64 #1 SMP PREEMPT_DYNAMIC Thu May  7 18:45:35 UTC 2026 x86_64
OS uptime: 0 days 1:42 hours
libc: glibc 2.42 NPTL 2.42 
rlimit (soft/hard): STACK 8192k/infinity , CORE infinity/infinity , NPROC 61707/61707 , NOFILE 1048576/1048576 , AS infinity/infinity , CPU infinity/infinity , DATA infinity/infinity , FSIZE infinity/infinity , MEMLOCK 8192k/8192k
load average: 1,54 1,60 1,53

/proc/meminfo:
MemTotal:       15968792 kB
MemFree:          519064 kB
MemAvailable:    7576980 kB
Buffers:             376 kB
Cached:          8412280 kB
SwapCached:        13268 kB
Active:          5573824 kB
Inactive:        8248812 kB
Active(anon):    3218252 kB
Inactive(anon):  3309744 kB
Active(file):    2355572 kB
Inactive(file):  4939068 kB
Unevictable:      388244 kB
Mlocked:            6180 kB
SwapTotal:       8388604 kB
SwapFree:        8272276 kB
Zswap:                 0 kB
Zswapped:              0 kB
Dirty:              4068 kB
Writeback:             0 kB
AnonPages:       5786616 kB
Mapped:          1414652 kB
Shmem:           1112912 kB
KReclaimable:     247860 kB
Slab:             627808 kB
SReclaimable:     247860 kB
SUnreclaim:       379948 kB
KernelStack:       29840 kB
PageTables:        74612 kB
SecPageTables:      2080 kB
NFS_Unstable:          0 kB
Bounce:                0 kB
WritebackTmp:          0 kB
CommitLimit:    16373000 kB
Committed_AS:   16760480 kB
VmallocTotal:   34359738367 kB
VmallocUsed:      304136 kB
VmallocChunk:          0 kB
Percpu:            23840 kB
HardwareCorrupted:     0 kB
AnonHugePages:         0 kB
ShmemHugePages:   595968 kB
ShmemPmdMapped:        0 kB
FileHugePages:         0 kB
FilePmdMapped:         0 kB
CmaTotal:              0 kB
CmaFree:               0 kB
Unaccepted:            0 kB
Balloon:               0 kB
HugePages_Total:       0
HugePages_Free:        0
HugePages_Rsvd:        0
HugePages_Surp:        0
Hugepagesize:       2048 kB
Hugetlb:               0 kB
DirectMap4k:      436896 kB
DirectMap2M:     6512640 kB
DirectMap1G:     9437184 kB

/sys/kernel/mm/transparent_hugepage/enabled: <Not Available>
/sys/kernel/mm/transparent_hugepage/hpage_pmd_size: <Not Available>
/sys/kernel/mm/transparent_hugepage/shmem_enabled: <Not Available>
/sys/kernel/mm/transparent_hugepage/defrag (defrag/compaction efforts parameter): <Not Available>

Process Memory:
Virtual Size: 7411556K (peak: 7456852K)
Resident Set Size: 152888K (peak: 152888K) (anon: 85480K, file: 67376K, shmem: 32K)
Swapped out: 0K
C-Heap outstanding allocations: 67153K, retained: 5806K
glibc malloc tunables: (default)

/proc/sys/kernel/threads-max (system-wide limit on the number of threads): 123414
/proc/sys/vm/max_map_count (maximum number of memory map areas a process may have): 1048576
/proc/sys/vm/swappiness (control to define how aggressively the kernel swaps out anonymous memory): 10
/proc/sys/kernel/pid_max (system-wide limit on number of process identifiers): 4194304

container information not found.
Steal ticks since vm start: 0
Steal ticks percentage since vm start:  0,000

CPU: total 20 (initial active 20) (20 cores per cpu, 1 threads per core) family 6 model 154 stepping 3 microcode 0x43b, cx8, cmov, fxsr, mmx, 3dnowpref, sse, sse2, sse3, ssse3, sse4.1, sse4.2, popcnt, lzcnt, tsc, tscinvbit, avx, avx2, aes, erms, clmul, bmi1, bmi2, adx, sha, fma, vzeroupper, clflush, clflushopt, clwb, serialize, rdtscp, rdpid, fsrm, gfni, f16c, pku, ospke, cet_ibt, cet_ss
CPU Model and flags from /proc/cpuinfo:
model name	: 12th Gen Intel(R) Core(TM) i7-12700H
flags		: fpu vme de pse tsc msr pae mce cx8 apic sep mtrr pge mca cmov pat pse36 clflush dts acpi mmx fxsr sse sse2 ss ht tm pbe syscall nx pdpe1gb rdtscp lm constant_tsc art arch_perfmon pebs bts rep_good nopl xtopology nonstop_tsc cpuid aperfmperf tsc_known_freq pni pclmulqdq dtes64 monitor ds_cpl vmx smx est tm2 ssse3 sdbg fma cx16 xtpr pdcm pcid sse4_1 sse4_2 x2apic movbe popcnt tsc_deadline_timer aes xsave avx f16c rdrand lahf_lm abm 3dnowprefetch cpuid_fault epb ssbd ibrs ibpb stibp ibrs_enhanced tpr_shadow flexpriority ept vpid ept_ad fsgsbase tsc_adjust bmi1 avx2 smep bmi2 erms invpcid rdseed adx smap clflushopt clwb intel_pt sha_ni xsaveopt xsavec xgetbv1 xsaves split_lock_detect user_shstk avx_vnni dtherm ida arat pln pts hwp hwp_notify hwp_act_window hwp_epp hwp_pkg_req hfi vnmi umip pku ospke waitpkg gfni vaes vpclmulqdq rdpid movdiri movdir64b fsrm md_clear serialize arch_lbr ibt flush_l1d arch_capabilities

Online cpus: 0-19
Offline cpus: 
BIOS frequency limitation: <Not Available>
Frequency switch latency (ns): 0
Available cpu frequencies: <Not Available>
Current governor: powersave
Core performance/turbo boost: <Not Available>

Memory: 4k page, physical 15968792k(7576980k free), swap 8388604k(8272276k free)
Page Sizes: 4k

vm_info: OpenJDK 64-Bit Server VM (25.0.2+10-b329.117) for linux-amd64 JRE (25.0.2+10-b329.117), built on 2026-04-20 with gcc 10.3.1 20210422 (Red Hat 10.3.1-1.2.0.1)

END.
